MPLINK 4.1, Linker
Linker Map File - Created Mon Aug 31 20:04:13 2009

                                 Section Info
                  Section       Type    Address   Location Size(Bytes)
                ---------  ---------  ---------  ---------  ---------
               _entry_scn       code   0x000000    program   0x000006
                   .cinit    romdata   0x00002a    program   0x000002
         .code_vfprintf.o       code   0x00002c    program   0x000c22
             .code_main.o       code   0x000c4e    program   0x0001c8
           .code_RenLCD.o       code   0x000e16    program   0x000104
          .code_sprintf.o       code   0x000f1a    program   0x0000ac
               _cinit_scn       code   0x000fc6    program   0x00009e
             .code_putc.o       code   0x001064    program   0x000084
          .code_fxm3232.o       code   0x0010e8    program   0x000070
                   STRING       code   0x001158    program   0x000066
                     PROG       code   0x0011be    program   0x00005a
         .code_fxd3232u.o       code   0x001218    program   0x000048
             D10KTCYXCODE       code   0x001260    program   0x00002e
                    CTYPE       code   0x00128e    program   0x000024
              D1KTCYXCODE       code   0x0012b2    program   0x000020
             _startup_scn       code   0x0012d2    program   0x00001c
                    STDIO       code   0x0012ee    program   0x00001c
      .romdata_vfprintf.o    romdata   0x00130a    program   0x000011
             .stringtable    romdata   0x00131b    program   0x00000a
       .code__user_putc.o       code   0x001326    program   0x000002
           .code___init.o       code   0x001328    program   0x000002
    .config_300001_main.o    romdata   0x300001    program   0x000001
    .config_300006_main.o    romdata   0x300006    program   0x000001
                MATH_DATA      udata   0x000000       data   0x000014
                 .tmpdata      udata   0x000014       data   0x000007
                DELAYDAT2      udata   0x00001b       data   0x000001
                DELAYDAT1      udata   0x00001c       data   0x000001
           .udata_c018i.o      udata   0x000060       data   0x00000a
                   .stack      udata   0x000500       data   0x000100
            SFR_UNBANKED0      udata   0x000f77       data   0x000089



                              Program Memory Usage 
                               Start         End      
                           ---------   ---------      
                            0x000000    0x000005      
                            0x00002a    0x001324      
                            0x001326    0x001329      
                            0x300001    0x300001      
                            0x300006    0x300006      
            4871 out of 33048 program addresses used, program memory utilization is 14%



                              Symbols - Sorted by Name
                     Name    Address   Location    Storage File                     
                ---------  ---------  ---------  --------- ---------                
                 ClearLCD   0x000f06    program     extern C:\Nerd Stuff\uC\C 18\irLcd\RenLCD.c
               CommandLCD   0x000ed2    program     extern C:\Nerd Stuff\uC\C 18\irLcd\RenLCD.c
                   D10K_1   0x00126c    program     static C:\MCC18\SRC\TRADIT~1\DELAYS\d10ktcyx.asm
                    D10Kl   0x001278    program     static C:\MCC18\SRC\TRADIT~1\DELAYS\d10ktcyx.asm
                    D10Kx   0x00126a    program     static C:\MCC18\SRC\TRADIT~1\DELAYS\d10ktcyx.asm
                    D1K_1   0x0012be    program     static C:\MCC18\SRC\TRADIT~1\DELAYS\d1ktcyx.asm
                     D1Kx   0x0012bc    program     static C:\MCC18\SRC\TRADIT~1\DELAYS\d1ktcyx.asm
             Delay10KTCYx   0x001260    program     extern C:\MCC18\SRC\TRADIT~1\DELAYS\d10ktcyx.asm
              Delay1KTCYx   0x0012b2    program     extern C:\MCC18\SRC\TRADIT~1\DELAYS\d1ktcyx.asm
                 FXD3232U   0x001218    program     extern C:\MCC18\src\TRADIT~1\math\fxd3232u.c
                 FXM1616S   0x0011be    program     extern C:\MCC18\SRC\TRADIT~1\MATH\fxm1616s.asm
                  FXM3232   0x0010e8    program     extern C:\MCC18\src\TRADIT~1\math\fxm3232.c
            InitializeLCD   0x000e16    program     extern C:\Nerd Stuff\uC\C 18\irLcd\RenLCD.c
           InitializeUART   0x000c4e    program     extern C:\Nerd Stuff\uC\C 18\irLcd\main.c
                 SendUART   0x000c66    program     extern C:\Nerd Stuff\uC\C 18\irLcd\main.c
             SendUARTchar   0x000ce2    program     extern C:\Nerd Stuff\uC\C 18\irLcd\main.c
                 SetLine1   0x000ef2    program     extern C:\Nerd Stuff\uC\C 18\irLcd\RenLCD.c
                 SetLine2   0x000efc    program     extern C:\Nerd Stuff\uC\C 18\irLcd\RenLCD.c
               TSIGN1616A   0x00120a    program     static C:\MCC18\SRC\TRADIT~1\MATH\fxm1616s.asm
                 WriteLCD   0x000e5c    program     extern C:\Nerd Stuff\uC\C 18\irLcd\RenLCD.c
                   _2jEnd   0x0011a8    program     static C:\MCC18\SRC\TRADIT~1\STDCLIB\slenpgm.asm
       _D10KTCYXCODE_0010   0x001270    program     static C:\MCC18\SRC\TRADIT~1\DELAYS\d10ktcyx.asm
       _D10KTCYXCODE_001C   0x00127c    program     static C:\MCC18\SRC\TRADIT~1\DELAYS\d10ktcyx.asm
        _D1KTCYXCODE_0010   0x0012c2    program     static C:\MCC18\SRC\TRADIT~1\DELAYS\d1ktcyx.asm
        _D1KTCYXCODE_0016   0x0012c8    program     static C:\MCC18\SRC\TRADIT~1\DELAYS\d1ktcyx.asm
          ___for_lbl00002   0x000eb4    program     static                          
          ___for_lbl00003   0x000ebe    program     static                          
          ___for_lbl00004   0x000e74    program     static                          
       ___return_lbl00000   0x001156    program     static                          
       ___return_lbl00000   0x000004    program     static                          
       ___return_lbl00000   0x00125e    program     static                          
       ___return_lbl00001   0x000ebe    program     static                          
       ___return_lbl00001   0x0012ec    program     static                          
       ___return_lbl00002   0x001062    program     static                          
               __config_0   0x300001    program     static C:\Nerd Stuff\uC\C 18\irLcd\main.c
               __config_1   0x300006    program     static C:\Nerd Stuff\uC\C 18\irLcd\main.c
                   __init   0x001328    program     extern C:\MCC18\src\TRADIT~1\stdclib\__init.c
                   __pa_0   0x00096c    program     static C:\MCC18\src\TRADIT~1\stdclib\vfprintf.c
                   __pa_1   0x000974    program     static C:\MCC18\src\TRADIT~1\stdclib\vfprintf.c
                  __pa_10   0x000a28    program     static C:\MCC18\src\TRADIT~1\stdclib\vfprintf.c
                  __pa_11   0x000a36    program     static C:\MCC18\src\TRADIT~1\stdclib\vfprintf.c
                  __pa_12   0x000a4c    program     static C:\MCC18\src\TRADIT~1\stdclib\vfprintf.c
                  __pa_13   0x000a66    program     static C:\MCC18\src\TRADIT~1\stdclib\vfprintf.c
                  __pa_14   0x000a7e    program     static C:\MCC18\src\TRADIT~1\stdclib\vfprintf.c
                  __pa_15   0x000a8e    program     static C:\MCC18\src\TRADIT~1\stdclib\vfprintf.c
                  __pa_16   0x000aa4    program     static C:\MCC18\src\TRADIT~1\stdclib\vfprintf.c
                  __pa_17   0x000ab6    program     static C:\MCC18\src\TRADIT~1\stdclib\vfprintf.c
                  __pa_18   0x000ac8    program     static C:\MCC18\src\TRADIT~1\stdclib\vfprintf.c
                  __pa_19   0x000ad2    program     static C:\MCC18\src\TRADIT~1\stdclib\vfprintf.c
                   __pa_2   0x00097e    program     static C:\MCC18\src\TRADIT~1\stdclib\vfprintf.c
                  __pa_20   0x000ae2    program     static C:\MCC18\src\TRADIT~1\stdclib\vfprintf.c
                  __pa_21   0x000af2    program     static C:\MCC18\src\TRADIT~1\stdclib\vfprintf.c
                  __pa_22   0x000b02    program     static C:\MCC18\src\TRADIT~1\stdclib\vfprintf.c
                  __pa_23   0x000b0e    program     static C:\MCC18\src\TRADIT~1\stdclib\vfprintf.c
                  __pa_24   0x000b1c    program     static C:\MCC18\src\TRADIT~1\stdclib\vfprintf.c
                  __pa_25   0x000b24    program     static C:\MCC18\src\TRADIT~1\stdclib\vfprintf.c
                  __pa_26   0x000b2e    program     static C:\MCC18\src\TRADIT~1\stdclib\vfprintf.c
                  __pa_27   0x000b38    program     static C:\MCC18\src\TRADIT~1\stdclib\vfprintf.c
                  __pa_28   0x000b40    program     static C:\MCC18\src\TRADIT~1\stdclib\vfprintf.c
                  __pa_29   0x000b4e    program     static C:\MCC18\src\TRADIT~1\stdclib\vfprintf.c
                   __pa_3   0x000988    program     static C:\MCC18\src\TRADIT~1\stdclib\vfprintf.c
                  __pa_30   0x000b6a    program     static C:\MCC18\src\TRADIT~1\stdclib\vfprintf.c
                  __pa_31   0x000b84    program     static C:\MCC18\src\TRADIT~1\stdclib\vfprintf.c
                  __pa_32   0x000b9e    program     static C:\MCC18\src\TRADIT~1\stdclib\vfprintf.c
                  __pa_33   0x000bb6    program     static C:\MCC18\src\TRADIT~1\stdclib\vfprintf.c
                  __pa_34   0x000bc0    program     static C:\MCC18\src\TRADIT~1\stdclib\vfprintf.c
                  __pa_35   0x000bce    program     static C:\MCC18\src\TRADIT~1\stdclib\vfprintf.c
                  __pa_36   0x000bd6    program     static C:\MCC18\src\TRADIT~1\stdclib\vfprintf.c
                  __pa_37   0x000be0    program     static C:\MCC18\src\TRADIT~1\stdclib\vfprintf.c
                  __pa_38   0x000bf0    program     static C:\MCC18\src\TRADIT~1\stdclib\vfprintf.c
                  __pa_39   0x000bfe    program     static C:\MCC18\src\TRADIT~1\stdclib\vfprintf.c
                   __pa_4   0x0009a0    program     static C:\MCC18\src\TRADIT~1\stdclib\vfprintf.c
                  __pa_40   0x000c0a    program     static C:\MCC18\src\TRADIT~1\stdclib\vfprintf.c
                  __pa_41   0x000c16    program     static C:\MCC18\src\TRADIT~1\stdclib\vfprintf.c
                  __pa_42   0x000c1e    program     static C:\MCC18\src\TRADIT~1\stdclib\vfprintf.c
                  __pa_43   0x000c28    program     static C:\MCC18\src\TRADIT~1\stdclib\vfprintf.c
                  __pa_44   0x000c2e    program     static C:\MCC18\src\TRADIT~1\stdclib\vfprintf.c
                  __pa_45   0x000c38    program     static C:\MCC18\src\TRADIT~1\stdclib\vfprintf.c
                  __pa_46   0x000c44    program     static C:\MCC18\src\TRADIT~1\stdclib\vfprintf.c
                   __pa_5   0x0009b4    program     static C:\MCC18\src\TRADIT~1\stdclib\vfprintf.c
                   __pa_6   0x0009d0    program     static C:\MCC18\src\TRADIT~1\stdclib\vfprintf.c
                   __pa_7   0x0009da    program     static C:\MCC18\src\TRADIT~1\stdclib\vfprintf.c
                   __pa_8   0x0009e6    program     static C:\MCC18\src\TRADIT~1\stdclib\vfprintf.c
                   __pa_9   0x000a08    program     static C:\MCC18\src\TRADIT~1\stdclib\vfprintf.c
               __string_0   0x00131f    program     static C:\Nerd Stuff\uC\C 18\irLcd\main.c
               __string_1   0x00131d    program     static C:\Nerd Stuff\uC\C 18\irLcd\main.c
               __string_2   0x00131b    program     static C:\Nerd Stuff\uC\C 18\irLcd\main.c
              __tmplbl_42   0x000b02    program     static                          
              __tmplbl_43   0x00094a    program     static                          
              __tmplbl_44   0x000930    program     static                          
              __tmplbl_85   0x000082    program     static                          
                _do_cinit   0x000fc6    program     extern C:\MCC18\src\traditional\startup\c018i.c
                   _entry   0x000000    program     extern C:\MCC18\src\traditional\startup\c018i.c
                   _false   0x00125a    program     static                          
                 _startup   0x0012d2    program     extern C:\MCC18\src\traditional\startup\c018i.c
              _usart_putc   0x0012ee    program     extern C:\MCC18\src\traditional\pmc\USART\_usartpc.asm
               _user_putc   0x001326    program     extern C:\MCC18\src\TRADIT~1\stdclib\_user_putc.c
                copy_loop   0x001038    program     static                          
            copy_one_byte   0x00103e    program     static                          
                     done   0x001062    program     static                          
             done_copying   0x00104c    program     static                          
                  isdigit   0x00128e    program     extern C:\MCC18\SRC\TRADIT~1\STDCLIB\isdigit.asm
                     jEnd   0x0011aa    program     static C:\MCC18\SRC\TRADIT~1\STDCLIB\slenpgm.asm
                     jEnd   0x001172    program     static C:\MCC18\SRC\TRADIT~1\STDCLIB\strlen.asm
                    jLoop   0x001168    program     static C:\MCC18\SRC\TRADIT~1\STDCLIB\strlen.asm
                    jLoop   0x001192    program     static C:\MCC18\SRC\TRADIT~1\STDCLIB\slenpgm.asm
                   jMatch   0x0012ae    program     static C:\MCC18\SRC\TRADIT~1\STDCLIB\isdigit.asm
                 jNoMatch   0x0012b0    program     static C:\MCC18\SRC\TRADIT~1\STDCLIB\isdigit.asm
                     loop   0x0012e2    program     static                          
                     loop   0x001226    program     static                          
                     loop   0x0012fe    program     static C:\MCC18\src\traditional\pmc\USART\_usartpc.asm
                     main   0x000d02    program     extern C:\Nerd Stuff\uC\C 18\irLcd\main.c
                     putc   0x001064    program     extern C:\MCC18\src\TRADIT~1\stdclib\putc.c
                 s_digits   0x00130a    program     static C:\MCC18\src\TRADIT~1\stdclib\vfprintf.c
            s_put_n_chars   0x00002c    program     static C:\MCC18\src\TRADIT~1\stdclib\vfprintf.c
                  sprintf   0x000f1a    program     extern C:\MCC18\src\TRADIT~1\stdclib\sprintf.c
                   strlen   0x001158    program     extern C:\MCC18\SRC\TRADIT~1\STDCLIB\strlen.asm
                strlenpgm   0x001174    program     extern C:\MCC18\SRC\TRADIT~1\STDCLIB\slenpgm.asm
                     test   0x000fe0    program     static                          
                 vfprintf   0x000058    program     extern C:\MCC18\src\TRADIT~1\stdclib\vfprintf.c
                   ADCON0   0x000fc2       data     extern C:\MCC18\src\traditional\proc\p18f25k20.asm
               ADCON0bits   0x000fc2       data     extern C:\MCC18\src\traditional\proc\p18f25k20.asm
                   ADCON1   0x000fc1       data     extern C:\MCC18\src\traditional\proc\p18f25k20.asm
               ADCON1bits   0x000fc1       data     extern C:\MCC18\src\traditional\proc\p18f25k20.asm
                   ADCON2   0x000fc0       data     extern C:\MCC18\src\traditional\proc\p18f25k20.asm
               ADCON2bits   0x000fc0       data     extern C:\MCC18\src\traditional\proc\p18f25k20.asm
                    ADRES   0x000fc3       data     extern C:\MCC18\src\traditional\proc\p18f25k20.asm
                   ADRESH   0x000fc4       data     extern C:\MCC18\src\traditional\proc\p18f25k20.asm
                   ADRESL   0x000fc3       data     extern C:\MCC18\src\traditional\proc\p18f25k20.asm
                    ANSEL   0x000f7e       data     extern C:\MCC18\src\traditional\proc\p18f25k20.asm
                   ANSELH   0x000f7f       data     extern C:\MCC18\src\traditional\proc\p18f25k20.asm
               ANSELHbits   0x000f7f       data     extern C:\MCC18\src\traditional\proc\p18f25k20.asm
                ANSELbits   0x000f7e       data     extern C:\MCC18\src\traditional\proc\p18f25k20.asm
                  BAUDCON   0x000fb8       data     extern C:\MCC18\src\traditional\proc\p18f25k20.asm
              BAUDCONbits   0x000fb8       data     extern C:\MCC18\src\traditional\proc\p18f25k20.asm
                  BAUDCTL   0x000fb8       data     extern C:\MCC18\src\traditional\proc\p18f25k20.asm
              BAUDCTLbits   0x000fb8       data     extern C:\MCC18\src\traditional\proc\p18f25k20.asm
                      BSR   0x000fe0       data     extern C:\MCC18\src\traditional\proc\p18f25k20.asm
                  CCP1CON   0x000fbd       data     extern C:\MCC18\src\traditional\proc\p18f25k20.asm
              CCP1CONbits   0x000fbd       data     extern C:\MCC18\src\traditional\proc\p18f25k20.asm
                  CCP2CON   0x000fba       data     extern C:\MCC18\src\traditional\proc\p18f25k20.asm
              CCP2CONbits   0x000fba       data     extern C:\MCC18\src\traditional\proc\p18f25k20.asm
                    CCPR1   0x000fbe       data     extern C:\MCC18\src\traditional\proc\p18f25k20.asm
                   CCPR1H   0x000fbf       data     extern C:\MCC18\src\traditional\proc\p18f25k20.asm
                   CCPR1L   0x000fbe       data     extern C:\MCC18\src\traditional\proc\p18f25k20.asm
                    CCPR2   0x000fbb       data     extern C:\MCC18\src\traditional\proc\p18f25k20.asm
                   CCPR2H   0x000fbc       data     extern C:\MCC18\src\traditional\proc\p18f25k20.asm
                   CCPR2L   0x000fbb       data     extern C:\MCC18\src\traditional\proc\p18f25k20.asm
                  CM1CON0   0x000f7b       data     extern C:\MCC18\src\traditional\proc\p18f25k20.asm
              CM1CON0bits   0x000f7b       data     extern C:\MCC18\src\traditional\proc\p18f25k20.asm
                  CM2CON0   0x000f7a       data     extern C:\MCC18\src\traditional\proc\p18f25k20.asm
              CM2CON0bits   0x000f7a       data     extern C:\MCC18\src\traditional\proc\p18f25k20.asm
                  CM2CON1   0x000f79       data     extern C:\MCC18\src\traditional\proc\p18f25k20.asm
              CM2CON1bits   0x000f79       data     extern C:\MCC18\src\traditional\proc\p18f25k20.asm
                   CVRCON   0x000fb5       data     extern C:\MCC18\src\traditional\proc\p18f25k20.asm
                  CVRCON2   0x000fb4       data     extern C:\MCC18\src\traditional\proc\p18f25k20.asm
              CVRCON2bits   0x000fb4       data     extern C:\MCC18\src\traditional\proc\p18f25k20.asm
               CVRCONbits   0x000fb5       data     extern C:\MCC18\src\traditional\proc\p18f25k20.asm
                     DDRA   0x000f92       data     extern C:\MCC18\src\traditional\proc\p18f25k20.asm
                 DDRAbits   0x000f92       data     extern C:\MCC18\src\traditional\proc\p18f25k20.asm
                     DDRB   0x000f93       data     extern C:\MCC18\src\traditional\proc\p18f25k20.asm
                 DDRBbits   0x000f93       data     extern C:\MCC18\src\traditional\proc\p18f25k20.asm
                     DDRC   0x000f94       data     extern C:\MCC18\src\traditional\proc\p18f25k20.asm
                 DDRCbits   0x000f94       data     extern C:\MCC18\src\traditional\proc\p18f25k20.asm
            DelayCounter1   0x00001c       data     extern C:\MCC18\SRC\TRADIT~1\DELAYS\delayd1.asm
            DelayCounter2   0x00001b       data     extern C:\MCC18\SRC\TRADIT~1\DELAYS\delayd2.asm
                  ECCP1AS   0x000fb6       data     extern C:\MCC18\src\traditional\proc\p18f25k20.asm
              ECCP1ASbits   0x000fb6       data     extern C:\MCC18\src\traditional\proc\p18f25k20.asm
                    EEADR   0x000fa9       data     extern C:\MCC18\src\traditional\proc\p18f25k20.asm
                   EECON1   0x000fa6       data     extern C:\MCC18\src\traditional\proc\p18f25k20.asm
               EECON1bits   0x000fa6       data     extern C:\MCC18\src\traditional\proc\p18f25k20.asm
                   EECON2   0x000fa7       data     extern C:\MCC18\src\traditional\proc\p18f25k20.asm
                   EEDATA   0x000fa8       data     extern C:\MCC18\src\traditional\proc\p18f25k20.asm
                     FSR0   0x000fe9       data     extern C:\MCC18\src\traditional\proc\p18f25k20.asm
                    FSR0H   0x000fea       data     extern C:\MCC18\src\traditional\proc\p18f25k20.asm
                    FSR0L   0x000fe9       data     extern C:\MCC18\src\traditional\proc\p18f25k20.asm
                     FSR1   0x000fe1       data     extern C:\MCC18\src\traditional\proc\p18f25k20.asm
                    FSR1H   0x000fe2       data     extern C:\MCC18\src\traditional\proc\p18f25k20.asm
                    FSR1L   0x000fe1       data     extern C:\MCC18\src\traditional\proc\p18f25k20.asm
                     FSR2   0x000fd9       data     extern C:\MCC18\src\traditional\proc\p18f25k20.asm
                    FSR2H   0x000fda       data     extern C:\MCC18\src\traditional\proc\p18f25k20.asm
                    FSR2L   0x000fd9       data     extern C:\MCC18\src\traditional\proc\p18f25k20.asm
                  HLVDCON   0x000fd2       data     extern C:\MCC18\src\traditional\proc\p18f25k20.asm
              HLVDCONbits   0x000fd2       data     extern C:\MCC18\src\traditional\proc\p18f25k20.asm
                    INDF0   0x000fef       data     extern C:\MCC18\src\traditional\proc\p18f25k20.asm
                    INDF1   0x000fe7       data     extern C:\MCC18\src\traditional\proc\p18f25k20.asm
                    INDF2   0x000fdf       data     extern C:\MCC18\src\traditional\proc\p18f25k20.asm
                   INTCON   0x000ff2       data     extern C:\MCC18\src\traditional\proc\p18f25k20.asm
                  INTCON2   0x000ff1       data     extern C:\MCC18\src\traditional\proc\p18f25k20.asm
              INTCON2bits   0x000ff1       data     extern C:\MCC18\src\traditional\proc\p18f25k20.asm
                  INTCON3   0x000ff0       data     extern C:\MCC18\src\traditional\proc\p18f25k20.asm
              INTCON3bits   0x000ff0       data     extern C:\MCC18\src\traditional\proc\p18f25k20.asm
               INTCONbits   0x000ff2       data     extern C:\MCC18\src\traditional\proc\p18f25k20.asm
                     IOCB   0x000f7d       data     extern C:\MCC18\src\traditional\proc\p18f25k20.asm
                 IOCBbits   0x000f7d       data     extern C:\MCC18\src\traditional\proc\p18f25k20.asm
                     IPR1   0x000f9f       data     extern C:\MCC18\src\traditional\proc\p18f25k20.asm
                 IPR1bits   0x000f9f       data     extern C:\MCC18\src\traditional\proc\p18f25k20.asm
                     IPR2   0x000fa2       data     extern C:\MCC18\src\traditional\proc\p18f25k20.asm
                 IPR2bits   0x000fa2       data     extern C:\MCC18\src\traditional\proc\p18f25k20.asm
                     LATA   0x000f89       data     extern C:\MCC18\src\traditional\proc\p18f25k20.asm
                 LATAbits   0x000f89       data     extern C:\MCC18\src\traditional\proc\p18f25k20.asm
                     LATB   0x000f8a       data     extern C:\MCC18\src\traditional\proc\p18f25k20.asm
                 LATBbits   0x000f8a       data     extern C:\MCC18\src\traditional\proc\p18f25k20.asm
                     LATC   0x000f8b       data     extern C:\MCC18\src\traditional\proc\p18f25k20.asm
                 LATCbits   0x000f8b       data     extern C:\MCC18\src\traditional\proc\p18f25k20.asm
                   LVDCON   0x000fd2       data     extern C:\MCC18\src\traditional\proc\p18f25k20.asm
               LVDCONbits   0x000fd2       data     extern C:\MCC18\src\traditional\proc\p18f25k20.asm
                   OSCCON   0x000fd3       data     extern C:\MCC18\src\traditional\proc\p18f25k20.asm
               OSCCONbits   0x000fd3       data     extern C:\MCC18\src\traditional\proc\p18f25k20.asm
                  OSCTUNE   0x000f9b       data     extern C:\MCC18\src\traditional\proc\p18f25k20.asm
              OSCTUNEbits   0x000f9b       data     extern C:\MCC18\src\traditional\proc\p18f25k20.asm
                       PC   0x000ff9       data     extern C:\MCC18\src\traditional\proc\p18f25k20.asm
                      PCL   0x000ff9       data     extern C:\MCC18\src\traditional\proc\p18f25k20.asm
                   PCLATH   0x000ffa       data     extern C:\MCC18\src\traditional\proc\p18f25k20.asm
                   PCLATU   0x000ffb       data     extern C:\MCC18\src\traditional\proc\p18f25k20.asm
                     PIE1   0x000f9d       data     extern C:\MCC18\src\traditional\proc\p18f25k20.asm
                 PIE1bits   0x000f9d       data     extern C:\MCC18\src\traditional\proc\p18f25k20.asm
                     PIE2   0x000fa0       data     extern C:\MCC18\src\traditional\proc\p18f25k20.asm
                 PIE2bits   0x000fa0       data     extern C:\MCC18\src\traditional\proc\p18f25k20.asm
                     PIR1   0x000f9e       data     extern C:\MCC18\src\traditional\proc\p18f25k20.asm
                 PIR1bits   0x000f9e       data     extern C:\MCC18\src\traditional\proc\p18f25k20.asm
                     PIR2   0x000fa1       data     extern C:\MCC18\src\traditional\proc\p18f25k20.asm
                 PIR2bits   0x000fa1       data     extern C:\MCC18\src\traditional\proc\p18f25k20.asm
                   PLUSW0   0x000feb       data     extern C:\MCC18\src\traditional\proc\p18f25k20.asm
                   PLUSW1   0x000fe3       data     extern C:\MCC18\src\traditional\proc\p18f25k20.asm
                   PLUSW2   0x000fdb       data     extern C:\MCC18\src\traditional\proc\p18f25k20.asm
                    PORTA   0x000f80       data     extern C:\MCC18\src\traditional\proc\p18f25k20.asm
                PORTAbits   0x000f80       data     extern C:\MCC18\src\traditional\proc\p18f25k20.asm
                    PORTB   0x000f81       data     extern C:\MCC18\src\traditional\proc\p18f25k20.asm
                PORTBbits   0x000f81       data     extern C:\MCC18\src\traditional\proc\p18f25k20.asm
                    PORTC   0x000f82       data     extern C:\MCC18\src\traditional\proc\p18f25k20.asm
                PORTCbits   0x000f82       data     extern C:\MCC18\src\traditional\proc\p18f25k20.asm
                    PORTE   0x000f84       data     extern C:\MCC18\src\traditional\proc\p18f25k20.asm
                PORTEbits   0x000f84       data     extern C:\MCC18\src\traditional\proc\p18f25k20.asm
                 POSTDEC0   0x000fed       data     extern C:\MCC18\src\traditional\proc\p18f25k20.asm
                 POSTDEC1   0x000fe5       data     extern C:\MCC18\src\traditional\proc\p18f25k20.asm
                 POSTDEC2   0x000fdd       data     extern C:\MCC18\src\traditional\proc\p18f25k20.asm
                 POSTINC0   0x000fee       data     extern C:\MCC18\src\traditional\proc\p18f25k20.asm
                 POSTINC1   0x000fe6       data     extern C:\MCC18\src\traditional\proc\p18f25k20.asm
                 POSTINC2   0x000fde       data     extern C:\MCC18\src\traditional\proc\p18f25k20.asm
                      PR2   0x000fcb       data     extern C:\MCC18\src\traditional\proc\p18f25k20.asm
                  PREINC0   0x000fec       data     extern C:\MCC18\src\traditional\proc\p18f25k20.asm
                  PREINC1   0x000fe4       data     extern C:\MCC18\src\traditional\proc\p18f25k20.asm
                  PREINC2   0x000fdc       data     extern C:\MCC18\src\traditional\proc\p18f25k20.asm
                     PROD   0x000ff3       data     extern C:\MCC18\src\traditional\proc\p18f25k20.asm
                    PRODH   0x000ff4       data     extern C:\MCC18\src\traditional\proc\p18f25k20.asm
                    PRODL   0x000ff3       data     extern C:\MCC18\src\traditional\proc\p18f25k20.asm
                  PSTRCON   0x000fb9       data     extern C:\MCC18\src\traditional\proc\p18f25k20.asm
              PSTRCONbits   0x000fb9       data     extern C:\MCC18\src\traditional\proc\p18f25k20.asm
                  PWM1CON   0x000fb7       data     extern C:\MCC18\src\traditional\proc\p18f25k20.asm
              PWM1CONbits   0x000fb7       data     extern C:\MCC18\src\traditional\proc\p18f25k20.asm
                     RCON   0x000fd0       data     extern C:\MCC18\src\traditional\proc\p18f25k20.asm
                 RCONbits   0x000fd0       data     extern C:\MCC18\src\traditional\proc\p18f25k20.asm
                    RCREG   0x000fae       data     extern C:\MCC18\src\traditional\proc\p18f25k20.asm
                    RCSTA   0x000fab       data     extern C:\MCC18\src\traditional\proc\p18f25k20.asm
                RCSTAbits   0x000fab       data     extern C:\MCC18\src\traditional\proc\p18f25k20.asm
                     SIGN   0x000000       data     extern C:\MCC18\SRC\TRADIT~1\MATH\cmath18.asm
                   SLRCON   0x000f78       data     extern C:\MCC18\src\traditional\proc\p18f25k20.asm
               SLRCONbits   0x000f78       data     extern C:\MCC18\src\traditional\proc\p18f25k20.asm
                    SPBRG   0x000faf       data     extern C:\MCC18\src\traditional\proc\p18f25k20.asm
                   SPBRGH   0x000fb0       data     extern C:\MCC18\src\traditional\proc\p18f25k20.asm
                   SSPADD   0x000fc8       data     extern C:\MCC18\src\traditional\proc\p18f25k20.asm
                   SSPBUF   0x000fc9       data     extern C:\MCC18\src\traditional\proc\p18f25k20.asm
                  SSPCON1   0x000fc6       data     extern C:\MCC18\src\traditional\proc\p18f25k20.asm
              SSPCON1bits   0x000fc6       data     extern C:\MCC18\src\traditional\proc\p18f25k20.asm
                  SSPCON2   0x000fc5       data     extern C:\MCC18\src\traditional\proc\p18f25k20.asm
              SSPCON2bits   0x000fc5       data     extern C:\MCC18\src\traditional\proc\p18f25k20.asm
                   SSPMSK   0x000f77       data     extern C:\MCC18\src\traditional\proc\p18f25k20.asm
               SSPMSKbits   0x000f77       data     extern C:\MCC18\src\traditional\proc\p18f25k20.asm
                  SSPSTAT   0x000fc7       data     extern C:\MCC18\src\traditional\proc\p18f25k20.asm
              SSPSTATbits   0x000fc7       data     extern C:\MCC18\src\traditional\proc\p18f25k20.asm
                   STATUS   0x000fd8       data     extern C:\MCC18\src\traditional\proc\p18f25k20.asm
               STATUSbits   0x000fd8       data     extern C:\MCC18\src\traditional\proc\p18f25k20.asm
                   STKPTR   0x000ffc       data     extern C:\MCC18\src\traditional\proc\p18f25k20.asm
               STKPTRbits   0x000ffc       data     extern C:\MCC18\src\traditional\proc\p18f25k20.asm
                    T0CON   0x000fd5       data     extern C:\MCC18\src\traditional\proc\p18f25k20.asm
                T0CONbits   0x000fd5       data     extern C:\MCC18\src\traditional\proc\p18f25k20.asm
                    T1CON   0x000fcd       data     extern C:\MCC18\src\traditional\proc\p18f25k20.asm
                T1CONbits   0x000fcd       data     extern C:\MCC18\src\traditional\proc\p18f25k20.asm
                    T2CON   0x000fca       data     extern C:\MCC18\src\traditional\proc\p18f25k20.asm
                T2CONbits   0x000fca       data     extern C:\MCC18\src\traditional\proc\p18f25k20.asm
                    T3CON   0x000fb1       data     extern C:\MCC18\src\traditional\proc\p18f25k20.asm
                T3CONbits   0x000fb1       data     extern C:\MCC18\src\traditional\proc\p18f25k20.asm
                   TABLAT   0x000ff5       data     extern C:\MCC18\src\traditional\proc\p18f25k20.asm
                   TBLPTR   0x000ff6       data     extern C:\MCC18\src\traditional\proc\p18f25k20.asm
                  TBLPTRH   0x000ff7       data     extern C:\MCC18\src\traditional\proc\p18f25k20.asm
                  TBLPTRL   0x000ff6       data     extern C:\MCC18\src\traditional\proc\p18f25k20.asm
                  TBLPTRU   0x000ff8       data     extern C:\MCC18\src\traditional\proc\p18f25k20.asm
                    TMR0H   0x000fd7       data     extern C:\MCC18\src\traditional\proc\p18f25k20.asm
                    TMR0L   0x000fd6       data     extern C:\MCC18\src\traditional\proc\p18f25k20.asm
                    TMR1H   0x000fcf       data     extern C:\MCC18\src\traditional\proc\p18f25k20.asm
                    TMR1L   0x000fce       data     extern C:\MCC18\src\traditional\proc\p18f25k20.asm
                     TMR2   0x000fcc       data     extern C:\MCC18\src\traditional\proc\p18f25k20.asm
                    TMR3H   0x000fb3       data     extern C:\MCC18\src\traditional\proc\p18f25k20.asm
                    TMR3L   0x000fb2       data     extern C:\MCC18\src\traditional\proc\p18f25k20.asm
                      TOS   0x000ffd       data     extern C:\MCC18\src\traditional\proc\p18f25k20.asm
                     TOSH   0x000ffe       data     extern C:\MCC18\src\traditional\proc\p18f25k20.asm
                     TOSL   0x000ffd       data     extern C:\MCC18\src\traditional\proc\p18f25k20.asm
                     TOSU   0x000fff       data     extern C:\MCC18\src\traditional\proc\p18f25k20.asm
                    TRISA   0x000f92       data     extern C:\MCC18\src\traditional\proc\p18f25k20.asm
                TRISAbits   0x000f92       data     extern C:\MCC18\src\traditional\proc\p18f25k20.asm
                    TRISB   0x000f93       data     extern C:\MCC18\src\traditional\proc\p18f25k20.asm
                TRISBbits   0x000f93       data     extern C:\MCC18\src\traditional\proc\p18f25k20.asm
                    TRISC   0x000f94       data     extern C:\MCC18\src\traditional\proc\p18f25k20.asm
                TRISCbits   0x000f94       data     extern C:\MCC18\src\traditional\proc\p18f25k20.asm
                    TXREG   0x000fad       data     extern C:\MCC18\src\traditional\proc\p18f25k20.asm
                    TXSTA   0x000fac       data     extern C:\MCC18\src\traditional\proc\p18f25k20.asm
                TXSTAbits   0x000fac       data     extern C:\MCC18\src\traditional\proc\p18f25k20.asm
                        W   0x000fe8       data     extern C:\MCC18\src\traditional\proc\p18f25k20.asm
                   WDTCON   0x000fd1       data     extern C:\MCC18\src\traditional\proc\p18f25k20.asm
               WDTCONbits   0x000fd1       data     extern C:\MCC18\src\traditional\proc\p18f25k20.asm
                     WPUB   0x000f7c       data     extern C:\MCC18\src\traditional\proc\p18f25k20.asm
                 WPUBbits   0x000f7c       data     extern C:\MCC18\src\traditional\proc\p18f25k20.asm
                     WREG   0x000fe8       data     extern C:\MCC18\src\traditional\proc\p18f25k20.asm
                 __AARGB0   0x000009       data     extern C:\MCC18\SRC\TRADIT~1\MATH\aarg.asm
                 __AARGB1   0x000008       data     extern C:\MCC18\SRC\TRADIT~1\MATH\aarg.asm
                 __AARGB2   0x000007       data     extern C:\MCC18\SRC\TRADIT~1\MATH\aarg.asm
                 __AARGB3   0x000006       data     extern C:\MCC18\SRC\TRADIT~1\MATH\aarg.asm
                 __AARGB4   0x000005       data     extern C:\MCC18\SRC\TRADIT~1\MATH\aarg.asm
                 __AARGB5   0x000004       data     extern C:\MCC18\SRC\TRADIT~1\MATH\aarg.asm
                 __AARGB6   0x000003       data     extern C:\MCC18\SRC\TRADIT~1\MATH\aarg.asm
                 __AARGB7   0x000002       data     extern C:\MCC18\SRC\TRADIT~1\MATH\aarg.asm
                   __AEXP   0x00000a       data     extern C:\MCC18\SRC\TRADIT~1\MATH\aarg.asm
                 __BARGB0   0x00000e       data     extern C:\MCC18\SRC\TRADIT~1\MATH\barg.asm
                 __BARGB1   0x00000d       data     extern C:\MCC18\SRC\TRADIT~1\MATH\barg.asm
                 __BARGB2   0x00000c       data     extern C:\MCC18\SRC\TRADIT~1\MATH\barg.asm
                 __BARGB3   0x00000b       data     extern C:\MCC18\SRC\TRADIT~1\MATH\barg.asm
                   __BEXP   0x00000f       data     extern C:\MCC18\SRC\TRADIT~1\MATH\barg.asm
                __FPFLAGS   0x000001       data     extern C:\MCC18\SRC\TRADIT~1\MATH\cmath18.asm
            __FPFLAGSbits   0x000001       data     extern C:\MCC18\SRC\TRADIT~1\MATH\cmath18.asm
                  __REMB0   0x000005       data     extern C:\MCC18\SRC\TRADIT~1\MATH\aarg.asm
                  __REMB1   0x000004       data     extern C:\MCC18\SRC\TRADIT~1\MATH\aarg.asm
                  __REMB2   0x000003       data     extern C:\MCC18\SRC\TRADIT~1\MATH\aarg.asm
                  __REMB3   0x000002       data     extern C:\MCC18\SRC\TRADIT~1\MATH\aarg.asm
                   __TEMP   0x000013       data     extern C:\MCC18\SRC\TRADIT~1\MATH\temparg.asm
                 __TEMPB0   0x000013       data     extern C:\MCC18\SRC\TRADIT~1\MATH\temparg.asm
                 __TEMPB1   0x000012       data     extern C:\MCC18\SRC\TRADIT~1\MATH\temparg.asm
                 __TEMPB2   0x000011       data     extern C:\MCC18\SRC\TRADIT~1\MATH\temparg.asm
                 __TEMPB3   0x000010       data     extern C:\MCC18\SRC\TRADIT~1\MATH\temparg.asm
                  __tmp_0   0x000014       data     static C:\MCC18\src\TRADIT~1\stdclib\putc.c
                  __tmp_0   0x000014       data     static C:\MCC18\src\TRADIT~1\stdclib\vfprintf.c
                  __tmp_0   0x000014       data     static C:\MCC18\src\TRADIT~1\stdclib\sprintf.c
                  __tmp_0   0x000014       data     static C:\Nerd Stuff\uC\C 18\irLcd\RenLCD.c
                  __tmp_0   0x000014       data     static C:\Nerd Stuff\uC\C 18\irLcd\main.c
                curr_byte   0x000063       data     static C:\MCC18\src\traditional\startup\c018i.c
               curr_entry   0x000065       data     static C:\MCC18\src\traditional\startup\c018i.c
                 data_ptr   0x000067       data     static C:\MCC18\src\traditional\startup\c018i.c
                     prom   0x000060       data     static C:\MCC18\src\traditional\startup\c018i.c



                              Symbols - Sorted by Address
                     Name    Address   Location    Storage File                     
                ---------  ---------  ---------  --------- ---------                
                   _entry   0x000000    program     extern C:\MCC18\src\traditional\startup\c018i.c
       ___return_lbl00000   0x000004    program     static                          
            s_put_n_chars   0x00002c    program     static C:\MCC18\src\TRADIT~1\stdclib\vfprintf.c
                 vfprintf   0x000058    program     extern C:\MCC18\src\TRADIT~1\stdclib\vfprintf.c
              __tmplbl_85   0x000082    program     static                          
              __tmplbl_44   0x000930    program     static                          
              __tmplbl_43   0x00094a    program     static                          
                   __pa_0   0x00096c    program     static C:\MCC18\src\TRADIT~1\stdclib\vfprintf.c
                   __pa_1   0x000974    program     static C:\MCC18\src\TRADIT~1\stdclib\vfprintf.c
                   __pa_2   0x00097e    program     static C:\MCC18\src\TRADIT~1\stdclib\vfprintf.c
                   __pa_3   0x000988    program     static C:\MCC18\src\TRADIT~1\stdclib\vfprintf.c
                   __pa_4   0x0009a0    program     static C:\MCC18\src\TRADIT~1\stdclib\vfprintf.c
                   __pa_5   0x0009b4    program     static C:\MCC18\src\TRADIT~1\stdclib\vfprintf.c
                   __pa_6   0x0009d0    program     static C:\MCC18\src\TRADIT~1\stdclib\vfprintf.c
                   __pa_7   0x0009da    program     static C:\MCC18\src\TRADIT~1\stdclib\vfprintf.c
                   __pa_8   0x0009e6    program     static C:\MCC18\src\TRADIT~1\stdclib\vfprintf.c
                   __pa_9   0x000a08    program     static C:\MCC18\src\TRADIT~1\stdclib\vfprintf.c
                  __pa_10   0x000a28    program     static C:\MCC18\src\TRADIT~1\stdclib\vfprintf.c
                  __pa_11   0x000a36    program     static C:\MCC18\src\TRADIT~1\stdclib\vfprintf.c
                  __pa_12   0x000a4c    program     static C:\MCC18\src\TRADIT~1\stdclib\vfprintf.c
                  __pa_13   0x000a66    program     static C:\MCC18\src\TRADIT~1\stdclib\vfprintf.c
                  __pa_14   0x000a7e    program     static C:\MCC18\src\TRADIT~1\stdclib\vfprintf.c
                  __pa_15   0x000a8e    program     static C:\MCC18\src\TRADIT~1\stdclib\vfprintf.c
                  __pa_16   0x000aa4    program     static C:\MCC18\src\TRADIT~1\stdclib\vfprintf.c
                  __pa_17   0x000ab6    program     static C:\MCC18\src\TRADIT~1\stdclib\vfprintf.c
                  __pa_18   0x000ac8    program     static C:\MCC18\src\TRADIT~1\stdclib\vfprintf.c
                  __pa_19   0x000ad2    program     static C:\MCC18\src\TRADIT~1\stdclib\vfprintf.c
                  __pa_20   0x000ae2    program     static C:\MCC18\src\TRADIT~1\stdclib\vfprintf.c
                  __pa_21   0x000af2    program     static C:\MCC18\src\TRADIT~1\stdclib\vfprintf.c
                  __pa_22   0x000b02    program     static C:\MCC18\src\TRADIT~1\stdclib\vfprintf.c
              __tmplbl_42   0x000b02    program     static                          
                  __pa_23   0x000b0e    program     static C:\MCC18\src\TRADIT~1\stdclib\vfprintf.c
                  __pa_24   0x000b1c    program     static C:\MCC18\src\TRADIT~1\stdclib\vfprintf.c
                  __pa_25   0x000b24    program     static C:\MCC18\src\TRADIT~1\stdclib\vfprintf.c
                  __pa_26   0x000b2e    program     static C:\MCC18\src\TRADIT~1\stdclib\vfprintf.c
                  __pa_27   0x000b38    program     static C:\MCC18\src\TRADIT~1\stdclib\vfprintf.c
                  __pa_28   0x000b40    program     static C:\MCC18\src\TRADIT~1\stdclib\vfprintf.c
                  __pa_29   0x000b4e    program     static C:\MCC18\src\TRADIT~1\stdclib\vfprintf.c
                  __pa_30   0x000b6a    program     static C:\MCC18\src\TRADIT~1\stdclib\vfprintf.c
                  __pa_31   0x000b84    program     static C:\MCC18\src\TRADIT~1\stdclib\vfprintf.c
                  __pa_32   0x000b9e    program     static C:\MCC18\src\TRADIT~1\stdclib\vfprintf.c
                  __pa_33   0x000bb6    program     static C:\MCC18\src\TRADIT~1\stdclib\vfprintf.c
                  __pa_34   0x000bc0    program     static C:\MCC18\src\TRADIT~1\stdclib\vfprintf.c
                  __pa_35   0x000bce    program     static C:\MCC18\src\TRADIT~1\stdclib\vfprintf.c
                  __pa_36   0x000bd6    program     static C:\MCC18\src\TRADIT~1\stdclib\vfprintf.c
                  __pa_37   0x000be0    program     static C:\MCC18\src\TRADIT~1\stdclib\vfprintf.c
                  __pa_38   0x000bf0    program     static C:\MCC18\src\TRADIT~1\stdclib\vfprintf.c
                  __pa_39   0x000bfe    program     static C:\MCC18\src\TRADIT~1\stdclib\vfprintf.c
                  __pa_40   0x000c0a    program     static C:\MCC18\src\TRADIT~1\stdclib\vfprintf.c
                  __pa_41   0x000c16    program     static C:\MCC18\src\TRADIT~1\stdclib\vfprintf.c
                  __pa_42   0x000c1e    program     static C:\MCC18\src\TRADIT~1\stdclib\vfprintf.c
                  __pa_43   0x000c28    program     static C:\MCC18\src\TRADIT~1\stdclib\vfprintf.c
                  __pa_44   0x000c2e    program     static C:\MCC18\src\TRADIT~1\stdclib\vfprintf.c
                  __pa_45   0x000c38    program     static C:\MCC18\src\TRADIT~1\stdclib\vfprintf.c
                  __pa_46   0x000c44    program     static C:\MCC18\src\TRADIT~1\stdclib\vfprintf.c
           InitializeUART   0x000c4e    program     extern C:\Nerd Stuff\uC\C 18\irLcd\main.c
                 SendUART   0x000c66    program     extern C:\Nerd Stuff\uC\C 18\irLcd\main.c
             SendUARTchar   0x000ce2    program     extern C:\Nerd Stuff\uC\C 18\irLcd\main.c
                     main   0x000d02    program     extern C:\Nerd Stuff\uC\C 18\irLcd\main.c
            InitializeLCD   0x000e16    program     extern C:\Nerd Stuff\uC\C 18\irLcd\RenLCD.c
                 WriteLCD   0x000e5c    program     extern C:\Nerd Stuff\uC\C 18\irLcd\RenLCD.c
          ___for_lbl00004   0x000e74    program     static                          
          ___for_lbl00002   0x000eb4    program     static                          
          ___for_lbl00003   0x000ebe    program     static                          
       ___return_lbl00001   0x000ebe    program     static                          
               CommandLCD   0x000ed2    program     extern C:\Nerd Stuff\uC\C 18\irLcd\RenLCD.c
                 SetLine1   0x000ef2    program     extern C:\Nerd Stuff\uC\C 18\irLcd\RenLCD.c
                 SetLine2   0x000efc    program     extern C:\Nerd Stuff\uC\C 18\irLcd\RenLCD.c
                 ClearLCD   0x000f06    program     extern C:\Nerd Stuff\uC\C 18\irLcd\RenLCD.c
                  sprintf   0x000f1a    program     extern C:\MCC18\src\TRADIT~1\stdclib\sprintf.c
                _do_cinit   0x000fc6    program     extern C:\MCC18\src\traditional\startup\c018i.c
                     test   0x000fe0    program     static                          
                copy_loop   0x001038    program     static                          
            copy_one_byte   0x00103e    program     static                          
             done_copying   0x00104c    program     static                          
       ___return_lbl00002   0x001062    program     static                          
                     done   0x001062    program     static                          
                     putc   0x001064    program     extern C:\MCC18\src\TRADIT~1\stdclib\putc.c
                  FXM3232   0x0010e8    program     extern C:\MCC18\src\TRADIT~1\math\fxm3232.c
       ___return_lbl00000   0x001156    program     static                          
                   strlen   0x001158    program     extern C:\MCC18\SRC\TRADIT~1\STDCLIB\strlen.asm
                    jLoop   0x001168    program     static C:\MCC18\SRC\TRADIT~1\STDCLIB\strlen.asm
                     jEnd   0x001172    program     static C:\MCC18\SRC\TRADIT~1\STDCLIB\strlen.asm
                strlenpgm   0x001174    program     extern C:\MCC18\SRC\TRADIT~1\STDCLIB\slenpgm.asm
                    jLoop   0x001192    program     static C:\MCC18\SRC\TRADIT~1\STDCLIB\slenpgm.asm
                   _2jEnd   0x0011a8    program     static C:\MCC18\SRC\TRADIT~1\STDCLIB\slenpgm.asm
                     jEnd   0x0011aa    program     static C:\MCC18\SRC\TRADIT~1\STDCLIB\slenpgm.asm
                 FXM1616S   0x0011be    program     extern C:\MCC18\SRC\TRADIT~1\MATH\fxm1616s.asm
               TSIGN1616A   0x00120a    program     static C:\MCC18\SRC\TRADIT~1\MATH\fxm1616s.asm
                 FXD3232U   0x001218    program     extern C:\MCC18\src\TRADIT~1\math\fxd3232u.c
                     loop   0x001226    program     static                          
                   _false   0x00125a    program     static                          
       ___return_lbl00000   0x00125e    program     static                          
             Delay10KTCYx   0x001260    program     extern C:\MCC18\SRC\TRADIT~1\DELAYS\d10ktcyx.asm
                    D10Kx   0x00126a    program     static C:\MCC18\SRC\TRADIT~1\DELAYS\d10ktcyx.asm
                   D10K_1   0x00126c    program     static C:\MCC18\SRC\TRADIT~1\DELAYS\d10ktcyx.asm
       _D10KTCYXCODE_0010   0x001270    program     static C:\MCC18\SRC\TRADIT~1\DELAYS\d10ktcyx.asm
                    D10Kl   0x001278    program     static C:\MCC18\SRC\TRADIT~1\DELAYS\d10ktcyx.asm
       _D10KTCYXCODE_001C   0x00127c    program     static C:\MCC18\SRC\TRADIT~1\DELAYS\d10ktcyx.asm
                  isdigit   0x00128e    program     extern C:\MCC18\SRC\TRADIT~1\STDCLIB\isdigit.asm
                   jMatch   0x0012ae    program     static C:\MCC18\SRC\TRADIT~1\STDCLIB\isdigit.asm
                 jNoMatch   0x0012b0    program     static C:\MCC18\SRC\TRADIT~1\STDCLIB\isdigit.asm
              Delay1KTCYx   0x0012b2    program     extern C:\MCC18\SRC\TRADIT~1\DELAYS\d1ktcyx.asm
                     D1Kx   0x0012bc    program     static C:\MCC18\SRC\TRADIT~1\DELAYS\d1ktcyx.asm
                    D1K_1   0x0012be    program     static C:\MCC18\SRC\TRADIT~1\DELAYS\d1ktcyx.asm
        _D1KTCYXCODE_0010   0x0012c2    program     static C:\MCC18\SRC\TRADIT~1\DELAYS\d1ktcyx.asm
        _D1KTCYXCODE_0016   0x0012c8    program     static C:\MCC18\SRC\TRADIT~1\DELAYS\d1ktcyx.asm
                 _startup   0x0012d2    program     extern C:\MCC18\src\traditional\startup\c018i.c
                     loop   0x0012e2    program     static                          
       ___return_lbl00001   0x0012ec    program     static                          
              _usart_putc   0x0012ee    program     extern C:\MCC18\src\traditional\pmc\USART\_usartpc.asm
                     loop   0x0012fe    program     static C:\MCC18\src\traditional\pmc\USART\_usartpc.asm
                 s_digits   0x00130a    program     static C:\MCC18\src\TRADIT~1\stdclib\vfprintf.c
               __string_2   0x00131b    program     static C:\Nerd Stuff\uC\C 18\irLcd\main.c
               __string_1   0x00131d    program     static C:\Nerd Stuff\uC\C 18\irLcd\main.c
               __string_0   0x00131f    program     static C:\Nerd Stuff\uC\C 18\irLcd\main.c
               _user_putc   0x001326    program     extern C:\MCC18\src\TRADIT~1\stdclib\_user_putc.c
                   __init   0x001328    program     extern C:\MCC18\src\TRADIT~1\stdclib\__init.c
               __config_0   0x300001    program     static C:\Nerd Stuff\uC\C 18\irLcd\main.c
               __config_1   0x300006    program     static C:\Nerd Stuff\uC\C 18\irLcd\main.c
                     SIGN   0x000000       data     extern C:\MCC18\SRC\TRADIT~1\MATH\cmath18.asm
            __FPFLAGSbits   0x000001       data     extern C:\MCC18\SRC\TRADIT~1\MATH\cmath18.asm
                __FPFLAGS   0x000001       data     extern C:\MCC18\SRC\TRADIT~1\MATH\cmath18.asm
                  __REMB3   0x000002       data     extern C:\MCC18\SRC\TRADIT~1\MATH\aarg.asm
                 __AARGB7   0x000002       data     extern C:\MCC18\SRC\TRADIT~1\MATH\aarg.asm
                 __AARGB6   0x000003       data     extern C:\MCC18\SRC\TRADIT~1\MATH\aarg.asm
                  __REMB2   0x000003       data     extern C:\MCC18\SRC\TRADIT~1\MATH\aarg.asm
                 __AARGB5   0x000004       data     extern C:\MCC18\SRC\TRADIT~1\MATH\aarg.asm
                  __REMB1   0x000004       data     extern C:\MCC18\SRC\TRADIT~1\MATH\aarg.asm
                 __AARGB4   0x000005       data     extern C:\MCC18\SRC\TRADIT~1\MATH\aarg.asm
                  __REMB0   0x000005       data     extern C:\MCC18\SRC\TRADIT~1\MATH\aarg.asm
                 __AARGB3   0x000006       data     extern C:\MCC18\SRC\TRADIT~1\MATH\aarg.asm
                 __AARGB2   0x000007       data     extern C:\MCC18\SRC\TRADIT~1\MATH\aarg.asm
                 __AARGB1   0x000008       data     extern C:\MCC18\SRC\TRADIT~1\MATH\aarg.asm
                 __AARGB0   0x000009       data     extern C:\MCC18\SRC\TRADIT~1\MATH\aarg.asm
                   __AEXP   0x00000a       data     extern C:\MCC18\SRC\TRADIT~1\MATH\aarg.asm
                 __BARGB3   0x00000b       data     extern C:\MCC18\SRC\TRADIT~1\MATH\barg.asm
                 __BARGB2   0x00000c       data     extern C:\MCC18\SRC\TRADIT~1\MATH\barg.asm
                 __BARGB1   0x00000d       data     extern C:\MCC18\SRC\TRADIT~1\MATH\barg.asm
                 __BARGB0   0x00000e       data     extern C:\MCC18\SRC\TRADIT~1\MATH\barg.asm
                   __BEXP   0x00000f       data     extern C:\MCC18\SRC\TRADIT~1\MATH\barg.asm
                 __TEMPB3   0x000010       data     extern C:\MCC18\SRC\TRADIT~1\MATH\temparg.asm
                 __TEMPB2   0x000011       data     extern C:\MCC18\SRC\TRADIT~1\MATH\temparg.asm
                 __TEMPB1   0x000012       data     extern C:\MCC18\SRC\TRADIT~1\MATH\temparg.asm
                 __TEMPB0   0x000013       data     extern C:\MCC18\SRC\TRADIT~1\MATH\temparg.asm
                   __TEMP   0x000013       data     extern C:\MCC18\SRC\TRADIT~1\MATH\temparg.asm
                  __tmp_0   0x000014       data     static C:\Nerd Stuff\uC\C 18\irLcd\main.c
                  __tmp_0   0x000014       data     static C:\Nerd Stuff\uC\C 18\irLcd\RenLCD.c
                  __tmp_0   0x000014       data     static C:\MCC18\src\TRADIT~1\stdclib\putc.c
                  __tmp_0   0x000014       data     static C:\MCC18\src\TRADIT~1\stdclib\vfprintf.c
                  __tmp_0   0x000014       data     static C:\MCC18\src\TRADIT~1\stdclib\sprintf.c
            DelayCounter2   0x00001b       data     extern C:\MCC18\SRC\TRADIT~1\DELAYS\delayd2.asm
            DelayCounter1   0x00001c       data     extern C:\MCC18\SRC\TRADIT~1\DELAYS\delayd1.asm
                     prom   0x000060       data     static C:\MCC18\src\traditional\startup\c018i.c
                curr_byte   0x000063       data     static C:\MCC18\src\traditional\startup\c018i.c
               curr_entry   0x000065       data     static C:\MCC18\src\traditional\startup\c018i.c
                 data_ptr   0x000067       data     static C:\MCC18\src\traditional\startup\c018i.c
                   SSPMSK   0x000f77       data     extern C:\MCC18\src\traditional\proc\p18f25k20.asm
               SSPMSKbits   0x000f77       data     extern C:\MCC18\src\traditional\proc\p18f25k20.asm
               SLRCONbits   0x000f78       data     extern C:\MCC18\src\traditional\proc\p18f25k20.asm
                   SLRCON   0x000f78       data     extern C:\MCC18\src\traditional\proc\p18f25k20.asm
                  CM2CON1   0x000f79       data     extern C:\MCC18\src\traditional\proc\p18f25k20.asm
              CM2CON1bits   0x000f79       data     extern C:\MCC18\src\traditional\proc\p18f25k20.asm
              CM2CON0bits   0x000f7a       data     extern C:\MCC18\src\traditional\proc\p18f25k20.asm
                  CM2CON0   0x000f7a       data     extern C:\MCC18\src\traditional\proc\p18f25k20.asm
              CM1CON0bits   0x000f7b       data     extern C:\MCC18\src\traditional\proc\p18f25k20.asm
                  CM1CON0   0x000f7b       data     extern C:\MCC18\src\traditional\proc\p18f25k20.asm
                     WPUB   0x000f7c       data     extern C:\MCC18\src\traditional\proc\p18f25k20.asm
                 WPUBbits   0x000f7c       data     extern C:\MCC18\src\traditional\proc\p18f25k20.asm
                 IOCBbits   0x000f7d       data     extern C:\MCC18\src\traditional\proc\p18f25k20.asm
                     IOCB   0x000f7d       data     extern C:\MCC18\src\traditional\proc\p18f25k20.asm
                    ANSEL   0x000f7e       data     extern C:\MCC18\src\traditional\proc\p18f25k20.asm
                ANSELbits   0x000f7e       data     extern C:\MCC18\src\traditional\proc\p18f25k20.asm
                   ANSELH   0x000f7f       data     extern C:\MCC18\src\traditional\proc\p18f25k20.asm
               ANSELHbits   0x000f7f       data     extern C:\MCC18\src\traditional\proc\p18f25k20.asm
                    PORTA   0x000f80       data     extern C:\MCC18\src\traditional\proc\p18f25k20.asm
                PORTAbits   0x000f80       data     extern C:\MCC18\src\traditional\proc\p18f25k20.asm
                PORTBbits   0x000f81       data     extern C:\MCC18\src\traditional\proc\p18f25k20.asm
                    PORTB   0x000f81       data     extern C:\MCC18\src\traditional\proc\p18f25k20.asm
                    PORTC   0x000f82       data     extern C:\MCC18\src\traditional\proc\p18f25k20.asm
                PORTCbits   0x000f82       data     extern C:\MCC18\src\traditional\proc\p18f25k20.asm
                    PORTE   0x000f84       data     extern C:\MCC18\src\traditional\proc\p18f25k20.asm
                PORTEbits   0x000f84       data     extern C:\MCC18\src\traditional\proc\p18f25k20.asm
                     LATA   0x000f89       data     extern C:\MCC18\src\traditional\proc\p18f25k20.asm
                 LATAbits   0x000f89       data     extern C:\MCC18\src\traditional\proc\p18f25k20.asm
                 LATBbits   0x000f8a       data     extern C:\MCC18\src\traditional\proc\p18f25k20.asm
                     LATB   0x000f8a       data     extern C:\MCC18\src\traditional\proc\p18f25k20.asm
                 LATCbits   0x000f8b       data     extern C:\MCC18\src\traditional\proc\p18f25k20.asm
                     LATC   0x000f8b       data     extern C:\MCC18\src\traditional\proc\p18f25k20.asm
                     DDRA   0x000f92       data     extern C:\MCC18\src\traditional\proc\p18f25k20.asm
                TRISAbits   0x000f92       data     extern C:\MCC18\src\traditional\proc\p18f25k20.asm
                    TRISA   0x000f92       data     extern C:\MCC18\src\traditional\proc\p18f25k20.asm
                 DDRAbits   0x000f92       data     extern C:\MCC18\src\traditional\proc\p18f25k20.asm
                 DDRBbits   0x000f93       data     extern C:\MCC18\src\traditional\proc\p18f25k20.asm
                TRISBbits   0x000f93       data     extern C:\MCC18\src\traditional\proc\p18f25k20.asm
                    TRISB   0x000f93       data     extern C:\MCC18\src\traditional\proc\p18f25k20.asm
                     DDRB   0x000f93       data     extern C:\MCC18\src\traditional\proc\p18f25k20.asm
                 DDRCbits   0x000f94       data     extern C:\MCC18\src\traditional\proc\p18f25k20.asm
                     DDRC   0x000f94       data     extern C:\MCC18\src\traditional\proc\p18f25k20.asm
                TRISCbits   0x000f94       data     extern C:\MCC18\src\traditional\proc\p18f25k20.asm
                    TRISC   0x000f94       data     extern C:\MCC18\src\traditional\proc\p18f25k20.asm
              OSCTUNEbits   0x000f9b       data     extern C:\MCC18\src\traditional\proc\p18f25k20.asm
                  OSCTUNE   0x000f9b       data     extern C:\MCC18\src\traditional\proc\p18f25k20.asm
                 PIE1bits   0x000f9d       data     extern C:\MCC18\src\traditional\proc\p18f25k20.asm
                     PIE1   0x000f9d       data     extern C:\MCC18\src\traditional\proc\p18f25k20.asm
                 PIR1bits   0x000f9e       data     extern C:\MCC18\src\traditional\proc\p18f25k20.asm
                     PIR1   0x000f9e       data     extern C:\MCC18\src\traditional\proc\p18f25k20.asm
                     IPR1   0x000f9f       data     extern C:\MCC18\src\traditional\proc\p18f25k20.asm
                 IPR1bits   0x000f9f       data     extern C:\MCC18\src\traditional\proc\p18f25k20.asm
                     PIE2   0x000fa0       data     extern C:\MCC18\src\traditional\proc\p18f25k20.asm
                 PIE2bits   0x000fa0       data     extern C:\MCC18\src\traditional\proc\p18f25k20.asm
                 PIR2bits   0x000fa1       data     extern C:\MCC18\src\traditional\proc\p18f25k20.asm
                     PIR2   0x000fa1       data     extern C:\MCC18\src\traditional\proc\p18f25k20.asm
                     IPR2   0x000fa2       data     extern C:\MCC18\src\traditional\proc\p18f25k20.asm
                 IPR2bits   0x000fa2       data     extern C:\MCC18\src\traditional\proc\p18f25k20.asm
               EECON1bits   0x000fa6       data     extern C:\MCC18\src\traditional\proc\p18f25k20.asm
                   EECON1   0x000fa6       data     extern C:\MCC18\src\traditional\proc\p18f25k20.asm
                   EECON2   0x000fa7       data     extern C:\MCC18\src\traditional\proc\p18f25k20.asm
                   EEDATA   0x000fa8       data     extern C:\MCC18\src\traditional\proc\p18f25k20.asm
                    EEADR   0x000fa9       data     extern C:\MCC18\src\traditional\proc\p18f25k20.asm
                    RCSTA   0x000fab       data     extern C:\MCC18\src\traditional\proc\p18f25k20.asm
                RCSTAbits   0x000fab       data     extern C:\MCC18\src\traditional\proc\p18f25k20.asm
                    TXSTA   0x000fac       data     extern C:\MCC18\src\traditional\proc\p18f25k20.asm
                TXSTAbits   0x000fac       data     extern C:\MCC18\src\traditional\proc\p18f25k20.asm
                    TXREG   0x000fad       data     extern C:\MCC18\src\traditional\proc\p18f25k20.asm
                    RCREG   0x000fae       data     extern C:\MCC18\src\traditional\proc\p18f25k20.asm
                    SPBRG   0x000faf       data     extern C:\MCC18\src\traditional\proc\p18f25k20.asm
                   SPBRGH   0x000fb0       data     extern C:\MCC18\src\traditional\proc\p18f25k20.asm
                    T3CON   0x000fb1       data     extern C:\MCC18\src\traditional\proc\p18f25k20.asm
                T3CONbits   0x000fb1       data     extern C:\MCC18\src\traditional\proc\p18f25k20.asm
                    TMR3L   0x000fb2       data     extern C:\MCC18\src\traditional\proc\p18f25k20.asm
                    TMR3H   0x000fb3       data     extern C:\MCC18\src\traditional\proc\p18f25k20.asm
                  CVRCON2   0x000fb4       data     extern C:\MCC18\src\traditional\proc\p18f25k20.asm
              CVRCON2bits   0x000fb4       data     extern C:\MCC18\src\traditional\proc\p18f25k20.asm
                   CVRCON   0x000fb5       data     extern C:\MCC18\src\traditional\proc\p18f25k20.asm
               CVRCONbits   0x000fb5       data     extern C:\MCC18\src\traditional\proc\p18f25k20.asm
                  ECCP1AS   0x000fb6       data     extern C:\MCC18\src\traditional\proc\p18f25k20.asm
              ECCP1ASbits   0x000fb6       data     extern C:\MCC18\src\traditional\proc\p18f25k20.asm
              PWM1CONbits   0x000fb7       data     extern C:\MCC18\src\traditional\proc\p18f25k20.asm
                  PWM1CON   0x000fb7       data     extern C:\MCC18\src\traditional\proc\p18f25k20.asm
                  BAUDCON   0x000fb8       data     extern C:\MCC18\src\traditional\proc\p18f25k20.asm
              BAUDCONbits   0x000fb8       data     extern C:\MCC18\src\traditional\proc\p18f25k20.asm
                  BAUDCTL   0x000fb8       data     extern C:\MCC18\src\traditional\proc\p18f25k20.asm
              BAUDCTLbits   0x000fb8       data     extern C:\MCC18\src\traditional\proc\p18f25k20.asm
              PSTRCONbits   0x000fb9       data     extern C:\MCC18\src\traditional\proc\p18f25k20.asm
                  PSTRCON   0x000fb9       data     extern C:\MCC18\src\traditional\proc\p18f25k20.asm
                  CCP2CON   0x000fba       data     extern C:\MCC18\src\traditional\proc\p18f25k20.asm
              CCP2CONbits   0x000fba       data     extern C:\MCC18\src\traditional\proc\p18f25k20.asm
                    CCPR2   0x000fbb       data     extern C:\MCC18\src\traditional\proc\p18f25k20.asm
                   CCPR2L   0x000fbb       data     extern C:\MCC18\src\traditional\proc\p18f25k20.asm
                   CCPR2H   0x000fbc       data     extern C:\MCC18\src\traditional\proc\p18f25k20.asm
                  CCP1CON   0x000fbd       data     extern C:\MCC18\src\traditional\proc\p18f25k20.asm
              CCP1CONbits   0x000fbd       data     extern C:\MCC18\src\traditional\proc\p18f25k20.asm
                   CCPR1L   0x000fbe       data     extern C:\MCC18\src\traditional\proc\p18f25k20.asm
                    CCPR1   0x000fbe       data     extern C:\MCC18\src\traditional\proc\p18f25k20.asm
                   CCPR1H   0x000fbf       data     extern C:\MCC18\src\traditional\proc\p18f25k20.asm
               ADCON2bits   0x000fc0       data     extern C:\MCC18\src\traditional\proc\p18f25k20.asm
                   ADCON2   0x000fc0       data     extern C:\MCC18\src\traditional\proc\p18f25k20.asm
               ADCON1bits   0x000fc1       data     extern C:\MCC18\src\traditional\proc\p18f25k20.asm
                   ADCON1   0x000fc1       data     extern C:\MCC18\src\traditional\proc\p18f25k20.asm
                   ADCON0   0x000fc2       data     extern C:\MCC18\src\traditional\proc\p18f25k20.asm
               ADCON0bits   0x000fc2       data     extern C:\MCC18\src\traditional\proc\p18f25k20.asm
                   ADRESL   0x000fc3       data     extern C:\MCC18\src\traditional\proc\p18f25k20.asm
                    ADRES   0x000fc3       data     extern C:\MCC18\src\traditional\proc\p18f25k20.asm
                   ADRESH   0x000fc4       data     extern C:\MCC18\src\traditional\proc\p18f25k20.asm
                  SSPCON2   0x000fc5       data     extern C:\MCC18\src\traditional\proc\p18f25k20.asm
              SSPCON2bits   0x000fc5       data     extern C:\MCC18\src\traditional\proc\p18f25k20.asm
                  SSPCON1   0x000fc6       data     extern C:\MCC18\src\traditional\proc\p18f25k20.asm
              SSPCON1bits   0x000fc6       data     extern C:\MCC18\src\traditional\proc\p18f25k20.asm
              SSPSTATbits   0x000fc7       data     extern C:\MCC18\src\traditional\proc\p18f25k20.asm
                  SSPSTAT   0x000fc7       data     extern C:\MCC18\src\traditional\proc\p18f25k20.asm
                   SSPADD   0x000fc8       data     extern C:\MCC18\src\traditional\proc\p18f25k20.asm
                   SSPBUF   0x000fc9       data     extern C:\MCC18\src\traditional\proc\p18f25k20.asm
                    T2CON   0x000fca       data     extern C:\MCC18\src\traditional\proc\p18f25k20.asm
                T2CONbits   0x000fca       data     extern C:\MCC18\src\traditional\proc\p18f25k20.asm
                      PR2   0x000fcb       data     extern C:\MCC18\src\traditional\proc\p18f25k20.asm
                     TMR2   0x000fcc       data     extern C:\MCC18\src\traditional\proc\p18f25k20.asm
                    T1CON   0x000fcd       data     extern C:\MCC18\src\traditional\proc\p18f25k20.asm
                T1CONbits   0x000fcd       data     extern C:\MCC18\src\traditional\proc\p18f25k20.asm
                    TMR1L   0x000fce       data     extern C:\MCC18\src\traditional\proc\p18f25k20.asm
                    TMR1H   0x000fcf       data     extern C:\MCC18\src\traditional\proc\p18f25k20.asm
                 RCONbits   0x000fd0       data     extern C:\MCC18\src\traditional\proc\p18f25k20.asm
                     RCON   0x000fd0       data     extern C:\MCC18\src\traditional\proc\p18f25k20.asm
               WDTCONbits   0x000fd1       data     extern C:\MCC18\src\traditional\proc\p18f25k20.asm
                   WDTCON   0x000fd1       data     extern C:\MCC18\src\traditional\proc\p18f25k20.asm
              HLVDCONbits   0x000fd2       data     extern C:\MCC18\src\traditional\proc\p18f25k20.asm
                   LVDCON   0x000fd2       data     extern C:\MCC18\src\traditional\proc\p18f25k20.asm
               LVDCONbits   0x000fd2       data     extern C:\MCC18\src\traditional\proc\p18f25k20.asm
                  HLVDCON   0x000fd2       data     extern C:\MCC18\src\traditional\proc\p18f25k20.asm
               OSCCONbits   0x000fd3       data     extern C:\MCC18\src\traditional\proc\p18f25k20.asm
                   OSCCON   0x000fd3       data     extern C:\MCC18\src\traditional\proc\p18f25k20.asm
                T0CONbits   0x000fd5       data     extern C:\MCC18\src\traditional\proc\p18f25k20.asm
                    T0CON   0x000fd5       data     extern C:\MCC18\src\traditional\proc\p18f25k20.asm
                    TMR0L   0x000fd6       data     extern C:\MCC18\src\traditional\proc\p18f25k20.asm
                    TMR0H   0x000fd7       data     extern C:\MCC18\src\traditional\proc\p18f25k20.asm
               STATUSbits   0x000fd8       data     extern C:\MCC18\src\traditional\proc\p18f25k20.asm
                   STATUS   0x000fd8       data     extern C:\MCC18\src\traditional\proc\p18f25k20.asm
                    FSR2L   0x000fd9       data     extern C:\MCC18\src\traditional\proc\p18f25k20.asm
                     FSR2   0x000fd9       data     extern C:\MCC18\src\traditional\proc\p18f25k20.asm
                    FSR2H   0x000fda       data     extern C:\MCC18\src\traditional\proc\p18f25k20.asm
                   PLUSW2   0x000fdb       data     extern C:\MCC18\src\traditional\proc\p18f25k20.asm
                  PREINC2   0x000fdc       data     extern C:\MCC18\src\traditional\proc\p18f25k20.asm
                 POSTDEC2   0x000fdd       data     extern C:\MCC18\src\traditional\proc\p18f25k20.asm
                 POSTINC2   0x000fde       data     extern C:\MCC18\src\traditional\proc\p18f25k20.asm
                    INDF2   0x000fdf       data     extern C:\MCC18\src\traditional\proc\p18f25k20.asm
                      BSR   0x000fe0       data     extern C:\MCC18\src\traditional\proc\p18f25k20.asm
                    FSR1L   0x000fe1       data     extern C:\MCC18\src\traditional\proc\p18f25k20.asm
                     FSR1   0x000fe1       data     extern C:\MCC18\src\traditional\proc\p18f25k20.asm
                    FSR1H   0x000fe2       data     extern C:\MCC18\src\traditional\proc\p18f25k20.asm
                   PLUSW1   0x000fe3       data     extern C:\MCC18\src\traditional\proc\p18f25k20.asm
                  PREINC1   0x000fe4       data     extern C:\MCC18\src\traditional\proc\p18f25k20.asm
                 POSTDEC1   0x000fe5       data     extern C:\MCC18\src\traditional\proc\p18f25k20.asm
                 POSTINC1   0x000fe6       data     extern C:\MCC18\src\traditional\proc\p18f25k20.asm
                    INDF1   0x000fe7       data     extern C:\MCC18\src\traditional\proc\p18f25k20.asm
                        W   0x000fe8       data     extern C:\MCC18\src\traditional\proc\p18f25k20.asm
                     WREG   0x000fe8       data     extern C:\MCC18\src\traditional\proc\p18f25k20.asm
                     FSR0   0x000fe9       data     extern C:\MCC18\src\traditional\proc\p18f25k20.asm
                    FSR0L   0x000fe9       data     extern C:\MCC18\src\traditional\proc\p18f25k20.asm
                    FSR0H   0x000fea       data     extern C:\MCC18\src\traditional\proc\p18f25k20.asm
                   PLUSW0   0x000feb       data     extern C:\MCC18\src\traditional\proc\p18f25k20.asm
                  PREINC0   0x000fec       data     extern C:\MCC18\src\traditional\proc\p18f25k20.asm
                 POSTDEC0   0x000fed       data     extern C:\MCC18\src\traditional\proc\p18f25k20.asm
                 POSTINC0   0x000fee       data     extern C:\MCC18\src\traditional\proc\p18f25k20.asm
                    INDF0   0x000fef       data     extern C:\MCC18\src\traditional\proc\p18f25k20.asm
              INTCON3bits   0x000ff0       data     extern C:\MCC18\src\traditional\proc\p18f25k20.asm
                  INTCON3   0x000ff0       data     extern C:\MCC18\src\traditional\proc\p18f25k20.asm
              INTCON2bits   0x000ff1       data     extern C:\MCC18\src\traditional\proc\p18f25k20.asm
                  INTCON2   0x000ff1       data     extern C:\MCC18\src\traditional\proc\p18f25k20.asm
               INTCONbits   0x000ff2       data     extern C:\MCC18\src\traditional\proc\p18f25k20.asm
                   INTCON   0x000ff2       data     extern C:\MCC18\src\traditional\proc\p18f25k20.asm
                    PRODL   0x000ff3       data     extern C:\MCC18\src\traditional\proc\p18f25k20.asm
                     PROD   0x000ff3       data     extern C:\MCC18\src\traditional\proc\p18f25k20.asm
                    PRODH   0x000ff4       data     extern C:\MCC18\src\traditional\proc\p18f25k20.asm
                   TABLAT   0x000ff5       data     extern C:\MCC18\src\traditional\proc\p18f25k20.asm
                  TBLPTRL   0x000ff6       data     extern C:\MCC18\src\traditional\proc\p18f25k20.asm
                   TBLPTR   0x000ff6       data     extern C:\MCC18\src\traditional\proc\p18f25k20.asm
                  TBLPTRH   0x000ff7       data     extern C:\MCC18\src\traditional\proc\p18f25k20.asm
                  TBLPTRU   0x000ff8       data     extern C:\MCC18\src\traditional\proc\p18f25k20.asm
                       PC   0x000ff9       data     extern C:\MCC18\src\traditional\proc\p18f25k20.asm
                      PCL   0x000ff9       data     extern C:\MCC18\src\traditional\proc\p18f25k20.asm
                   PCLATH   0x000ffa       data     extern C:\MCC18\src\traditional\proc\p18f25k20.asm
                   PCLATU   0x000ffb       data     extern C:\MCC18\src\traditional\proc\p18f25k20.asm
                   STKPTR   0x000ffc       data     extern C:\MCC18\src\traditional\proc\p18f25k20.asm
               STKPTRbits   0x000ffc       data     extern C:\MCC18\src\traditional\proc\p18f25k20.asm
                     TOSL   0x000ffd       data     extern C:\MCC18\src\traditional\proc\p18f25k20.asm
                      TOS   0x000ffd       data     extern C:\MCC18\src\traditional\proc\p18f25k20.asm
                     TOSH   0x000ffe       data     extern C:\MCC18\src\traditional\proc\p18f25k20.asm
                     TOSU   0x000fff       data     extern C:\MCC18\src\traditional\proc\p18f25k20.asm


