MPASM  5.14                   16F877ATEMP.ASM   2-19-2008  22:17:37         PAGE  1


LOC  OBJECT CODE     LINE SOURCE TEXT
  VALUE

                      00001 ;**********************************************************************
                      00002 ;   This file is a basic code template for assembly code generation   *
                      00003 ;   on the PIC16F877A. This file contains the basic code              *
                      00004 ;   building blocks to build upon.                                    *  
                      00005 ;                                                                     *
                      00006 ;   If interrupts are not used all code presented between the ORG     *
                      00007 ;   0x004 directive and the label main can be removed. In addition    *
                      00008 ;   the variable assignments for 'w_temp' and 'status_temp' can       *
                      00009 ;   be removed.                                                       *                         
                      00010 ;                                                                     *
                      00011 ;   Refer to the MPASM User's Guide for additional information on     *
                      00012 ;   features of the assembler (Document DS33014).                     *
                      00013 ;                                                                     *
                      00014 ;   Refer to the respective PIC data sheet for additional            *
                      00015 ;   information on the instruction set.                               *
                      00016 ;                                                                     *
                      00017 ;**********************************************************************
                      00018 ;                                                                     *
                      00019 ;    Filename:      xxx.asm                                           *
                      00020 ;    Date:                                                            *
                      00021 ;    File Version:                                                    *
                      00022 ;                                                                     *
                      00023 ;    Author:                                                          *
                      00024 ;    Company:                                                         *
                      00025 ;                                                                     * 
                      00026 ;                                                                     *
                      00027 ;**********************************************************************
                      00028 ;                                                                     *
                      00029 ;    Files required:                                                  *
                      00030 ;                                                                     *
                      00031 ;                                                                     *
                      00032 ;                                                                     *
                      00033 ;**********************************************************************
                      00034 ;                                                                     *
                      00035 ;    Notes:                                                           *
                      00036 ;                                                                     *
                      00037 ;                                                                     *
                      00038 ;                                                                     *
                      00039 ;                                                                     *
                      00040 ;**********************************************************************
                      00041 
                      00042 
                      00043         list            p=16f877A       ; list directive to define processor
                      00044         #include        <p16f877A.inc>  ; processor specific variable definitions
                      00001         LIST
                      00002 ; P16F877A.INC  Standard Header File, Version 1.00    Microchip Technology, Inc.
                      00400         LIST
                      00045         
2007   3FB3           00046         __CONFIG _CP_OFF & _WDT_OFF & _BODEN_OFF & _PWRTE_ON & _RC_OSC & _WRT_OFF & _LVP_ON & _CPD_OFF
                      00047 
                      00048 ; '__CONFIG' directive is used to embed configuration data within .asm file.
                      00049 ; The lables following the directive are located in the respective .inc file.
                      00050 ; See respective data sheet for additional information on configuration word.
MPASM  5.14                   16F877ATEMP.ASM   2-19-2008  22:17:37         PAGE  2


LOC  OBJECT CODE     LINE SOURCE TEXT
  VALUE

                      00051 
                      00052 
                      00053 
                      00054 
                      00055 
                      00056 
                      00057 ;***** VARIABLE DEFINITIONS
  0000007D            00058 w_temp          EQU     0x7D            ; variable used for context saving 
  0000007E            00059 status_temp     EQU     0x7E            ; variable used for context saving
  0000007F            00060 pclath_temp     EQU     0x7F            ; variable used for context saving                      
                      00061 
                      00062 
                      00063 
                      00064 
                      00065 
                      00066 
                      00067 ;**********************************************************************
                      00068         ORG     0x000             ; processor reset vector
                      00069 
0000   0000           00070         nop                       ; nop required for icd
0001   2???           00071         goto    main              ; go to beginning of program
                      00072 
                      00073 
                      00074         ORG     0x004             ; interrupt vector location
                      00075 
0004   00FD           00076         movwf   w_temp            ; save off current W register contents
0005   0803           00077         movf    STATUS,w          ; move status register into W register
0006   00FE           00078         movwf   status_temp       ; save off contents of STATUS register
0007   080A           00079         movf    PCLATH,w          ; move pclath register into w register
0008   00FF           00080         movwf   pclath_temp       ; save off contents of PCLATH register
                      00081 
                      00082 ; isr code can go here or be located as a call subroutine elsewhere
                      00083 
0009   087F           00084         movf    pclath_temp,w     ; retrieve copy of PCLATH register
000A   008A           00085         movwf   PCLATH            ; restore pre-isr PCLATH register contents
000B   087E           00086         movf    status_temp,w     ; retrieve copy of STATUS register
000C   0083           00087         movwf   STATUS            ; restore pre-isr STATUS register contents
000D   0EFD           00088         swapf   w_temp,f
000E   0E7D           00089         swapf   w_temp,w          ; restore pre-isr W register contents
000F   0009           00090         retfie                    ; return from interrupt
                      00091 
                      00092 
                      00093 
0010                  00094 main
                      00095 
                      00096 ; remaining code goes here
                      00097 
                      00098 
                      00099 
                      00100 
                      00101 
                      00102 
                      00103 
MPASM  5.14                   16F877ATEMP.ASM   2-19-2008  22:17:37         PAGE  3


LOC  OBJECT CODE     LINE SOURCE TEXT
  VALUE

                      00104 
                      00105 
                      00106 
                      00107         END                       ; directive 'end of program'
MPASM  5.14                   16F877ATEMP.ASM   2-19-2008  22:17:37         PAGE  4


SYMBOL TABLE
  LABEL                             VALUE 

ACKDT                             00000005
ACKEN                             00000004
ACKSTAT                           00000006
ADCON0                            0000001F
ADCON1                            0000009F
ADCS0                             00000006
ADCS1                             00000007
ADCS2                             00000006
ADDEN                             00000003
ADFM                              00000007
ADIE                              00000006
ADIF                              00000006
ADON                              00000000
ADRESH                            0000001E
ADRESL                            0000009E
BCLIE                             00000003
BCLIF                             00000003
BF                                00000000
BRGH                              00000002
C                                 00000000
C1INV                             00000004
C1OUT                             00000006
C2INV                             00000005
C2OUT                             00000007
CCP1CON                           00000017
CCP1IE                            00000002
CCP1IF                            00000002
CCP1M0                            00000000
CCP1M1                            00000001
CCP1M2                            00000002
CCP1M3                            00000003
CCP1X                             00000005
CCP1Y                             00000004
CCP2CON                           0000001D
CCP2IE                            00000000
CCP2IF                            00000000
CCP2M0                            00000000
CCP2M1                            00000001
CCP2M2                            00000002
CCP2M3                            00000003
CCP2X                             00000005
CCP2Y                             00000004
CCPR1H                            00000016
CCPR1L                            00000015
CCPR2H                            0000001C
CCPR2L                            0000001B
CHS0                              00000003
CHS1                              00000004
CHS2                              00000005
CIS                               00000003
CKE                               00000006
CKP                               00000004
CM0                               00000000
MPASM  5.14                   16F877ATEMP.ASM   2-19-2008  22:17:37         PAGE  5


SYMBOL TABLE
  LABEL                             VALUE 

CM1                               00000001
CM2                               00000002
CMCON                             0000009C
CMIE                              00000006
CMIF                              00000006
CREN                              00000004
CSRC                              00000007
CVR0                              00000000
CVR1                              00000001
CVR2                              00000002
CVR3                              00000003
CVRCON                            0000009D
CVREN                             00000007
CVROE                             00000006
CVRR                              00000005
D                                 00000005
DATA_ADDRESS                      00000005
DC                                00000001
D_A                               00000005
EEADR                             0000010D
EEADRH                            0000010F
EECON1                            0000018C
EECON2                            0000018D
EEDATA                            0000010C
EEDATH                            0000010E
EEIE                              00000004
EEIF                              00000004
EEPGD                             00000007
F                                 00000001
FERR                              00000002
FSR                               00000004
GCEN                              00000007
GIE                               00000007
GO                                00000002
GO_DONE                           00000002
I2C_DATA                          00000005
I2C_READ                          00000002
I2C_START                         00000003
I2C_STOP                          00000004
IBF                               00000007
IBOV                              00000005
INDF                              00000000
INTCON                            0000000B
INTE                              00000004
INTEDG                            00000006
INTF                              00000001
IRP                               00000007
NOT_A                             00000005
NOT_ADDRESS                       00000005
NOT_BO                            00000000
NOT_BOR                           00000000
NOT_DONE                          00000002
NOT_PD                            00000003
MPASM  5.14                   16F877ATEMP.ASM   2-19-2008  22:17:37         PAGE  6


SYMBOL TABLE
  LABEL                             VALUE 

NOT_POR                           00000001
NOT_RBPU                          00000007
NOT_RC8                           00000006
NOT_T1SYNC                        00000002
NOT_TO                            00000004
NOT_TX8                           00000006
NOT_W                             00000002
NOT_WRITE                         00000002
OBF                               00000006
OERR                              00000001
OPTION_REG                        00000081
P                                 00000004
PCFG0                             00000000
PCFG1                             00000001
PCFG2                             00000002
PCFG3                             00000003
PCL                               00000002
PCLATH                            0000000A
PCON                              0000008E
PEIE                              00000006
PEN                               00000002
PIE1                              0000008C
PIE2                              0000008D
PIR1                              0000000C
PIR2                              0000000D
PORTA                             00000005
PORTB                             00000006
PORTC                             00000007
PORTD                             00000008
PORTE                             00000009
PR2                               00000092
PS0                               00000000
PS1                               00000001
PS2                               00000002
PSA                               00000003
PSPIE                             00000007
PSPIF                             00000007
PSPMODE                           00000004
R                                 00000002
RBIE                              00000003
RBIF                              00000000
RC8_9                             00000006
RC9                               00000006
RCD8                              00000000
RCEN                              00000003
RCIE                              00000005
RCIF                              00000005
RCREG                             0000001A
RCSTA                             00000018
RD                                00000000
READ_WRITE                        00000002
RP0                               00000005
RP1                               00000006
MPASM  5.14                   16F877ATEMP.ASM   2-19-2008  22:17:37         PAGE  7


SYMBOL TABLE
  LABEL                             VALUE 

RSEN                              00000001
RX9                               00000006
RX9D                              00000000
R_W                               00000002
S                                 00000003
SEN                               00000000
SMP                               00000007
SPBRG                             00000099
SPEN                              00000007
SREN                              00000005
SSPADD                            00000093
SSPBUF                            00000013
SSPCON                            00000014
SSPCON2                           00000091
SSPEN                             00000005
SSPIE                             00000003
SSPIF                             00000003
SSPM0                             00000000
SSPM1                             00000001
SSPM2                             00000002
SSPM3                             00000003
SSPOV                             00000006
SSPSTAT                           00000094
STATUS                            00000003
SYNC                              00000004
T0CS                              00000005
T0IE                              00000005
T0IF                              00000002
T0SE                              00000004
T1CKPS0                           00000004
T1CKPS1                           00000005
T1CON                             00000010
T1INSYNC                          00000002
T1OSCEN                           00000003
T1SYNC                            00000002
T2CKPS0                           00000000
T2CKPS1                           00000001
T2CON                             00000012
TMR0                              00000001
TMR0IE                            00000005
TMR0IF                            00000002
TMR1CS                            00000001
TMR1H                             0000000F
TMR1IE                            00000000
TMR1IF                            00000000
TMR1L                             0000000E
TMR1ON                            00000000
TMR2                              00000011
TMR2IE                            00000001
TMR2IF                            00000001
TMR2ON                            00000002
TOUTPS0                           00000003
TOUTPS1                           00000004
MPASM  5.14                   16F877ATEMP.ASM   2-19-2008  22:17:37         PAGE  8


SYMBOL TABLE
  LABEL                             VALUE 

TOUTPS2                           00000005
TOUTPS3                           00000006
TRISA                             00000085
TRISB                             00000086
TRISC                             00000087
TRISD                             00000088
TRISE                             00000089
TRISE0                            00000000
TRISE1                            00000001
TRISE2                            00000002
TRMT                              00000001
TX8_9                             00000006
TX9                               00000006
TX9D                              00000000
TXD8                              00000000
TXEN                              00000005
TXIE                              00000004
TXIF                              00000004
TXREG                             00000019
TXSTA                             00000098
UA                                00000001
W                                 00000000
WCOL                              00000007
WR                                00000001
WREN                              00000002
WRERR                             00000003
Z                                 00000002
_BODEN_OFF                        00003FBF
_BODEN_ON                         00003FFF
_CPD_OFF                          00003FFF
_CPD_ON                           00003EFF
_CP_ALL                           00001FFF
_CP_OFF                           00003FFF
_DEBUG_OFF                        00003FFF
_DEBUG_ON                         000037FF
_HS_OSC                           00003FFE
_LP_OSC                           00003FFC
_LVP_OFF                          00003F7F
_LVP_ON                           00003FFF
_PWRTE_OFF                        00003FFF
_PWRTE_ON                         00003FF7
_RC_OSC                           00003FFF
_WDT_OFF                          00003FFB
_WDT_ON                           00003FFF
_WRT_1FOURTH                      00003BFF
_WRT_256                          00003DFF
_WRT_HALF                         000039FF
_WRT_OFF                          00003FFF
_XT_OSC                           00003FFD
__16F877A                         00000001
main                              00000010
pclath_temp                       0000007F
status_temp                       0000007E
MPASM  5.14                   16F877ATEMP.ASM   2-19-2008  22:17:37         PAGE  9


SYMBOL TABLE
  LABEL                             VALUE 

w_temp                            0000007D

Errors   :     0
Warnings :     0 reported,     0 suppressed
Messages :     0 reported,     0 suppressed

