MPLINK 4.33, Linker
Linker Map File - Created Thu Apr 15 05:02:37 2010

                                 Section Info
                  Section       Type    Address   Location Size(Bytes)
                ---------  ---------  ---------  ---------  ---------
               _entry_scn       code   0x000000    program   0x000006
       .code__user_putc.o       code   0x000006    program   0x000002
              high_vector       code   0x000008    program   0x000006
          .code_adcbusy.o       code   0x00000e    program   0x00000a
               low_vector       code   0x000018    program   0x000006
                   .cinit    romdata   0x00001e    program   0x00000e
         .code_vfprintf.o       code   0x00002c    program   0x000c22
             .code_main.o       code   0x000c4e    program   0x00080c
             .code_init.o       code   0x00145a    program   0x000168
          .code_sprintf.o       code   0x0015c2    program   0x0000ac
             .stringtable    romdata   0x00166e    program   0x0000a8
                     PROG       code   0x001716    program   0x0000a6
               _cinit_scn       code   0x0017bc    program   0x00009e
             .code_putc.o       code   0x00185a    program   0x000084
          .code_adcopen.o       code   0x0018de    program   0x00007e
          .code_fxm3232.o       code   0x00195c    program   0x000070
                   STRING       code   0x0019cc    program   0x000066
         .code_fxd3232u.o       code   0x001a32    program   0x000048
          .code_t0write.o       code   0x001a7a    program   0x000038
         .code_adcsetch.o       code   0x001ab2    program   0x00002e
         .code_fxd1616u.o       code   0x001ae0    program   0x00002c
                    CTYPE       code   0x001b0c    program   0x000024
             _startup_scn       code   0x001b30    program   0x00001c
                    STDIO       code   0x001b4c    program   0x00001c
             D100TCYXCODE       code   0x001b68    program   0x00001c
          .code_adcread.o       code   0x001b84    program   0x000012
      .romdata_vfprintf.o    romdata   0x001b96    program   0x000011
        .idata___init.o_i    romdata   0x001ba7    program   0x000000
       .romdata_fxm3232.o    romdata   0x001ba7    program   0x000000
        .romdata___init.o    romdata   0x001ba7    program   0x000000
       .idata_sprintf.o_i    romdata   0x001ba7    program   0x000000
       .romdata_sprintf.o    romdata   0x001ba7    program   0x000000
    .romdata__user_putc.o    romdata   0x001ba7    program   0x000000
    .idata__user_putc.o_i    romdata   0x001ba7    program   0x000000
      .idata_vfprintf.o_i    romdata   0x001ba7    program   0x000000
          .idata_putc.o_i    romdata   0x001ba7    program   0x000000
      .idata_fxd3232u.o_i    romdata   0x001ba7    program   0x000000
      .romdata_fxd3232u.o    romdata   0x001ba7    program   0x000000
          .romdata_putc.o    romdata   0x001ba7    program   0x000000
       .idata_fxm3232.o_i    romdata   0x001ba7    program   0x000000
         .idata_c018i.o_i    romdata   0x001ba7    program   0x000000
         .romdata_c018i.o    romdata   0x001ba7    program   0x000000
          .romdata_main.o    romdata   0x001ba7    program   0x000000
          .idata_init.o_i    romdata   0x001ba7    program   0x000000
          .romdata_init.o    romdata   0x001ba7    program   0x000000
       .idata_adcbusy.o_i    romdata   0x001ba7    program   0x000000
       .romdata_adcbusy.o    romdata   0x001ba7    program   0x000000
       .idata_adcconv.o_i    romdata   0x001ba7    program   0x000000
       .romdata_adcconv.o    romdata   0x001ba7    program   0x000000
      .idata_fxd1616u.o_i    romdata   0x001ba7    program   0x000000
      .romdata_fxd1616u.o    romdata   0x001ba7    program   0x000000
       .idata_adcopen.o_i    romdata   0x001ba7    program   0x000000
       .romdata_adcopen.o    romdata   0x001ba7    program   0x000000
       .idata_adcread.o_i    romdata   0x001ba7    program   0x000000
       .romdata_adcread.o    romdata   0x001ba7    program   0x000000
      .idata_adcsetch.o_i    romdata   0x001ba7    program   0x000000
      .romdata_adcsetch.o    romdata   0x001ba7    program   0x000000
       .idata_t0write.o_i    romdata   0x001ba7    program   0x000000
       .romdata_t0write.o    romdata   0x001ba7    program   0x000000
                    .code       code   0x001ba8    program   0x00000e
            .code_c018i.o       code   0x001ba8    program   0x000000
          .code_adcconv.o       code   0x001bb6    program   0x000004
           .code___init.o       code   0x001bba    program   0x000002
          .idata_main.o_i    romdata   0x001bbc    program   0x000075
    .config_300001_main.o    romdata   0x300001    program   0x000001
    .config_300006_main.o    romdata   0x300006    program   0x000001
                MATH_DATA      udata   0x000000       data   0x000014
                 .tmpdata      udata   0x000014       data   0x000007
                DELAYDAT1      udata   0x00001b       data   0x000001
            .idata_main.o      idata   0x000060       data   0x000075
            .udata_main.o      udata   0x0000d5       data   0x000014
           .udata_c018i.o      udata   0x0000e9       data   0x00000a
         .udata_t0write.o      udata   0x0000f3       data   0x000000
         .idata_t0write.o      idata   0x0000f3       data   0x000000
          .udata___init.o      udata   0x0000f3       data   0x000000
          .idata___init.o      idata   0x0000f3       data   0x000000
         .udata_sprintf.o      udata   0x0000f3       data   0x000000
         .idata_sprintf.o      idata   0x0000f3       data   0x000000
        .udata_vfprintf.o      udata   0x0000f3       data   0x000000
        .idata_vfprintf.o      idata   0x0000f3       data   0x000000
        .udata_fxd3232u.o      udata   0x0000f3       data   0x000000
        .idata_fxd3232u.o      idata   0x0000f3       data   0x000000
         .udata_fxm3232.o      udata   0x0000f3       data   0x000000
         .idata_fxm3232.o      idata   0x0000f3       data   0x000000
            .udata_putc.o      udata   0x0000f3       data   0x000000
            .idata_putc.o      idata   0x0000f3       data   0x000000
      .udata__user_putc.o      udata   0x0000f3       data   0x000000
      .idata__user_putc.o      idata   0x0000f3       data   0x000000
           .idata_c018i.o      idata   0x0000f3       data   0x000000
            .udata_init.o      udata   0x0000f3       data   0x000000
            .idata_init.o      idata   0x0000f3       data   0x000000
         .udata_adcbusy.o      udata   0x0000f3       data   0x000000
         .idata_adcbusy.o      idata   0x0000f3       data   0x000000
         .udata_adcconv.o      udata   0x0000f3       data   0x000000
         .idata_adcconv.o      idata   0x0000f3       data   0x000000
        .udata_fxd1616u.o      udata   0x0000f3       data   0x000000
        .idata_fxd1616u.o      idata   0x0000f3       data   0x000000
         .udata_adcopen.o      udata   0x0000f3       data   0x000000
         .idata_adcopen.o      idata   0x0000f3       data   0x000000
         .udata_adcread.o      udata   0x0000f3       data   0x000000
         .idata_adcread.o      idata   0x0000f3       data   0x000000
        .udata_adcsetch.o      udata   0x0000f3       data   0x000000
        .idata_adcsetch.o      idata   0x0000f3       data   0x000000
                   .stack      udata   0x000500       data   0x000100
            SFR_UNBANKED0      udata   0x000f77       data   0x000089



                              Program Memory Usage 
                               Start         End      
                           ---------   ---------      
                            0x000000    0x001ba6      
                            0x001ba8    0x001c30      
                            0x300001    0x300001      
                            0x300006    0x300006      
            7218 out of 33048 program addresses used, program memory utilization is 21%



                              Symbols - Sorted by Name
                     Name    Address   Location    Storage File                     
                ---------  ---------  ---------  --------- ---------                
                  BusyADC   0x00000e    program     extern C:\MCC18\src\pmc_common\ADC\adcbusy.c
            CalcServosPos   0x001292    program     extern C:\Nerd Stuff\uC\C 18\mobot2010\adcTest\main.c
            CalcThreshold   0x001160    program     extern C:\Nerd Stuff\uC\C 18\mobot2010\adcTest\main.c
               CollectADC   0x000e42    program     extern C:\Nerd Stuff\uC\C 18\mobot2010\adcTest\main.c
               ConvertADC   0x001bb6    program     extern C:\MCC18\src\pmc_common\ADC\adcconv.c
                   D100_1   0x001b76    program     static C:\MCC18\src\traditional\delays\d100tcyx.asm
                    D100x   0x001b74    program     static C:\MCC18\src\traditional\delays\d100tcyx.asm
                   D1616S   0x001738    program     static C:\MCC18\src\traditional\math\fxd1616s.asm
                D1616SNEG   0x001746    program     static C:\MCC18\src\traditional\math\fxd1616s.asm
                 D1616SOK   0x001742    program     static C:\MCC18\src\traditional\math\fxd1616s.asm
                  D1616SX   0x001758    program     static C:\MCC18\src\traditional\math\fxd1616s.asm
                  DA1616S   0x001728    program     static C:\MCC18\src\traditional\math\fxd1616s.asm
             Delay100TCYx   0x001b68    program     extern C:\MCC18\src\traditional\delays\d100tcyx.asm
                 FXD1616S   0x001716    program     extern C:\MCC18\src\traditional\math\fxd1616s.asm
                 FXD1616U   0x001ae0    program     extern C:\MCC18\src\traditional\math\fxd1616u.c
                 FXD3232U   0x001a32    program     extern C:\MCC18\src\traditional\math\fxd3232u.c
                 FXM1616S   0x001762    program     extern C:\MCC18\src\traditional\math\fxm1616s.asm
                  FXM3232   0x00195c    program     extern C:\MCC18\src\traditional\math\fxm3232.c
                LineTrace   0x001326    program     extern C:\Nerd Stuff\uC\C 18\mobot2010\adcTest\main.c
                  OpenADC   0x0018de    program     extern C:\MCC18\src\pmc_common\ADC\adcopen.c
                  ReadADC   0x001b84    program     extern C:\MCC18\src\pmc_common\ADC\adcread.c
                 SendUART   0x000dc6    program     extern C:\Nerd Stuff\uC\C 18\mobot2010\adcTest\main.c
               SetChanADC   0x001ab2    program     extern C:\MCC18\src\pmc_common\ADC\adcsetch.c
               StoreBlack   0x001086    program     extern C:\Nerd Stuff\uC\C 18\mobot2010\adcTest\main.c
               StoreWhite   0x000fac    program     extern C:\Nerd Stuff\uC\C 18\mobot2010\adcTest\main.c
               TSIGN1616A   0x0017ae    program     static C:\MCC18\src\traditional\math\fxm1616s.asm
              WriteTimer0   0x001a7a    program     extern C:\MCC18\src\pmc_common\Timers\t0write.c
                   _2jEnd   0x001a1c    program     static C:\MCC18\src\traditional\stdclib\slenpgm.asm
       _D100TCYXCODE_0008   0x001b70    program     static C:\MCC18\src\traditional\delays\d100tcyx.asm
       _D100TCYXCODE_0012   0x001b7a    program     static C:\MCC18\src\traditional\delays\d100tcyx.asm
       _D100TCYXCODE_0018   0x001b80    program     static C:\MCC18\src\traditional\delays\d100tcyx.asm
       ___return_lbl00000   0x001b0a    program     static                          
       ___return_lbl00000   0x00000c    program     static                          
       ___return_lbl00000   0x000004    program     static                          
       ___return_lbl00000   0x0019ca    program     static                          
       ___return_lbl00000   0x001a78    program     static                          
       ___return_lbl00001   0x001b4a    program     static                          
       ___return_lbl00002   0x001858    program     static                          
       ___return_lbl00005   0x00001c    program     static                          
               __config_0   0x300001    program     static C:\Nerd Stuff\uC\C 18\mobot2010\adcTest\main.c
               __config_1   0x300006    program     static C:\Nerd Stuff\uC\C 18\mobot2010\adcTest\main.c
                   __init   0x001bba    program     extern C:\MCC18\src\traditional\stdclib\__init.c
                   __pa_0   0x00096c    program     static C:\MCC18\src\traditional\stdclib\vfprintf.c
                   __pa_1   0x000974    program     static C:\MCC18\src\traditional\stdclib\vfprintf.c
                  __pa_10   0x000a28    program     static C:\MCC18\src\traditional\stdclib\vfprintf.c
                  __pa_11   0x000a36    program     static C:\MCC18\src\traditional\stdclib\vfprintf.c
                  __pa_12   0x000a4c    program     static C:\MCC18\src\traditional\stdclib\vfprintf.c
                  __pa_13   0x000a66    program     static C:\MCC18\src\traditional\stdclib\vfprintf.c
                  __pa_14   0x000a7e    program     static C:\MCC18\src\traditional\stdclib\vfprintf.c
                  __pa_15   0x000a8e    program     static C:\MCC18\src\traditional\stdclib\vfprintf.c
                  __pa_16   0x000aa4    program     static C:\MCC18\src\traditional\stdclib\vfprintf.c
                  __pa_17   0x000ab6    program     static C:\MCC18\src\traditional\stdclib\vfprintf.c
                  __pa_18   0x000ac8    program     static C:\MCC18\src\traditional\stdclib\vfprintf.c
                  __pa_19   0x000ad2    program     static C:\MCC18\src\traditional\stdclib\vfprintf.c
                   __pa_2   0x00097e    program     static C:\MCC18\src\traditional\stdclib\vfprintf.c
                  __pa_20   0x000ae2    program     static C:\MCC18\src\traditional\stdclib\vfprintf.c
                  __pa_21   0x000af2    program     static C:\MCC18\src\traditional\stdclib\vfprintf.c
                  __pa_22   0x000b02    program     static C:\MCC18\src\traditional\stdclib\vfprintf.c
                  __pa_23   0x000b0e    program     static C:\MCC18\src\traditional\stdclib\vfprintf.c
                  __pa_24   0x000b1c    program     static C:\MCC18\src\traditional\stdclib\vfprintf.c
                  __pa_25   0x000b24    program     static C:\MCC18\src\traditional\stdclib\vfprintf.c
                  __pa_26   0x000b2e    program     static C:\MCC18\src\traditional\stdclib\vfprintf.c
                  __pa_27   0x000b38    program     static C:\MCC18\src\traditional\stdclib\vfprintf.c
                  __pa_28   0x000b40    program     static C:\MCC18\src\traditional\stdclib\vfprintf.c
                  __pa_29   0x000b4e    program     static C:\MCC18\src\traditional\stdclib\vfprintf.c
                   __pa_3   0x000988    program     static C:\MCC18\src\traditional\stdclib\vfprintf.c
                  __pa_30   0x000b6a    program     static C:\MCC18\src\traditional\stdclib\vfprintf.c
                  __pa_31   0x000b84    program     static C:\MCC18\src\traditional\stdclib\vfprintf.c
                  __pa_32   0x000b9e    program     static C:\MCC18\src\traditional\stdclib\vfprintf.c
                  __pa_33   0x000bb6    program     static C:\MCC18\src\traditional\stdclib\vfprintf.c
                  __pa_34   0x000bc0    program     static C:\MCC18\src\traditional\stdclib\vfprintf.c
                  __pa_35   0x000bce    program     static C:\MCC18\src\traditional\stdclib\vfprintf.c
                  __pa_36   0x000bd6    program     static C:\MCC18\src\traditional\stdclib\vfprintf.c
                  __pa_37   0x000be0    program     static C:\MCC18\src\traditional\stdclib\vfprintf.c
                  __pa_38   0x000bf0    program     static C:\MCC18\src\traditional\stdclib\vfprintf.c
                  __pa_39   0x000bfe    program     static C:\MCC18\src\traditional\stdclib\vfprintf.c
                   __pa_4   0x0009a0    program     static C:\MCC18\src\traditional\stdclib\vfprintf.c
                  __pa_40   0x000c0a    program     static C:\MCC18\src\traditional\stdclib\vfprintf.c
                  __pa_41   0x000c16    program     static C:\MCC18\src\traditional\stdclib\vfprintf.c
                  __pa_42   0x000c1e    program     static C:\MCC18\src\traditional\stdclib\vfprintf.c
                  __pa_43   0x000c28    program     static C:\MCC18\src\traditional\stdclib\vfprintf.c
                  __pa_44   0x000c2e    program     static C:\MCC18\src\traditional\stdclib\vfprintf.c
                  __pa_45   0x000c38    program     static C:\MCC18\src\traditional\stdclib\vfprintf.c
                  __pa_46   0x000c44    program     static C:\MCC18\src\traditional\stdclib\vfprintf.c
                   __pa_5   0x0009b4    program     static C:\MCC18\src\traditional\stdclib\vfprintf.c
                   __pa_6   0x0009d0    program     static C:\MCC18\src\traditional\stdclib\vfprintf.c
                   __pa_7   0x0009da    program     static C:\MCC18\src\traditional\stdclib\vfprintf.c
                   __pa_8   0x0009e6    program     static C:\MCC18\src\traditional\stdclib\vfprintf.c
                   __pa_9   0x000a08    program     static C:\MCC18\src\traditional\stdclib\vfprintf.c
               __string_0   0x001701    program     static C:\Nerd Stuff\uC\C 18\mobot2010\adcTest\main.c
               __string_1   0x0016d0    program     static C:\Nerd Stuff\uC\C 18\mobot2010\adcTest\main.c
               __string_2   0x00169f    program     static C:\Nerd Stuff\uC\C 18\mobot2010\adcTest\main.c
               __string_3   0x00166e    program     static C:\Nerd Stuff\uC\C 18\mobot2010\adcTest\main.c
              __tmplbl_42   0x000b02    program     static                          
              __tmplbl_43   0x00094a    program     static                          
              __tmplbl_44   0x000930    program     static                          
              __tmplbl_85   0x000082    program     static                          
            __zero_memory   0x001ba8    program     extern C:\MCC18\src\traditional\proc\p18F25K20.asm
                _do_cinit   0x0017bc    program     extern C:\MCC18\src\traditional\startup\c018i.c
                   _entry   0x000000    program     extern C:\MCC18\src\traditional\startup\c018i.c
                   _false   0x001a74    program     static                          
                 _startup   0x001b30    program     extern C:\MCC18\src\traditional\startup\c018i.c
              _usart_putc   0x001b4c    program     extern C:\MCC18\src\pmc_common\USART\_usartpc.asm
               _user_putc   0x000006    program     extern C:\MCC18\src\traditional\stdclib\_user_putc.c
               clear_loop   0x001bae    program     static C:\MCC18\src\traditional\proc\p18F25K20.asm
                copy_loop   0x00182e    program     static                          
            copy_one_byte   0x001834    program     static                          
                     done   0x001858    program     static                          
             done_copying   0x001842    program     static                          
                  endloop   0x001b06    program     static                          
                 high_isr   0x000c4e    program     extern C:\Nerd Stuff\uC\C 18\mobot2010\adcTest\main.c
                  initADC   0x0014ba    program     extern C:\Nerd Stuff\uC\C 18\mobot2010\adcTest\init.c
                  initCLK   0x00145a    program     extern C:\Nerd Stuff\uC\C 18\mobot2010\adcTest\init.c
                initPORTS   0x00148e    program     extern C:\Nerd Stuff\uC\C 18\mobot2010\adcTest\init.c
                 initTMR0   0x00147a    program     extern C:\Nerd Stuff\uC\C 18\mobot2010\adcTest\init.c
                 initUART   0x0014a2    program     extern C:\Nerd Stuff\uC\C 18\mobot2010\adcTest\init.c
 interrupt_at_high_vector   0x000008    program     extern C:\Nerd Stuff\uC\C 18\mobot2010\adcTest\main.c
  interrupt_at_low_vector   0x000018    program     extern C:\Nerd Stuff\uC\C 18\mobot2010\adcTest\main.c
                  isdigit   0x001b0c    program     extern C:\MCC18\src\traditional\stdclib\isdigit.asm
                     jEnd   0x0019e6    program     static C:\MCC18\src\traditional\stdclib\strlen.asm
                     jEnd   0x001a1e    program     static C:\MCC18\src\traditional\stdclib\slenpgm.asm
                    jLoop   0x001a06    program     static C:\MCC18\src\traditional\stdclib\slenpgm.asm
                    jLoop   0x0019dc    program     static C:\MCC18\src\traditional\stdclib\strlen.asm
                   jMatch   0x001b2c    program     static C:\MCC18\src\traditional\stdclib\isdigit.asm
                 jNoMatch   0x001b2e    program     static C:\MCC18\src\traditional\stdclib\isdigit.asm
                     loop   0x001b5c    program     static C:\MCC18\src\pmc_common\USART\_usartpc.asm
                     loop   0x001aea    program     static                          
                     loop   0x001b40    program     static                          
                     loop   0x001a40    program     static                          
                  low_isr   0x000d1c    program     extern C:\Nerd Stuff\uC\C 18\mobot2010\adcTest\main.c
                     main   0x000d4c    program     extern C:\Nerd Stuff\uC\C 18\mobot2010\adcTest\main.c
                     putc   0x00185a    program     extern C:\MCC18\src\traditional\stdclib\putc.c
                 s_digits   0x001b96    program     static C:\MCC18\src\traditional\stdclib\vfprintf.c
            s_put_n_chars   0x00002c    program     static C:\MCC18\src\traditional\stdclib\vfprintf.c
                  sprintf   0x0015c2    program     extern C:\MCC18\src\traditional\stdclib\sprintf.c
                   strlen   0x0019cc    program     extern C:\MCC18\src\traditional\stdclib\strlen.asm
                strlenpgm   0x0019e8    program     extern C:\MCC18\src\traditional\stdclib\slenpgm.asm
                     test   0x0017d6    program     static                          
                 vfprintf   0x000058    program     extern C:\MCC18\src\traditional\stdclib\vfprintf.c
                   ADCON0   0x000fc2       data     extern C:\MCC18\src\traditional\proc\p18F25K20.asm
               ADCON0bits   0x000fc2       data     extern C:\MCC18\src\traditional\proc\p18F25K20.asm
                   ADCON1   0x000fc1       data     extern C:\MCC18\src\traditional\proc\p18F25K20.asm
               ADCON1bits   0x000fc1       data     extern C:\MCC18\src\traditional\proc\p18F25K20.asm
                   ADCON2   0x000fc0       data     extern C:\MCC18\src\traditional\proc\p18F25K20.asm
               ADCON2bits   0x000fc0       data     extern C:\MCC18\src\traditional\proc\p18F25K20.asm
                    ADRES   0x000fc3       data     extern C:\MCC18\src\traditional\proc\p18F25K20.asm
                   ADRESH   0x000fc4       data     extern C:\MCC18\src\traditional\proc\p18F25K20.asm
                   ADRESL   0x000fc3       data     extern C:\MCC18\src\traditional\proc\p18F25K20.asm
                    ANSEL   0x000f7e       data     extern C:\MCC18\src\traditional\proc\p18F25K20.asm
                   ANSELH   0x000f7f       data     extern C:\MCC18\src\traditional\proc\p18F25K20.asm
               ANSELHbits   0x000f7f       data     extern C:\MCC18\src\traditional\proc\p18F25K20.asm
                ANSELbits   0x000f7e       data     extern C:\MCC18\src\traditional\proc\p18F25K20.asm
                  BAUDCON   0x000fb8       data     extern C:\MCC18\src\traditional\proc\p18F25K20.asm
              BAUDCONbits   0x000fb8       data     extern C:\MCC18\src\traditional\proc\p18F25K20.asm
                  BAUDCTL   0x000fb8       data     extern C:\MCC18\src\traditional\proc\p18F25K20.asm
              BAUDCTLbits   0x000fb8       data     extern C:\MCC18\src\traditional\proc\p18F25K20.asm
                      BSR   0x000fe0       data     extern C:\MCC18\src\traditional\proc\p18F25K20.asm
                  CCP1CON   0x000fbd       data     extern C:\MCC18\src\traditional\proc\p18F25K20.asm
              CCP1CONbits   0x000fbd       data     extern C:\MCC18\src\traditional\proc\p18F25K20.asm
                  CCP2CON   0x000fba       data     extern C:\MCC18\src\traditional\proc\p18F25K20.asm
              CCP2CONbits   0x000fba       data     extern C:\MCC18\src\traditional\proc\p18F25K20.asm
                    CCPR1   0x000fbe       data     extern C:\MCC18\src\traditional\proc\p18F25K20.asm
                   CCPR1H   0x000fbf       data     extern C:\MCC18\src\traditional\proc\p18F25K20.asm
                   CCPR1L   0x000fbe       data     extern C:\MCC18\src\traditional\proc\p18F25K20.asm
                    CCPR2   0x000fbb       data     extern C:\MCC18\src\traditional\proc\p18F25K20.asm
                   CCPR2H   0x000fbc       data     extern C:\MCC18\src\traditional\proc\p18F25K20.asm
                   CCPR2L   0x000fbb       data     extern C:\MCC18\src\traditional\proc\p18F25K20.asm
                  CM1CON0   0x000f7b       data     extern C:\MCC18\src\traditional\proc\p18F25K20.asm
              CM1CON0bits   0x000f7b       data     extern C:\MCC18\src\traditional\proc\p18F25K20.asm
                  CM2CON0   0x000f7a       data     extern C:\MCC18\src\traditional\proc\p18F25K20.asm
              CM2CON0bits   0x000f7a       data     extern C:\MCC18\src\traditional\proc\p18F25K20.asm
                  CM2CON1   0x000f79       data     extern C:\MCC18\src\traditional\proc\p18F25K20.asm
              CM2CON1bits   0x000f79       data     extern C:\MCC18\src\traditional\proc\p18F25K20.asm
                   CVRCON   0x000fb5       data     extern C:\MCC18\src\traditional\proc\p18F25K20.asm
                  CVRCON2   0x000fb4       data     extern C:\MCC18\src\traditional\proc\p18F25K20.asm
              CVRCON2bits   0x000fb4       data     extern C:\MCC18\src\traditional\proc\p18F25K20.asm
               CVRCONbits   0x000fb5       data     extern C:\MCC18\src\traditional\proc\p18F25K20.asm
                     DDRA   0x000f92       data     extern C:\MCC18\src\traditional\proc\p18F25K20.asm
                 DDRAbits   0x000f92       data     extern C:\MCC18\src\traditional\proc\p18F25K20.asm
                     DDRB   0x000f93       data     extern C:\MCC18\src\traditional\proc\p18F25K20.asm
                 DDRBbits   0x000f93       data     extern C:\MCC18\src\traditional\proc\p18F25K20.asm
                     DDRC   0x000f94       data     extern C:\MCC18\src\traditional\proc\p18F25K20.asm
                 DDRCbits   0x000f94       data     extern C:\MCC18\src\traditional\proc\p18F25K20.asm
            DelayCounter1   0x00001b       data     extern C:\MCC18\src\traditional\delays\delayd1.asm
                  ECCP1AS   0x000fb6       data     extern C:\MCC18\src\traditional\proc\p18F25K20.asm
              ECCP1ASbits   0x000fb6       data     extern C:\MCC18\src\traditional\proc\p18F25K20.asm
                    EEADR   0x000fa9       data     extern C:\MCC18\src\traditional\proc\p18F25K20.asm
                   EECON1   0x000fa6       data     extern C:\MCC18\src\traditional\proc\p18F25K20.asm
               EECON1bits   0x000fa6       data     extern C:\MCC18\src\traditional\proc\p18F25K20.asm
                   EECON2   0x000fa7       data     extern C:\MCC18\src\traditional\proc\p18F25K20.asm
                   EEDATA   0x000fa8       data     extern C:\MCC18\src\traditional\proc\p18F25K20.asm
                     FSR0   0x000fe9       data     extern C:\MCC18\src\traditional\proc\p18F25K20.asm
                    FSR0H   0x000fea       data     extern C:\MCC18\src\traditional\proc\p18F25K20.asm
                    FSR0L   0x000fe9       data     extern C:\MCC18\src\traditional\proc\p18F25K20.asm
                     FSR1   0x000fe1       data     extern C:\MCC18\src\traditional\proc\p18F25K20.asm
                    FSR1H   0x000fe2       data     extern C:\MCC18\src\traditional\proc\p18F25K20.asm
                    FSR1L   0x000fe1       data     extern C:\MCC18\src\traditional\proc\p18F25K20.asm
                     FSR2   0x000fd9       data     extern C:\MCC18\src\traditional\proc\p18F25K20.asm
                    FSR2H   0x000fda       data     extern C:\MCC18\src\traditional\proc\p18F25K20.asm
                    FSR2L   0x000fd9       data     extern C:\MCC18\src\traditional\proc\p18F25K20.asm
                  HLVDCON   0x000fd2       data     extern C:\MCC18\src\traditional\proc\p18F25K20.asm
              HLVDCONbits   0x000fd2       data     extern C:\MCC18\src\traditional\proc\p18F25K20.asm
                    INDF0   0x000fef       data     extern C:\MCC18\src\traditional\proc\p18F25K20.asm
                    INDF1   0x000fe7       data     extern C:\MCC18\src\traditional\proc\p18F25K20.asm
                    INDF2   0x000fdf       data     extern C:\MCC18\src\traditional\proc\p18F25K20.asm
                   INTCON   0x000ff2       data     extern C:\MCC18\src\traditional\proc\p18F25K20.asm
                  INTCON2   0x000ff1       data     extern C:\MCC18\src\traditional\proc\p18F25K20.asm
              INTCON2bits   0x000ff1       data     extern C:\MCC18\src\traditional\proc\p18F25K20.asm
                  INTCON3   0x000ff0       data     extern C:\MCC18\src\traditional\proc\p18F25K20.asm
              INTCON3bits   0x000ff0       data     extern C:\MCC18\src\traditional\proc\p18F25K20.asm
               INTCONbits   0x000ff2       data     extern C:\MCC18\src\traditional\proc\p18F25K20.asm
                     IOCB   0x000f7d       data     extern C:\MCC18\src\traditional\proc\p18F25K20.asm
                 IOCBbits   0x000f7d       data     extern C:\MCC18\src\traditional\proc\p18F25K20.asm
                     IPR1   0x000f9f       data     extern C:\MCC18\src\traditional\proc\p18F25K20.asm
                 IPR1bits   0x000f9f       data     extern C:\MCC18\src\traditional\proc\p18F25K20.asm
                     IPR2   0x000fa2       data     extern C:\MCC18\src\traditional\proc\p18F25K20.asm
                 IPR2bits   0x000fa2       data     extern C:\MCC18\src\traditional\proc\p18F25K20.asm
                     LATA   0x000f89       data     extern C:\MCC18\src\traditional\proc\p18F25K20.asm
                 LATAbits   0x000f89       data     extern C:\MCC18\src\traditional\proc\p18F25K20.asm
                     LATB   0x000f8a       data     extern C:\MCC18\src\traditional\proc\p18F25K20.asm
                 LATBbits   0x000f8a       data     extern C:\MCC18\src\traditional\proc\p18F25K20.asm
                     LATC   0x000f8b       data     extern C:\MCC18\src\traditional\proc\p18F25K20.asm
                 LATCbits   0x000f8b       data     extern C:\MCC18\src\traditional\proc\p18F25K20.asm
                   LVDCON   0x000fd2       data     extern C:\MCC18\src\traditional\proc\p18F25K20.asm
               LVDCONbits   0x000fd2       data     extern C:\MCC18\src\traditional\proc\p18F25K20.asm
                   OSCCON   0x000fd3       data     extern C:\MCC18\src\traditional\proc\p18F25K20.asm
               OSCCONbits   0x000fd3       data     extern C:\MCC18\src\traditional\proc\p18F25K20.asm
                  OSCTUNE   0x000f9b       data     extern C:\MCC18\src\traditional\proc\p18F25K20.asm
              OSCTUNEbits   0x000f9b       data     extern C:\MCC18\src\traditional\proc\p18F25K20.asm
                       PC   0x000ff9       data     extern C:\MCC18\src\traditional\proc\p18F25K20.asm
                      PCL   0x000ff9       data     extern C:\MCC18\src\traditional\proc\p18F25K20.asm
                   PCLATH   0x000ffa       data     extern C:\MCC18\src\traditional\proc\p18F25K20.asm
                   PCLATU   0x000ffb       data     extern C:\MCC18\src\traditional\proc\p18F25K20.asm
                     PIE1   0x000f9d       data     extern C:\MCC18\src\traditional\proc\p18F25K20.asm
                 PIE1bits   0x000f9d       data     extern C:\MCC18\src\traditional\proc\p18F25K20.asm
                     PIE2   0x000fa0       data     extern C:\MCC18\src\traditional\proc\p18F25K20.asm
                 PIE2bits   0x000fa0       data     extern C:\MCC18\src\traditional\proc\p18F25K20.asm
                     PIR1   0x000f9e       data     extern C:\MCC18\src\traditional\proc\p18F25K20.asm
                 PIR1bits   0x000f9e       data     extern C:\MCC18\src\traditional\proc\p18F25K20.asm
                     PIR2   0x000fa1       data     extern C:\MCC18\src\traditional\proc\p18F25K20.asm
                 PIR2bits   0x000fa1       data     extern C:\MCC18\src\traditional\proc\p18F25K20.asm
                   PLUSW0   0x000feb       data     extern C:\MCC18\src\traditional\proc\p18F25K20.asm
                   PLUSW1   0x000fe3       data     extern C:\MCC18\src\traditional\proc\p18F25K20.asm
                   PLUSW2   0x000fdb       data     extern C:\MCC18\src\traditional\proc\p18F25K20.asm
                    PORTA   0x000f80       data     extern C:\MCC18\src\traditional\proc\p18F25K20.asm
                PORTAbits   0x000f80       data     extern C:\MCC18\src\traditional\proc\p18F25K20.asm
                    PORTB   0x000f81       data     extern C:\MCC18\src\traditional\proc\p18F25K20.asm
                PORTBbits   0x000f81       data     extern C:\MCC18\src\traditional\proc\p18F25K20.asm
                    PORTC   0x000f82       data     extern C:\MCC18\src\traditional\proc\p18F25K20.asm
                PORTCbits   0x000f82       data     extern C:\MCC18\src\traditional\proc\p18F25K20.asm
                    PORTE   0x000f84       data     extern C:\MCC18\src\traditional\proc\p18F25K20.asm
                PORTEbits   0x000f84       data     extern C:\MCC18\src\traditional\proc\p18F25K20.asm
                 POSTDEC0   0x000fed       data     extern C:\MCC18\src\traditional\proc\p18F25K20.asm
                 POSTDEC1   0x000fe5       data     extern C:\MCC18\src\traditional\proc\p18F25K20.asm
                 POSTDEC2   0x000fdd       data     extern C:\MCC18\src\traditional\proc\p18F25K20.asm
                 POSTINC0   0x000fee       data     extern C:\MCC18\src\traditional\proc\p18F25K20.asm
                 POSTINC1   0x000fe6       data     extern C:\MCC18\src\traditional\proc\p18F25K20.asm
                 POSTINC2   0x000fde       data     extern C:\MCC18\src\traditional\proc\p18F25K20.asm
                      PR2   0x000fcb       data     extern C:\MCC18\src\traditional\proc\p18F25K20.asm
                  PREINC0   0x000fec       data     extern C:\MCC18\src\traditional\proc\p18F25K20.asm
                  PREINC1   0x000fe4       data     extern C:\MCC18\src\traditional\proc\p18F25K20.asm
                  PREINC2   0x000fdc       data     extern C:\MCC18\src\traditional\proc\p18F25K20.asm
                     PROD   0x000ff3       data     extern C:\MCC18\src\traditional\proc\p18F25K20.asm
                    PRODH   0x000ff4       data     extern C:\MCC18\src\traditional\proc\p18F25K20.asm
                    PRODL   0x000ff3       data     extern C:\MCC18\src\traditional\proc\p18F25K20.asm
                  PSTRCON   0x000fb9       data     extern C:\MCC18\src\traditional\proc\p18F25K20.asm
              PSTRCONbits   0x000fb9       data     extern C:\MCC18\src\traditional\proc\p18F25K20.asm
                  PWM1CON   0x000fb7       data     extern C:\MCC18\src\traditional\proc\p18F25K20.asm
              PWM1CONbits   0x000fb7       data     extern C:\MCC18\src\traditional\proc\p18F25K20.asm
                     RCON   0x000fd0       data     extern C:\MCC18\src\traditional\proc\p18F25K20.asm
                 RCONbits   0x000fd0       data     extern C:\MCC18\src\traditional\proc\p18F25K20.asm
                    RCREG   0x000fae       data     extern C:\MCC18\src\traditional\proc\p18F25K20.asm
                    RCSTA   0x000fab       data     extern C:\MCC18\src\traditional\proc\p18F25K20.asm
                RCSTAbits   0x000fab       data     extern C:\MCC18\src\traditional\proc\p18F25K20.asm
                     SIGN   0x000000       data     extern C:\MCC18\src\traditional\math\cmath18.asm
                   SLRCON   0x000f78       data     extern C:\MCC18\src\traditional\proc\p18F25K20.asm
               SLRCONbits   0x000f78       data     extern C:\MCC18\src\traditional\proc\p18F25K20.asm
                    SPBRG   0x000faf       data     extern C:\MCC18\src\traditional\proc\p18F25K20.asm
                   SPBRGH   0x000fb0       data     extern C:\MCC18\src\traditional\proc\p18F25K20.asm
                   SSPADD   0x000fc8       data     extern C:\MCC18\src\traditional\proc\p18F25K20.asm
                   SSPBUF   0x000fc9       data     extern C:\MCC18\src\traditional\proc\p18F25K20.asm
                  SSPCON1   0x000fc6       data     extern C:\MCC18\src\traditional\proc\p18F25K20.asm
              SSPCON1bits   0x000fc6       data     extern C:\MCC18\src\traditional\proc\p18F25K20.asm
                  SSPCON2   0x000fc5       data     extern C:\MCC18\src\traditional\proc\p18F25K20.asm
              SSPCON2bits   0x000fc5       data     extern C:\MCC18\src\traditional\proc\p18F25K20.asm
                   SSPMSK   0x000f77       data     extern C:\MCC18\src\traditional\proc\p18F25K20.asm
               SSPMSKbits   0x000f77       data     extern C:\MCC18\src\traditional\proc\p18F25K20.asm
                  SSPSTAT   0x000fc7       data     extern C:\MCC18\src\traditional\proc\p18F25K20.asm
              SSPSTATbits   0x000fc7       data     extern C:\MCC18\src\traditional\proc\p18F25K20.asm
                   STATUS   0x000fd8       data     extern C:\MCC18\src\traditional\proc\p18F25K20.asm
               STATUSbits   0x000fd8       data     extern C:\MCC18\src\traditional\proc\p18F25K20.asm
                   STKPTR   0x000ffc       data     extern C:\MCC18\src\traditional\proc\p18F25K20.asm
               STKPTRbits   0x000ffc       data     extern C:\MCC18\src\traditional\proc\p18F25K20.asm
                    T0CON   0x000fd5       data     extern C:\MCC18\src\traditional\proc\p18F25K20.asm
                T0CONbits   0x000fd5       data     extern C:\MCC18\src\traditional\proc\p18F25K20.asm
                    T1CON   0x000fcd       data     extern C:\MCC18\src\traditional\proc\p18F25K20.asm
                T1CONbits   0x000fcd       data     extern C:\MCC18\src\traditional\proc\p18F25K20.asm
                    T2CON   0x000fca       data     extern C:\MCC18\src\traditional\proc\p18F25K20.asm
                T2CONbits   0x000fca       data     extern C:\MCC18\src\traditional\proc\p18F25K20.asm
                    T3CON   0x000fb1       data     extern C:\MCC18\src\traditional\proc\p18F25K20.asm
                T3CONbits   0x000fb1       data     extern C:\MCC18\src\traditional\proc\p18F25K20.asm
                   TABLAT   0x000ff5       data     extern C:\MCC18\src\traditional\proc\p18F25K20.asm
                   TBLPTR   0x000ff6       data     extern C:\MCC18\src\traditional\proc\p18F25K20.asm
                  TBLPTRH   0x000ff7       data     extern C:\MCC18\src\traditional\proc\p18F25K20.asm
                  TBLPTRL   0x000ff6       data     extern C:\MCC18\src\traditional\proc\p18F25K20.asm
                  TBLPTRU   0x000ff8       data     extern C:\MCC18\src\traditional\proc\p18F25K20.asm
                    TMR0H   0x000fd7       data     extern C:\MCC18\src\traditional\proc\p18F25K20.asm
                    TMR0L   0x000fd6       data     extern C:\MCC18\src\traditional\proc\p18F25K20.asm
                    TMR1H   0x000fcf       data     extern C:\MCC18\src\traditional\proc\p18F25K20.asm
                    TMR1L   0x000fce       data     extern C:\MCC18\src\traditional\proc\p18F25K20.asm
                     TMR2   0x000fcc       data     extern C:\MCC18\src\traditional\proc\p18F25K20.asm
                    TMR3H   0x000fb3       data     extern C:\MCC18\src\traditional\proc\p18F25K20.asm
                    TMR3L   0x000fb2       data     extern C:\MCC18\src\traditional\proc\p18F25K20.asm
                      TOS   0x000ffd       data     extern C:\MCC18\src\traditional\proc\p18F25K20.asm
                     TOSH   0x000ffe       data     extern C:\MCC18\src\traditional\proc\p18F25K20.asm
                     TOSL   0x000ffd       data     extern C:\MCC18\src\traditional\proc\p18F25K20.asm
                     TOSU   0x000fff       data     extern C:\MCC18\src\traditional\proc\p18F25K20.asm
                    TRISA   0x000f92       data     extern C:\MCC18\src\traditional\proc\p18F25K20.asm
                TRISAbits   0x000f92       data     extern C:\MCC18\src\traditional\proc\p18F25K20.asm
                    TRISB   0x000f93       data     extern C:\MCC18\src\traditional\proc\p18F25K20.asm
                TRISBbits   0x000f93       data     extern C:\MCC18\src\traditional\proc\p18F25K20.asm
                    TRISC   0x000f94       data     extern C:\MCC18\src\traditional\proc\p18F25K20.asm
                TRISCbits   0x000f94       data     extern C:\MCC18\src\traditional\proc\p18F25K20.asm
                    TXREG   0x000fad       data     extern C:\MCC18\src\traditional\proc\p18F25K20.asm
                    TXSTA   0x000fac       data     extern C:\MCC18\src\traditional\proc\p18F25K20.asm
                TXSTAbits   0x000fac       data     extern C:\MCC18\src\traditional\proc\p18F25K20.asm
                        W   0x000fe8       data     extern C:\MCC18\src\traditional\proc\p18F25K20.asm
                   WDTCON   0x000fd1       data     extern C:\MCC18\src\traditional\proc\p18F25K20.asm
               WDTCONbits   0x000fd1       data     extern C:\MCC18\src\traditional\proc\p18F25K20.asm
                     WPUB   0x000f7c       data     extern C:\MCC18\src\traditional\proc\p18F25K20.asm
                 WPUBbits   0x000f7c       data     extern C:\MCC18\src\traditional\proc\p18F25K20.asm
                     WREG   0x000fe8       data     extern C:\MCC18\src\traditional\proc\p18F25K20.asm
                 __AARGB0   0x000009       data     extern C:\MCC18\src\traditional\math\aarg.asm
                 __AARGB1   0x000008       data     extern C:\MCC18\src\traditional\math\aarg.asm
                 __AARGB2   0x000007       data     extern C:\MCC18\src\traditional\math\aarg.asm
                 __AARGB3   0x000006       data     extern C:\MCC18\src\traditional\math\aarg.asm
                 __AARGB4   0x000005       data     extern C:\MCC18\src\traditional\math\aarg.asm
                 __AARGB5   0x000004       data     extern C:\MCC18\src\traditional\math\aarg.asm
                 __AARGB6   0x000003       data     extern C:\MCC18\src\traditional\math\aarg.asm
                 __AARGB7   0x000002       data     extern C:\MCC18\src\traditional\math\aarg.asm
                   __AEXP   0x00000a       data     extern C:\MCC18\src\traditional\math\aarg.asm
                 __BARGB0   0x00000e       data     extern C:\MCC18\src\traditional\math\barg.asm
                 __BARGB1   0x00000d       data     extern C:\MCC18\src\traditional\math\barg.asm
                 __BARGB2   0x00000c       data     extern C:\MCC18\src\traditional\math\barg.asm
                 __BARGB3   0x00000b       data     extern C:\MCC18\src\traditional\math\barg.asm
                   __BEXP   0x00000f       data     extern C:\MCC18\src\traditional\math\barg.asm
                __FPFLAGS   0x000001       data     extern C:\MCC18\src\traditional\math\cmath18.asm
            __FPFLAGSbits   0x000001       data     extern C:\MCC18\src\traditional\math\cmath18.asm
                  __REMB0   0x000005       data     extern C:\MCC18\src\traditional\math\aarg.asm
                  __REMB1   0x000004       data     extern C:\MCC18\src\traditional\math\aarg.asm
                  __REMB2   0x000003       data     extern C:\MCC18\src\traditional\math\aarg.asm
                  __REMB3   0x000002       data     extern C:\MCC18\src\traditional\math\aarg.asm
                   __TEMP   0x000013       data     extern C:\MCC18\src\traditional\math\temparg.asm
                 __TEMPB0   0x000013       data     extern C:\MCC18\src\traditional\math\temparg.asm
                 __TEMPB1   0x000012       data     extern C:\MCC18\src\traditional\math\temparg.asm
                 __TEMPB2   0x000011       data     extern C:\MCC18\src\traditional\math\temparg.asm
                 __TEMPB3   0x000010       data     extern C:\MCC18\src\traditional\math\temparg.asm
                  __tmp_0   0x000014       data     static C:\MCC18\src\traditional\stdclib\sprintf.c
                  __tmp_0   0x000014       data     static C:\MCC18\src\traditional\stdclib\vfprintf.c
                  __tmp_0   0x000014       data     static C:\MCC18\src\traditional\stdclib\putc.c
                  __tmp_0   0x000014       data     static C:\MCC18\src\pmc_common\ADC\adcsetch.c
                  __tmp_0   0x000014       data     static C:\MCC18\src\pmc_common\ADC\adcread.c
                  __tmp_0   0x000014       data     static C:\MCC18\src\pmc_common\ADC\adcopen.c
                  __tmp_0   0x000014       data     static C:\Nerd Stuff\uC\C 18\mobot2010\adcTest\init.c
                  __tmp_0   0x000014       data     static C:\Nerd Stuff\uC\C 18\mobot2010\adcTest\main.c
                      adc   0x00009d       data     extern C:\Nerd Stuff\uC\C 18\mobot2010\adcTest\main.c
                    black   0x000061       data     extern C:\Nerd Stuff\uC\C 18\mobot2010\adcTest\main.c
                curr_byte   0x0000ec       data     static C:\MCC18\src\traditional\startup\c018i.c
               curr_entry   0x0000ee       data     static C:\MCC18\src\traditional\startup\c018i.c
                 data_ptr   0x0000f0       data     static C:\MCC18\src\traditional\startup\c018i.c
                     prom   0x0000e9       data     static C:\MCC18\src\traditional\startup\c018i.c
                    servo   0x000060       data     extern C:\Nerd Stuff\uC\C 18\mobot2010\adcTest\main.c
               servosHigh   0x0000e5       data     extern C:\Nerd Stuff\uC\C 18\mobot2010\adcTest\main.c
                servosLow   0x0000e7       data     extern C:\Nerd Stuff\uC\C 18\mobot2010\adcTest\main.c
               servosPosH   0x0000b1       data     extern C:\Nerd Stuff\uC\C 18\mobot2010\adcTest\main.c
               servosPosL   0x0000c3       data     extern C:\Nerd Stuff\uC\C 18\mobot2010\adcTest\main.c
                      str   0x0000d5       data     extern C:\Nerd Stuff\uC\C 18\mobot2010\adcTest\main.c
                    thres   0x000089       data     extern C:\Nerd Stuff\uC\C 18\mobot2010\adcTest\main.c
                    white   0x000075       data     extern C:\Nerd Stuff\uC\C 18\mobot2010\adcTest\main.c



                              Symbols - Sorted by Address
                     Name    Address   Location    Storage File                     
                ---------  ---------  ---------  --------- ---------                
                   _entry   0x000000    program     extern C:\MCC18\src\traditional\startup\c018i.c
       ___return_lbl00000   0x000004    program     static                          
               _user_putc   0x000006    program     extern C:\MCC18\src\traditional\stdclib\_user_putc.c
 interrupt_at_high_vector   0x000008    program     extern C:\Nerd Stuff\uC\C 18\mobot2010\adcTest\main.c
       ___return_lbl00000   0x00000c    program     static                          
                  BusyADC   0x00000e    program     extern C:\MCC18\src\pmc_common\ADC\adcbusy.c
  interrupt_at_low_vector   0x000018    program     extern C:\Nerd Stuff\uC\C 18\mobot2010\adcTest\main.c
       ___return_lbl00005   0x00001c    program     static                          
            s_put_n_chars   0x00002c    program     static C:\MCC18\src\traditional\stdclib\vfprintf.c
                 vfprintf   0x000058    program     extern C:\MCC18\src\traditional\stdclib\vfprintf.c
              __tmplbl_85   0x000082    program     static                          
              __tmplbl_44   0x000930    program     static                          
              __tmplbl_43   0x00094a    program     static                          
                   __pa_0   0x00096c    program     static C:\MCC18\src\traditional\stdclib\vfprintf.c
                   __pa_1   0x000974    program     static C:\MCC18\src\traditional\stdclib\vfprintf.c
                   __pa_2   0x00097e    program     static C:\MCC18\src\traditional\stdclib\vfprintf.c
                   __pa_3   0x000988    program     static C:\MCC18\src\traditional\stdclib\vfprintf.c
                   __pa_4   0x0009a0    program     static C:\MCC18\src\traditional\stdclib\vfprintf.c
                   __pa_5   0x0009b4    program     static C:\MCC18\src\traditional\stdclib\vfprintf.c
                   __pa_6   0x0009d0    program     static C:\MCC18\src\traditional\stdclib\vfprintf.c
                   __pa_7   0x0009da    program     static C:\MCC18\src\traditional\stdclib\vfprintf.c
                   __pa_8   0x0009e6    program     static C:\MCC18\src\traditional\stdclib\vfprintf.c
                   __pa_9   0x000a08    program     static C:\MCC18\src\traditional\stdclib\vfprintf.c
                  __pa_10   0x000a28    program     static C:\MCC18\src\traditional\stdclib\vfprintf.c
                  __pa_11   0x000a36    program     static C:\MCC18\src\traditional\stdclib\vfprintf.c
                  __pa_12   0x000a4c    program     static C:\MCC18\src\traditional\stdclib\vfprintf.c
                  __pa_13   0x000a66    program     static C:\MCC18\src\traditional\stdclib\vfprintf.c
                  __pa_14   0x000a7e    program     static C:\MCC18\src\traditional\stdclib\vfprintf.c
                  __pa_15   0x000a8e    program     static C:\MCC18\src\traditional\stdclib\vfprintf.c
                  __pa_16   0x000aa4    program     static C:\MCC18\src\traditional\stdclib\vfprintf.c
                  __pa_17   0x000ab6    program     static C:\MCC18\src\traditional\stdclib\vfprintf.c
                  __pa_18   0x000ac8    program     static C:\MCC18\src\traditional\stdclib\vfprintf.c
                  __pa_19   0x000ad2    program     static C:\MCC18\src\traditional\stdclib\vfprintf.c
                  __pa_20   0x000ae2    program     static C:\MCC18\src\traditional\stdclib\vfprintf.c
                  __pa_21   0x000af2    program     static C:\MCC18\src\traditional\stdclib\vfprintf.c
                  __pa_22   0x000b02    program     static C:\MCC18\src\traditional\stdclib\vfprintf.c
              __tmplbl_42   0x000b02    program     static                          
                  __pa_23   0x000b0e    program     static C:\MCC18\src\traditional\stdclib\vfprintf.c
                  __pa_24   0x000b1c    program     static C:\MCC18\src\traditional\stdclib\vfprintf.c
                  __pa_25   0x000b24    program     static C:\MCC18\src\traditional\stdclib\vfprintf.c
                  __pa_26   0x000b2e    program     static C:\MCC18\src\traditional\stdclib\vfprintf.c
                  __pa_27   0x000b38    program     static C:\MCC18\src\traditional\stdclib\vfprintf.c
                  __pa_28   0x000b40    program     static C:\MCC18\src\traditional\stdclib\vfprintf.c
                  __pa_29   0x000b4e    program     static C:\MCC18\src\traditional\stdclib\vfprintf.c
                  __pa_30   0x000b6a    program     static C:\MCC18\src\traditional\stdclib\vfprintf.c
                  __pa_31   0x000b84    program     static C:\MCC18\src\traditional\stdclib\vfprintf.c
                  __pa_32   0x000b9e    program     static C:\MCC18\src\traditional\stdclib\vfprintf.c
                  __pa_33   0x000bb6    program     static C:\MCC18\src\traditional\stdclib\vfprintf.c
                  __pa_34   0x000bc0    program     static C:\MCC18\src\traditional\stdclib\vfprintf.c
                  __pa_35   0x000bce    program     static C:\MCC18\src\traditional\stdclib\vfprintf.c
                  __pa_36   0x000bd6    program     static C:\MCC18\src\traditional\stdclib\vfprintf.c
                  __pa_37   0x000be0    program     static C:\MCC18\src\traditional\stdclib\vfprintf.c
                  __pa_38   0x000bf0    program     static C:\MCC18\src\traditional\stdclib\vfprintf.c
                  __pa_39   0x000bfe    program     static C:\MCC18\src\traditional\stdclib\vfprintf.c
                  __pa_40   0x000c0a    program     static C:\MCC18\src\traditional\stdclib\vfprintf.c
                  __pa_41   0x000c16    program     static C:\MCC18\src\traditional\stdclib\vfprintf.c
                  __pa_42   0x000c1e    program     static C:\MCC18\src\traditional\stdclib\vfprintf.c
                  __pa_43   0x000c28    program     static C:\MCC18\src\traditional\stdclib\vfprintf.c
                  __pa_44   0x000c2e    program     static C:\MCC18\src\traditional\stdclib\vfprintf.c
                  __pa_45   0x000c38    program     static C:\MCC18\src\traditional\stdclib\vfprintf.c
                  __pa_46   0x000c44    program     static C:\MCC18\src\traditional\stdclib\vfprintf.c
                 high_isr   0x000c4e    program     extern C:\Nerd Stuff\uC\C 18\mobot2010\adcTest\main.c
                  low_isr   0x000d1c    program     extern C:\Nerd Stuff\uC\C 18\mobot2010\adcTest\main.c
                     main   0x000d4c    program     extern C:\Nerd Stuff\uC\C 18\mobot2010\adcTest\main.c
                 SendUART   0x000dc6    program     extern C:\Nerd Stuff\uC\C 18\mobot2010\adcTest\main.c
               CollectADC   0x000e42    program     extern C:\Nerd Stuff\uC\C 18\mobot2010\adcTest\main.c
               StoreWhite   0x000fac    program     extern C:\Nerd Stuff\uC\C 18\mobot2010\adcTest\main.c
               StoreBlack   0x001086    program     extern C:\Nerd Stuff\uC\C 18\mobot2010\adcTest\main.c
            CalcThreshold   0x001160    program     extern C:\Nerd Stuff\uC\C 18\mobot2010\adcTest\main.c
            CalcServosPos   0x001292    program     extern C:\Nerd Stuff\uC\C 18\mobot2010\adcTest\main.c
                LineTrace   0x001326    program     extern C:\Nerd Stuff\uC\C 18\mobot2010\adcTest\main.c
                  initCLK   0x00145a    program     extern C:\Nerd Stuff\uC\C 18\mobot2010\adcTest\init.c
                 initTMR0   0x00147a    program     extern C:\Nerd Stuff\uC\C 18\mobot2010\adcTest\init.c
                initPORTS   0x00148e    program     extern C:\Nerd Stuff\uC\C 18\mobot2010\adcTest\init.c
                 initUART   0x0014a2    program     extern C:\Nerd Stuff\uC\C 18\mobot2010\adcTest\init.c
                  initADC   0x0014ba    program     extern C:\Nerd Stuff\uC\C 18\mobot2010\adcTest\init.c
                  sprintf   0x0015c2    program     extern C:\MCC18\src\traditional\stdclib\sprintf.c
               __string_3   0x00166e    program     static C:\Nerd Stuff\uC\C 18\mobot2010\adcTest\main.c
               __string_2   0x00169f    program     static C:\Nerd Stuff\uC\C 18\mobot2010\adcTest\main.c
               __string_1   0x0016d0    program     static C:\Nerd Stuff\uC\C 18\mobot2010\adcTest\main.c
               __string_0   0x001701    program     static C:\Nerd Stuff\uC\C 18\mobot2010\adcTest\main.c
                 FXD1616S   0x001716    program     extern C:\MCC18\src\traditional\math\fxd1616s.asm
                  DA1616S   0x001728    program     static C:\MCC18\src\traditional\math\fxd1616s.asm
                   D1616S   0x001738    program     static C:\MCC18\src\traditional\math\fxd1616s.asm
                 D1616SOK   0x001742    program     static C:\MCC18\src\traditional\math\fxd1616s.asm
                D1616SNEG   0x001746    program     static C:\MCC18\src\traditional\math\fxd1616s.asm
                  D1616SX   0x001758    program     static C:\MCC18\src\traditional\math\fxd1616s.asm
                 FXM1616S   0x001762    program     extern C:\MCC18\src\traditional\math\fxm1616s.asm
               TSIGN1616A   0x0017ae    program     static C:\MCC18\src\traditional\math\fxm1616s.asm
                _do_cinit   0x0017bc    program     extern C:\MCC18\src\traditional\startup\c018i.c
                     test   0x0017d6    program     static                          
                copy_loop   0x00182e    program     static                          
            copy_one_byte   0x001834    program     static                          
             done_copying   0x001842    program     static                          
       ___return_lbl00002   0x001858    program     static                          
                     done   0x001858    program     static                          
                     putc   0x00185a    program     extern C:\MCC18\src\traditional\stdclib\putc.c
                  OpenADC   0x0018de    program     extern C:\MCC18\src\pmc_common\ADC\adcopen.c
                  FXM3232   0x00195c    program     extern C:\MCC18\src\traditional\math\fxm3232.c
       ___return_lbl00000   0x0019ca    program     static                          
                   strlen   0x0019cc    program     extern C:\MCC18\src\traditional\stdclib\strlen.asm
                    jLoop   0x0019dc    program     static C:\MCC18\src\traditional\stdclib\strlen.asm
                     jEnd   0x0019e6    program     static C:\MCC18\src\traditional\stdclib\strlen.asm
                strlenpgm   0x0019e8    program     extern C:\MCC18\src\traditional\stdclib\slenpgm.asm
                    jLoop   0x001a06    program     static C:\MCC18\src\traditional\stdclib\slenpgm.asm
                   _2jEnd   0x001a1c    program     static C:\MCC18\src\traditional\stdclib\slenpgm.asm
                     jEnd   0x001a1e    program     static C:\MCC18\src\traditional\stdclib\slenpgm.asm
                 FXD3232U   0x001a32    program     extern C:\MCC18\src\traditional\math\fxd3232u.c
                     loop   0x001a40    program     static                          
                   _false   0x001a74    program     static                          
       ___return_lbl00000   0x001a78    program     static                          
              WriteTimer0   0x001a7a    program     extern C:\MCC18\src\pmc_common\Timers\t0write.c
               SetChanADC   0x001ab2    program     extern C:\MCC18\src\pmc_common\ADC\adcsetch.c
                 FXD1616U   0x001ae0    program     extern C:\MCC18\src\traditional\math\fxd1616u.c
                     loop   0x001aea    program     static                          
                  endloop   0x001b06    program     static                          
       ___return_lbl00000   0x001b0a    program     static                          
                  isdigit   0x001b0c    program     extern C:\MCC18\src\traditional\stdclib\isdigit.asm
                   jMatch   0x001b2c    program     static C:\MCC18\src\traditional\stdclib\isdigit.asm
                 jNoMatch   0x001b2e    program     static C:\MCC18\src\traditional\stdclib\isdigit.asm
                 _startup   0x001b30    program     extern C:\MCC18\src\traditional\startup\c018i.c
                     loop   0x001b40    program     static                          
       ___return_lbl00001   0x001b4a    program     static                          
              _usart_putc   0x001b4c    program     extern C:\MCC18\src\pmc_common\USART\_usartpc.asm
                     loop   0x001b5c    program     static C:\MCC18\src\pmc_common\USART\_usartpc.asm
             Delay100TCYx   0x001b68    program     extern C:\MCC18\src\traditional\delays\d100tcyx.asm
       _D100TCYXCODE_0008   0x001b70    program     static C:\MCC18\src\traditional\delays\d100tcyx.asm
                    D100x   0x001b74    program     static C:\MCC18\src\traditional\delays\d100tcyx.asm
                   D100_1   0x001b76    program     static C:\MCC18\src\traditional\delays\d100tcyx.asm
       _D100TCYXCODE_0012   0x001b7a    program     static C:\MCC18\src\traditional\delays\d100tcyx.asm
       _D100TCYXCODE_0018   0x001b80    program     static C:\MCC18\src\traditional\delays\d100tcyx.asm
                  ReadADC   0x001b84    program     extern C:\MCC18\src\pmc_common\ADC\adcread.c
                 s_digits   0x001b96    program     static C:\MCC18\src\traditional\stdclib\vfprintf.c
            __zero_memory   0x001ba8    program     extern C:\MCC18\src\traditional\proc\p18F25K20.asm
               clear_loop   0x001bae    program     static C:\MCC18\src\traditional\proc\p18F25K20.asm
               ConvertADC   0x001bb6    program     extern C:\MCC18\src\pmc_common\ADC\adcconv.c
                   __init   0x001bba    program     extern C:\MCC18\src\traditional\stdclib\__init.c
               __config_0   0x300001    program     static C:\Nerd Stuff\uC\C 18\mobot2010\adcTest\main.c
               __config_1   0x300006    program     static C:\Nerd Stuff\uC\C 18\mobot2010\adcTest\main.c
                     SIGN   0x000000       data     extern C:\MCC18\src\traditional\math\cmath18.asm
            __FPFLAGSbits   0x000001       data     extern C:\MCC18\src\traditional\math\cmath18.asm
                __FPFLAGS   0x000001       data     extern C:\MCC18\src\traditional\math\cmath18.asm
                  __REMB3   0x000002       data     extern C:\MCC18\src\traditional\math\aarg.asm
                 __AARGB7   0x000002       data     extern C:\MCC18\src\traditional\math\aarg.asm
                 __AARGB6   0x000003       data     extern C:\MCC18\src\traditional\math\aarg.asm
                  __REMB2   0x000003       data     extern C:\MCC18\src\traditional\math\aarg.asm
                  __REMB1   0x000004       data     extern C:\MCC18\src\traditional\math\aarg.asm
                 __AARGB5   0x000004       data     extern C:\MCC18\src\traditional\math\aarg.asm
                  __REMB0   0x000005       data     extern C:\MCC18\src\traditional\math\aarg.asm
                 __AARGB4   0x000005       data     extern C:\MCC18\src\traditional\math\aarg.asm
                 __AARGB3   0x000006       data     extern C:\MCC18\src\traditional\math\aarg.asm
                 __AARGB2   0x000007       data     extern C:\MCC18\src\traditional\math\aarg.asm
                 __AARGB1   0x000008       data     extern C:\MCC18\src\traditional\math\aarg.asm
                 __AARGB0   0x000009       data     extern C:\MCC18\src\traditional\math\aarg.asm
                   __AEXP   0x00000a       data     extern C:\MCC18\src\traditional\math\aarg.asm
                 __BARGB3   0x00000b       data     extern C:\MCC18\src\traditional\math\barg.asm
                 __BARGB2   0x00000c       data     extern C:\MCC18\src\traditional\math\barg.asm
                 __BARGB1   0x00000d       data     extern C:\MCC18\src\traditional\math\barg.asm
                 __BARGB0   0x00000e       data     extern C:\MCC18\src\traditional\math\barg.asm
                   __BEXP   0x00000f       data     extern C:\MCC18\src\traditional\math\barg.asm
                 __TEMPB3   0x000010       data     extern C:\MCC18\src\traditional\math\temparg.asm
                 __TEMPB2   0x000011       data     extern C:\MCC18\src\traditional\math\temparg.asm
                 __TEMPB1   0x000012       data     extern C:\MCC18\src\traditional\math\temparg.asm
                 __TEMPB0   0x000013       data     extern C:\MCC18\src\traditional\math\temparg.asm
                   __TEMP   0x000013       data     extern C:\MCC18\src\traditional\math\temparg.asm
                  __tmp_0   0x000014       data     static C:\MCC18\src\traditional\stdclib\sprintf.c
                  __tmp_0   0x000014       data     static C:\MCC18\src\traditional\stdclib\vfprintf.c
                  __tmp_0   0x000014       data     static C:\Nerd Stuff\uC\C 18\mobot2010\adcTest\init.c
                  __tmp_0   0x000014       data     static C:\MCC18\src\pmc_common\ADC\adcopen.c
                  __tmp_0   0x000014       data     static C:\Nerd Stuff\uC\C 18\mobot2010\adcTest\main.c
                  __tmp_0   0x000014       data     static C:\MCC18\src\traditional\stdclib\putc.c
                  __tmp_0   0x000014       data     static C:\MCC18\src\pmc_common\ADC\adcread.c
                  __tmp_0   0x000014       data     static C:\MCC18\src\pmc_common\ADC\adcsetch.c
            DelayCounter1   0x00001b       data     extern C:\MCC18\src\traditional\delays\delayd1.asm
                    servo   0x000060       data     extern C:\Nerd Stuff\uC\C 18\mobot2010\adcTest\main.c
                    black   0x000061       data     extern C:\Nerd Stuff\uC\C 18\mobot2010\adcTest\main.c
                    white   0x000075       data     extern C:\Nerd Stuff\uC\C 18\mobot2010\adcTest\main.c
                    thres   0x000089       data     extern C:\Nerd Stuff\uC\C 18\mobot2010\adcTest\main.c
                      adc   0x00009d       data     extern C:\Nerd Stuff\uC\C 18\mobot2010\adcTest\main.c
               servosPosH   0x0000b1       data     extern C:\Nerd Stuff\uC\C 18\mobot2010\adcTest\main.c
               servosPosL   0x0000c3       data     extern C:\Nerd Stuff\uC\C 18\mobot2010\adcTest\main.c
                      str   0x0000d5       data     extern C:\Nerd Stuff\uC\C 18\mobot2010\adcTest\main.c
               servosHigh   0x0000e5       data     extern C:\Nerd Stuff\uC\C 18\mobot2010\adcTest\main.c
                servosLow   0x0000e7       data     extern C:\Nerd Stuff\uC\C 18\mobot2010\adcTest\main.c
                     prom   0x0000e9       data     static C:\MCC18\src\traditional\startup\c018i.c
                curr_byte   0x0000ec       data     static C:\MCC18\src\traditional\startup\c018i.c
               curr_entry   0x0000ee       data     static C:\MCC18\src\traditional\startup\c018i.c
                 data_ptr   0x0000f0       data     static C:\MCC18\src\traditional\startup\c018i.c
               SSPMSKbits   0x000f77       data     extern C:\MCC18\src\traditional\proc\p18F25K20.asm
                   SSPMSK   0x000f77       data     extern C:\MCC18\src\traditional\proc\p18F25K20.asm
               SLRCONbits   0x000f78       data     extern C:\MCC18\src\traditional\proc\p18F25K20.asm
                   SLRCON   0x000f78       data     extern C:\MCC18\src\traditional\proc\p18F25K20.asm
              CM2CON1bits   0x000f79       data     extern C:\MCC18\src\traditional\proc\p18F25K20.asm
                  CM2CON1   0x000f79       data     extern C:\MCC18\src\traditional\proc\p18F25K20.asm
              CM2CON0bits   0x000f7a       data     extern C:\MCC18\src\traditional\proc\p18F25K20.asm
                  CM2CON0   0x000f7a       data     extern C:\MCC18\src\traditional\proc\p18F25K20.asm
              CM1CON0bits   0x000f7b       data     extern C:\MCC18\src\traditional\proc\p18F25K20.asm
                  CM1CON0   0x000f7b       data     extern C:\MCC18\src\traditional\proc\p18F25K20.asm
                 WPUBbits   0x000f7c       data     extern C:\MCC18\src\traditional\proc\p18F25K20.asm
                     WPUB   0x000f7c       data     extern C:\MCC18\src\traditional\proc\p18F25K20.asm
                 IOCBbits   0x000f7d       data     extern C:\MCC18\src\traditional\proc\p18F25K20.asm
                     IOCB   0x000f7d       data     extern C:\MCC18\src\traditional\proc\p18F25K20.asm
                    ANSEL   0x000f7e       data     extern C:\MCC18\src\traditional\proc\p18F25K20.asm
                ANSELbits   0x000f7e       data     extern C:\MCC18\src\traditional\proc\p18F25K20.asm
                   ANSELH   0x000f7f       data     extern C:\MCC18\src\traditional\proc\p18F25K20.asm
               ANSELHbits   0x000f7f       data     extern C:\MCC18\src\traditional\proc\p18F25K20.asm
                    PORTA   0x000f80       data     extern C:\MCC18\src\traditional\proc\p18F25K20.asm
                PORTAbits   0x000f80       data     extern C:\MCC18\src\traditional\proc\p18F25K20.asm
                PORTBbits   0x000f81       data     extern C:\MCC18\src\traditional\proc\p18F25K20.asm
                    PORTB   0x000f81       data     extern C:\MCC18\src\traditional\proc\p18F25K20.asm
                    PORTC   0x000f82       data     extern C:\MCC18\src\traditional\proc\p18F25K20.asm
                PORTCbits   0x000f82       data     extern C:\MCC18\src\traditional\proc\p18F25K20.asm
                PORTEbits   0x000f84       data     extern C:\MCC18\src\traditional\proc\p18F25K20.asm
                    PORTE   0x000f84       data     extern C:\MCC18\src\traditional\proc\p18F25K20.asm
                     LATA   0x000f89       data     extern C:\MCC18\src\traditional\proc\p18F25K20.asm
                 LATAbits   0x000f89       data     extern C:\MCC18\src\traditional\proc\p18F25K20.asm
                     LATB   0x000f8a       data     extern C:\MCC18\src\traditional\proc\p18F25K20.asm
                 LATBbits   0x000f8a       data     extern C:\MCC18\src\traditional\proc\p18F25K20.asm
                     LATC   0x000f8b       data     extern C:\MCC18\src\traditional\proc\p18F25K20.asm
                 LATCbits   0x000f8b       data     extern C:\MCC18\src\traditional\proc\p18F25K20.asm
                     DDRA   0x000f92       data     extern C:\MCC18\src\traditional\proc\p18F25K20.asm
                 DDRAbits   0x000f92       data     extern C:\MCC18\src\traditional\proc\p18F25K20.asm
                    TRISA   0x000f92       data     extern C:\MCC18\src\traditional\proc\p18F25K20.asm
                TRISAbits   0x000f92       data     extern C:\MCC18\src\traditional\proc\p18F25K20.asm
                     DDRB   0x000f93       data     extern C:\MCC18\src\traditional\proc\p18F25K20.asm
                 DDRBbits   0x000f93       data     extern C:\MCC18\src\traditional\proc\p18F25K20.asm
                    TRISB   0x000f93       data     extern C:\MCC18\src\traditional\proc\p18F25K20.asm
                TRISBbits   0x000f93       data     extern C:\MCC18\src\traditional\proc\p18F25K20.asm
                    TRISC   0x000f94       data     extern C:\MCC18\src\traditional\proc\p18F25K20.asm
                TRISCbits   0x000f94       data     extern C:\MCC18\src\traditional\proc\p18F25K20.asm
                 DDRCbits   0x000f94       data     extern C:\MCC18\src\traditional\proc\p18F25K20.asm
                     DDRC   0x000f94       data     extern C:\MCC18\src\traditional\proc\p18F25K20.asm
              OSCTUNEbits   0x000f9b       data     extern C:\MCC18\src\traditional\proc\p18F25K20.asm
                  OSCTUNE   0x000f9b       data     extern C:\MCC18\src\traditional\proc\p18F25K20.asm
                     PIE1   0x000f9d       data     extern C:\MCC18\src\traditional\proc\p18F25K20.asm
                 PIE1bits   0x000f9d       data     extern C:\MCC18\src\traditional\proc\p18F25K20.asm
                     PIR1   0x000f9e       data     extern C:\MCC18\src\traditional\proc\p18F25K20.asm
                 PIR1bits   0x000f9e       data     extern C:\MCC18\src\traditional\proc\p18F25K20.asm
                 IPR1bits   0x000f9f       data     extern C:\MCC18\src\traditional\proc\p18F25K20.asm
                     IPR1   0x000f9f       data     extern C:\MCC18\src\traditional\proc\p18F25K20.asm
                     PIE2   0x000fa0       data     extern C:\MCC18\src\traditional\proc\p18F25K20.asm
                 PIE2bits   0x000fa0       data     extern C:\MCC18\src\traditional\proc\p18F25K20.asm
                     PIR2   0x000fa1       data     extern C:\MCC18\src\traditional\proc\p18F25K20.asm
                 PIR2bits   0x000fa1       data     extern C:\MCC18\src\traditional\proc\p18F25K20.asm
                 IPR2bits   0x000fa2       data     extern C:\MCC18\src\traditional\proc\p18F25K20.asm
                     IPR2   0x000fa2       data     extern C:\MCC18\src\traditional\proc\p18F25K20.asm
               EECON1bits   0x000fa6       data     extern C:\MCC18\src\traditional\proc\p18F25K20.asm
                   EECON1   0x000fa6       data     extern C:\MCC18\src\traditional\proc\p18F25K20.asm
                   EECON2   0x000fa7       data     extern C:\MCC18\src\traditional\proc\p18F25K20.asm
                   EEDATA   0x000fa8       data     extern C:\MCC18\src\traditional\proc\p18F25K20.asm
                    EEADR   0x000fa9       data     extern C:\MCC18\src\traditional\proc\p18F25K20.asm
                    RCSTA   0x000fab       data     extern C:\MCC18\src\traditional\proc\p18F25K20.asm
                RCSTAbits   0x000fab       data     extern C:\MCC18\src\traditional\proc\p18F25K20.asm
                TXSTAbits   0x000fac       data     extern C:\MCC18\src\traditional\proc\p18F25K20.asm
                    TXSTA   0x000fac       data     extern C:\MCC18\src\traditional\proc\p18F25K20.asm
                    TXREG   0x000fad       data     extern C:\MCC18\src\traditional\proc\p18F25K20.asm
                    RCREG   0x000fae       data     extern C:\MCC18\src\traditional\proc\p18F25K20.asm
                    SPBRG   0x000faf       data     extern C:\MCC18\src\traditional\proc\p18F25K20.asm
                   SPBRGH   0x000fb0       data     extern C:\MCC18\src\traditional\proc\p18F25K20.asm
                T3CONbits   0x000fb1       data     extern C:\MCC18\src\traditional\proc\p18F25K20.asm
                    T3CON   0x000fb1       data     extern C:\MCC18\src\traditional\proc\p18F25K20.asm
                    TMR3L   0x000fb2       data     extern C:\MCC18\src\traditional\proc\p18F25K20.asm
                    TMR3H   0x000fb3       data     extern C:\MCC18\src\traditional\proc\p18F25K20.asm
              CVRCON2bits   0x000fb4       data     extern C:\MCC18\src\traditional\proc\p18F25K20.asm
                  CVRCON2   0x000fb4       data     extern C:\MCC18\src\traditional\proc\p18F25K20.asm
               CVRCONbits   0x000fb5       data     extern C:\MCC18\src\traditional\proc\p18F25K20.asm
                   CVRCON   0x000fb5       data     extern C:\MCC18\src\traditional\proc\p18F25K20.asm
              ECCP1ASbits   0x000fb6       data     extern C:\MCC18\src\traditional\proc\p18F25K20.asm
                  ECCP1AS   0x000fb6       data     extern C:\MCC18\src\traditional\proc\p18F25K20.asm
                  PWM1CON   0x000fb7       data     extern C:\MCC18\src\traditional\proc\p18F25K20.asm
              PWM1CONbits   0x000fb7       data     extern C:\MCC18\src\traditional\proc\p18F25K20.asm
              BAUDCONbits   0x000fb8       data     extern C:\MCC18\src\traditional\proc\p18F25K20.asm
                  BAUDCTL   0x000fb8       data     extern C:\MCC18\src\traditional\proc\p18F25K20.asm
              BAUDCTLbits   0x000fb8       data     extern C:\MCC18\src\traditional\proc\p18F25K20.asm
                  BAUDCON   0x000fb8       data     extern C:\MCC18\src\traditional\proc\p18F25K20.asm
              PSTRCONbits   0x000fb9       data     extern C:\MCC18\src\traditional\proc\p18F25K20.asm
                  PSTRCON   0x000fb9       data     extern C:\MCC18\src\traditional\proc\p18F25K20.asm
                  CCP2CON   0x000fba       data     extern C:\MCC18\src\traditional\proc\p18F25K20.asm
              CCP2CONbits   0x000fba       data     extern C:\MCC18\src\traditional\proc\p18F25K20.asm
                   CCPR2L   0x000fbb       data     extern C:\MCC18\src\traditional\proc\p18F25K20.asm
                    CCPR2   0x000fbb       data     extern C:\MCC18\src\traditional\proc\p18F25K20.asm
                   CCPR2H   0x000fbc       data     extern C:\MCC18\src\traditional\proc\p18F25K20.asm
                  CCP1CON   0x000fbd       data     extern C:\MCC18\src\traditional\proc\p18F25K20.asm
              CCP1CONbits   0x000fbd       data     extern C:\MCC18\src\traditional\proc\p18F25K20.asm
                   CCPR1L   0x000fbe       data     extern C:\MCC18\src\traditional\proc\p18F25K20.asm
                    CCPR1   0x000fbe       data     extern C:\MCC18\src\traditional\proc\p18F25K20.asm
                   CCPR1H   0x000fbf       data     extern C:\MCC18\src\traditional\proc\p18F25K20.asm
               ADCON2bits   0x000fc0       data     extern C:\MCC18\src\traditional\proc\p18F25K20.asm
                   ADCON2   0x000fc0       data     extern C:\MCC18\src\traditional\proc\p18F25K20.asm
               ADCON1bits   0x000fc1       data     extern C:\MCC18\src\traditional\proc\p18F25K20.asm
                   ADCON1   0x000fc1       data     extern C:\MCC18\src\traditional\proc\p18F25K20.asm
                   ADCON0   0x000fc2       data     extern C:\MCC18\src\traditional\proc\p18F25K20.asm
               ADCON0bits   0x000fc2       data     extern C:\MCC18\src\traditional\proc\p18F25K20.asm
                    ADRES   0x000fc3       data     extern C:\MCC18\src\traditional\proc\p18F25K20.asm
                   ADRESL   0x000fc3       data     extern C:\MCC18\src\traditional\proc\p18F25K20.asm
                   ADRESH   0x000fc4       data     extern C:\MCC18\src\traditional\proc\p18F25K20.asm
                  SSPCON2   0x000fc5       data     extern C:\MCC18\src\traditional\proc\p18F25K20.asm
              SSPCON2bits   0x000fc5       data     extern C:\MCC18\src\traditional\proc\p18F25K20.asm
                  SSPCON1   0x000fc6       data     extern C:\MCC18\src\traditional\proc\p18F25K20.asm
              SSPCON1bits   0x000fc6       data     extern C:\MCC18\src\traditional\proc\p18F25K20.asm
                  SSPSTAT   0x000fc7       data     extern C:\MCC18\src\traditional\proc\p18F25K20.asm
              SSPSTATbits   0x000fc7       data     extern C:\MCC18\src\traditional\proc\p18F25K20.asm
                   SSPADD   0x000fc8       data     extern C:\MCC18\src\traditional\proc\p18F25K20.asm
                   SSPBUF   0x000fc9       data     extern C:\MCC18\src\traditional\proc\p18F25K20.asm
                    T2CON   0x000fca       data     extern C:\MCC18\src\traditional\proc\p18F25K20.asm
                T2CONbits   0x000fca       data     extern C:\MCC18\src\traditional\proc\p18F25K20.asm
                      PR2   0x000fcb       data     extern C:\MCC18\src\traditional\proc\p18F25K20.asm
                     TMR2   0x000fcc       data     extern C:\MCC18\src\traditional\proc\p18F25K20.asm
                T1CONbits   0x000fcd       data     extern C:\MCC18\src\traditional\proc\p18F25K20.asm
                    T1CON   0x000fcd       data     extern C:\MCC18\src\traditional\proc\p18F25K20.asm
                    TMR1L   0x000fce       data     extern C:\MCC18\src\traditional\proc\p18F25K20.asm
                    TMR1H   0x000fcf       data     extern C:\MCC18\src\traditional\proc\p18F25K20.asm
                 RCONbits   0x000fd0       data     extern C:\MCC18\src\traditional\proc\p18F25K20.asm
                     RCON   0x000fd0       data     extern C:\MCC18\src\traditional\proc\p18F25K20.asm
                   WDTCON   0x000fd1       data     extern C:\MCC18\src\traditional\proc\p18F25K20.asm
               WDTCONbits   0x000fd1       data     extern C:\MCC18\src\traditional\proc\p18F25K20.asm
                  HLVDCON   0x000fd2       data     extern C:\MCC18\src\traditional\proc\p18F25K20.asm
               LVDCONbits   0x000fd2       data     extern C:\MCC18\src\traditional\proc\p18F25K20.asm
                   LVDCON   0x000fd2       data     extern C:\MCC18\src\traditional\proc\p18F25K20.asm
              HLVDCONbits   0x000fd2       data     extern C:\MCC18\src\traditional\proc\p18F25K20.asm
                   OSCCON   0x000fd3       data     extern C:\MCC18\src\traditional\proc\p18F25K20.asm
               OSCCONbits   0x000fd3       data     extern C:\MCC18\src\traditional\proc\p18F25K20.asm
                T0CONbits   0x000fd5       data     extern C:\MCC18\src\traditional\proc\p18F25K20.asm
                    T0CON   0x000fd5       data     extern C:\MCC18\src\traditional\proc\p18F25K20.asm
                    TMR0L   0x000fd6       data     extern C:\MCC18\src\traditional\proc\p18F25K20.asm
                    TMR0H   0x000fd7       data     extern C:\MCC18\src\traditional\proc\p18F25K20.asm
               STATUSbits   0x000fd8       data     extern C:\MCC18\src\traditional\proc\p18F25K20.asm
                   STATUS   0x000fd8       data     extern C:\MCC18\src\traditional\proc\p18F25K20.asm
                    FSR2L   0x000fd9       data     extern C:\MCC18\src\traditional\proc\p18F25K20.asm
                     FSR2   0x000fd9       data     extern C:\MCC18\src\traditional\proc\p18F25K20.asm
                    FSR2H   0x000fda       data     extern C:\MCC18\src\traditional\proc\p18F25K20.asm
                   PLUSW2   0x000fdb       data     extern C:\MCC18\src\traditional\proc\p18F25K20.asm
                  PREINC2   0x000fdc       data     extern C:\MCC18\src\traditional\proc\p18F25K20.asm
                 POSTDEC2   0x000fdd       data     extern C:\MCC18\src\traditional\proc\p18F25K20.asm
                 POSTINC2   0x000fde       data     extern C:\MCC18\src\traditional\proc\p18F25K20.asm
                    INDF2   0x000fdf       data     extern C:\MCC18\src\traditional\proc\p18F25K20.asm
                      BSR   0x000fe0       data     extern C:\MCC18\src\traditional\proc\p18F25K20.asm
                     FSR1   0x000fe1       data     extern C:\MCC18\src\traditional\proc\p18F25K20.asm
                    FSR1L   0x000fe1       data     extern C:\MCC18\src\traditional\proc\p18F25K20.asm
                    FSR1H   0x000fe2       data     extern C:\MCC18\src\traditional\proc\p18F25K20.asm
                   PLUSW1   0x000fe3       data     extern C:\MCC18\src\traditional\proc\p18F25K20.asm
                  PREINC1   0x000fe4       data     extern C:\MCC18\src\traditional\proc\p18F25K20.asm
                 POSTDEC1   0x000fe5       data     extern C:\MCC18\src\traditional\proc\p18F25K20.asm
                 POSTINC1   0x000fe6       data     extern C:\MCC18\src\traditional\proc\p18F25K20.asm
                    INDF1   0x000fe7       data     extern C:\MCC18\src\traditional\proc\p18F25K20.asm
                        W   0x000fe8       data     extern C:\MCC18\src\traditional\proc\p18F25K20.asm
                     WREG   0x000fe8       data     extern C:\MCC18\src\traditional\proc\p18F25K20.asm
                     FSR0   0x000fe9       data     extern C:\MCC18\src\traditional\proc\p18F25K20.asm
                    FSR0L   0x000fe9       data     extern C:\MCC18\src\traditional\proc\p18F25K20.asm
                    FSR0H   0x000fea       data     extern C:\MCC18\src\traditional\proc\p18F25K20.asm
                   PLUSW0   0x000feb       data     extern C:\MCC18\src\traditional\proc\p18F25K20.asm
                  PREINC0   0x000fec       data     extern C:\MCC18\src\traditional\proc\p18F25K20.asm
                 POSTDEC0   0x000fed       data     extern C:\MCC18\src\traditional\proc\p18F25K20.asm
                 POSTINC0   0x000fee       data     extern C:\MCC18\src\traditional\proc\p18F25K20.asm
                    INDF0   0x000fef       data     extern C:\MCC18\src\traditional\proc\p18F25K20.asm
              INTCON3bits   0x000ff0       data     extern C:\MCC18\src\traditional\proc\p18F25K20.asm
                  INTCON3   0x000ff0       data     extern C:\MCC18\src\traditional\proc\p18F25K20.asm
              INTCON2bits   0x000ff1       data     extern C:\MCC18\src\traditional\proc\p18F25K20.asm
                  INTCON2   0x000ff1       data     extern C:\MCC18\src\traditional\proc\p18F25K20.asm
               INTCONbits   0x000ff2       data     extern C:\MCC18\src\traditional\proc\p18F25K20.asm
                   INTCON   0x000ff2       data     extern C:\MCC18\src\traditional\proc\p18F25K20.asm
                     PROD   0x000ff3       data     extern C:\MCC18\src\traditional\proc\p18F25K20.asm
                    PRODL   0x000ff3       data     extern C:\MCC18\src\traditional\proc\p18F25K20.asm
                    PRODH   0x000ff4       data     extern C:\MCC18\src\traditional\proc\p18F25K20.asm
                   TABLAT   0x000ff5       data     extern C:\MCC18\src\traditional\proc\p18F25K20.asm
                  TBLPTRL   0x000ff6       data     extern C:\MCC18\src\traditional\proc\p18F25K20.asm
                   TBLPTR   0x000ff6       data     extern C:\MCC18\src\traditional\proc\p18F25K20.asm
                  TBLPTRH   0x000ff7       data     extern C:\MCC18\src\traditional\proc\p18F25K20.asm
                  TBLPTRU   0x000ff8       data     extern C:\MCC18\src\traditional\proc\p18F25K20.asm
                      PCL   0x000ff9       data     extern C:\MCC18\src\traditional\proc\p18F25K20.asm
                       PC   0x000ff9       data     extern C:\MCC18\src\traditional\proc\p18F25K20.asm
                   PCLATH   0x000ffa       data     extern C:\MCC18\src\traditional\proc\p18F25K20.asm
                   PCLATU   0x000ffb       data     extern C:\MCC18\src\traditional\proc\p18F25K20.asm
               STKPTRbits   0x000ffc       data     extern C:\MCC18\src\traditional\proc\p18F25K20.asm
                   STKPTR   0x000ffc       data     extern C:\MCC18\src\traditional\proc\p18F25K20.asm
                     TOSL   0x000ffd       data     extern C:\MCC18\src\traditional\proc\p18F25K20.asm
                      TOS   0x000ffd       data     extern C:\MCC18\src\traditional\proc\p18F25K20.asm
                     TOSH   0x000ffe       data     extern C:\MCC18\src\traditional\proc\p18F25K20.asm
                     TOSU   0x000fff       data     extern C:\MCC18\src\traditional\proc\p18F25K20.asm


