MPASM  5.14                      SERVOADC.ASM   8-2-2008  19:38:25         PAGE  1


LOC  OBJECT CODE     LINE SOURCE TEXT
  VALUE

                      00001         list            p=16f877a       ; list directive to define processor
                      00002         #include        <p16f877a.inc>  ; processor specific variable definitions
                      00001         LIST
                      00002 ; P16F877A.INC  Standard Header File, Version 1.00    Microchip Technology, Inc.
                      00400         LIST
                      00003         
2007   3F32           00004         __CONFIG _CP_OFF & _WDT_OFF & _BODEN_OFF & _PWRTE_ON & _HS_OSC & _WRT_OFF & _LVP_OFF & _CPD_OFF
                      00005 
                      00006 Bank0:          MACRO
                      00007                         bcf     STATUS, RP0
                      00008                         bcf     STATUS, RP1
                      00009                         ENDM
                      00010 Bank1:          MACRO
                      00011                         bsf     STATUS, RP0
                      00012                         bcf     STATUS, RP1
                      00013                         ENDM
                      00014 Bank2:          MACRO
                      00015                         bcf     STATUS, RP0
                      00016                         bsf     STATUS, RP1
                      00017                         ENDM
                      00018 Bank3:          MACRO
                      00019                         bsf     STATUS, RP0
                      00020                         bsf     STATUS, RP1
                      00021                         ENDM
                      00022 
  00000020            00023 SERVO0          EQU             0x20
  00000021            00024 SERVO1          EQU             0x21
  00000022            00025 SERVO2          EQU             0x22            
  00000023            00026 SERVO3          EQU             0x23
  00000024            00027 SERVO4          EQU             0x24
  00000070            00028 STATE           EQU             0x70            ;Bit 0 is servo run bit
  00000071            00029 ServoLoop       EQU             0x71            ;Set to 250
  0000007E            00030 TEMPH           EQU             0x7E
  0000007F            00031 DELAY           EQU             0x7F
                      00032 
0000                  00033         ORG     0x000
0000   280B           00034         goto    initPORTS
                      00035         
0004                  00036         ORG     0x004
0004   1470           00037         bsf             STATE, 0                        ;Servo run bit on
0005   100C           00038         bcf             PIR1, TMR1IF            ;Must turn off manually
0006   30B0           00039         movlw   0xB0                            ;Setting these two registers
0007   008E           00040         movwf   TMR1L                           ;will make the interrupt go 
0008   303C           00041         movlw   0x3C                            ;off every 20ms.
0009   008F           00042         movwf   TMR1H                           ;
000A   0009           00043         retfie          
                      00044         
000B                  00045 initPORTS
                      00046         Bank0
000B   1283               M                         bcf     STATUS, RP0
000C   1303               M                         bcf     STATUS, RP1
000D   0185           00047         clrf    PORTA
000E   0186           00048         clrf    PORTB
MPASM  5.14                      SERVOADC.ASM   8-2-2008  19:38:25         PAGE  2


LOC  OBJECT CODE     LINE SOURCE TEXT
  VALUE

000F   01F0           00049         clrf    STATE
                      00050         Bank1
0010   1683               M                         bsf     STATUS, RP0
0011   1303               M                         bcf     STATUS, RP1
0012   300B           00051         movlw   0x0B
Message[302]: Register in operand not in bank 0.  Ensure that bank bits are correct.
0013   0085           00052         movwf   TRISA                           ;Input: RA0,1,3
Message[302]: Register in operand not in bank 0.  Ensure that bank bits are correct.
0014   0186           00053         clrf    TRISB                           ;Input: None
0015   2816           00054         goto    initADC
                      00055 
0016                  00056 initADC
                      00057         Bank1
0016   1683               M                         bsf     STATUS, RP0
0017   1303               M                         bcf     STATUS, RP1
0018   3004           00058         movlw   0x04                            ;AN0,1,3
Message[302]: Register in operand not in bank 0.  Ensure that bank bits are correct.
0019   009F           00059         movwf   ADCON1                          ;Vref+ = Vcc
                      00060                                                                 ;Left just
001A   281B           00061         goto    initRegs
                      00062         
001B                  00063 initRegs
                      00064         Bank0
001B   1283               M                         bcf     STATUS, RP0
001C   1303               M                         bcf     STATUS, RP1
001D   01A0           00065         clrf    SERVO0
001E   01A1           00066         clrf    SERVO1
001F   01A2           00067         clrf    SERVO2
0020   01A3           00068         clrf    SERVO3
0021   01A4           00069         clrf    SERVO4
0022   01F0           00070         clrf    STATE
0023   01FE           00071         clrf    TEMPH
0024   30FA           00072         movlw   d'250'
0025   00F1           00073         movwf   ServoLoop
0026   2827           00074         goto    initTMR1
                      00075 
0027                  00076 initTMR1
                      00077         Bank0
0027   1283               M                         bcf     STATUS, RP0
0028   1303               M                         bcf     STATUS, RP1
0029   018B           00078         clrf    INTCON                          ;Turn off interrupts and flags
002A   018C           00079         clrf    PIR1                            ;Clear TMR1IF 
                      00080         Bank1
002B   1683               M                         bsf     STATUS, RP0
002C   1303               M                         bcf     STATUS, RP1
Message[302]: Register in operand not in bank 0.  Ensure that bank bits are correct.
002D   018C           00081         clrf    PIE1                            ;Clear TMR1IE
                      00082         Bank0
002E   1283               M                         bcf     STATUS, RP0
002F   1303               M                         bcf     STATUS, RP1
0030   3004           00083         movlw   0x04                            ;Timer off               , internal Fosc/4
0031   0090           00084         movwf   T1CON                           ;Don't syncronize, prescaler is 1:1
                      00085         Bank1
MPASM  5.14                      SERVOADC.ASM   8-2-2008  19:38:25         PAGE  3


LOC  OBJECT CODE     LINE SOURCE TEXT
  VALUE

0032   1683               M                         bsf     STATUS, RP0
0033   1303               M                         bcf     STATUS, RP1
Message[302]: Register in operand not in bank 0.  Ensure that bank bits are correct.
0034   140C           00086         bsf             PIE1, TMR1IE            ;Enable the tmr1 interrupt
                      00087         Bank0
0035   1283               M                         bcf     STATUS, RP0
0036   1303               M                         bcf     STATUS, RP1
0037   1410           00088         bsf             T1CON, TMR1ON           ;Timer1 on
0038   170B           00089         bsf             INTCON, PEIE
0039   178B           00090         bsf             INTCON, GIE                     ;Global interrupt enabled       
003A   283E           00091         goto    servoON
                      00092         
003B                  00093 main
003B   1C70           00094         btfss   STATE, 0
003C   283B           00095         goto    main
003D   283E           00096         goto    servoON
003E                  00097 servoON
                      00098         Bank0
003E   1283               M                         bcf     STATUS, RP0
003F   1303               M                         bcf     STATUS, RP1
0040   1070           00099         bcf             STATE, 0
0041   3003           00100         movlw   b'00000011'
0042   0086           00101         movwf   PORTB
0043   30FA           00102         movlw   d'250'
0044   2075           00103         call    delay400us
0045   00F1           00104         movwf   ServoLoop
0046   2847           00105         goto    servoRUN
                      00106         
0047                  00107 servoRUN                                                ;make sure this loop is 18 cycles
0047   03A0           00108         decf    SERVO0, 1                       ;servo 0
0048   1903           00109         btfsc   STATUS, Z
0049   1006           00110         bcf             PORTB, 0
004A   03A1           00111         decf    SERVO1, 1                       ;servo 1
004B   1903           00112         btfsc   STATUS, Z
004C   1086           00113         bcf             PORTB, 1
004D   03A2           00114         decf    SERVO2, 1                       ;servo 2
004E   1903           00115         btfsc   STATUS, Z
004F   1106           00116         bcf             PORTB, 2
0050   03A3           00117         decf    SERVO3, 1                       ;servo 3
0051   1903           00118         btfsc   STATUS, Z
0052   1186           00119         bcf             PORTB, 3
0053   03A4           00120         decf    SERVO4, 1                       ;servo 4
0054   1903           00121         btfsc   STATUS, Z
0055   1206           00122         bcf             PORTB, 4
Message[305]: Using default destination of 1 (file).
0056   0BF1           00123         decfsz  ServoLoop
0057   2847           00124         goto    servoRUN
0058   2859           00125         goto    ADC0
0059                  00126 ADC0
                      00127         Bank0
0059   1283               M                         bcf     STATUS, RP0
005A   1303               M                         bcf     STATUS, RP1
005B   3001           00128         movlw   0x01                            ;Fosc/2, AN0, no GO, ADON
MPASM  5.14                      SERVOADC.ASM   8-2-2008  19:38:25         PAGE  4


LOC  OBJECT CODE     LINE SOURCE TEXT
  VALUE

005C   009F           00129         movwf   ADCON0  
005D   207F           00130         call    delay50us                                                        
005E   151F           00131         bsf             ADCON0, 2                       ;GO!
005F   2089           00132         call    checkDONE
                      00133         Bank0
0060   1283               M                         bcf     STATUS, RP0
0061   1303               M                         bcf     STATUS, RP1
0062   081E           00134         movf    ADRESH, 0                       ;Truncating the 2 lower most bits
0063   00A0           00135         movwf   SERVO0                          ;increases servo stability
0064   1020           00136         bcf             SERVO0, 0
0065   10A0           00137         bcf             SERVO0, 1
0066   2867           00138         goto    ADC1
0067                  00139 ADC1
                      00140         Bank0
0067   1283               M                         bcf     STATUS, RP0
0068   1303               M                         bcf     STATUS, RP1
0069   3009           00141         movlw   0x09                            ;Fosc/2, AN1, no GO, ADON
006A   009F           00142         movwf   ADCON0  
006B   207F           00143         call    delay50us                                                        
006C   151F           00144         bsf             ADCON0, 2                       ;GO!
006D   2089           00145         call    checkDONE
                      00146         Bank0
006E   1283               M                         bcf     STATUS, RP0
006F   1303               M                         bcf     STATUS, RP1
0070   081E           00147         movf    ADRESH, 0                       ;Truncating the 2 lower most bits
0071   00A1           00148         movwf   SERVO1                          ;increases servo stability
0072   1021           00149         bcf             SERVO1, 0
0073   10A1           00150         bcf             SERVO1, 1
0074   283B           00151         goto    main
                      00152 
                      00153         
0075                  00154 delay400us                                              ;1000 xtal cycles
0075   30F9           00155         movlw   d'249'
0076   00FF           00156         movwf   DELAY
0077                  00157 pt0
0077   0000           00158         nop
0078   0000           00159         nop
0079   0BFF           00160         decfsz  DELAY, 1
007A   2877           00161         goto    pt0
007B   0000           00162         nop
007C   0000           00163         nop
007D   0000           00164         nop
007E   0008           00165         return
                      00166         
007F                  00167 delay50us                                               ;125 xtal cycles
007F   3018           00168         movlw   d'24'
0080   00FF           00169         movwf   DELAY
0081                  00170 pt1
0081   0000           00171         nop
0082   0000           00172         nop
0083   0BFF           00173         decfsz  DELAY, 1
0084   2881           00174         goto    pt1
0085   0000           00175         nop
MPASM  5.14                      SERVOADC.ASM   8-2-2008  19:38:25         PAGE  5


LOC  OBJECT CODE     LINE SOURCE TEXT
  VALUE

0086   0000           00176         nop
0087   0000           00177         nop
0088   0008           00178         return
                      00179         
0089                  00180 checkDONE
0089                  00181 a
0089   191F           00182         btfsc   ADCON0, 2                       ;done?
008A   2889           00183         goto    a                                       ;if not
008B   0008           00184         return
                      00185         
                      00186         
008C                  00187 neutral
                      00188         Bank0
008C   1283               M                         bcf     STATUS, RP0
008D   1303               M                         bcf     STATUS, RP1
008E   307D           00189         movlw   d'125'
008F   00A0           00190         movwf   SERVO0
0090   307D           00191         movlw   d'125'
0091   00A1           00192         movwf   SERVO1
0092   307D           00193         movlw   d'125'
0093   00A2           00194         movwf   SERVO2
0094   307D           00195         movlw   d'125'
0095   00A3           00196         movwf   SERVO3
0096   307D           00197         movlw   d'125'
0097   00A4           00198         movwf   SERVO4
0098   0008           00199         return
                      00200         
                      00201         END
MPASM  5.14                      SERVOADC.ASM   8-2-2008  19:38:25         PAGE  6


SYMBOL TABLE
  LABEL                             VALUE 

ACKDT                             00000005
ACKEN                             00000004
ACKSTAT                           00000006
ADC0                              00000059
ADC1                              00000067
ADCON0                            0000001F
ADCON1                            0000009F
ADCS0                             00000006
ADCS1                             00000007
ADCS2                             00000006
ADDEN                             00000003
ADFM                              00000007
ADIE                              00000006
ADIF                              00000006
ADON                              00000000
ADRESH                            0000001E
ADRESL                            0000009E
BCLIE                             00000003
BCLIF                             00000003
BF                                00000000
BRGH                              00000002
Bank0                             
Bank1                             
Bank2                             
Bank3                             
C                                 00000000
C1INV                             00000004
C1OUT                             00000006
C2INV                             00000005
C2OUT                             00000007
CCP1CON                           00000017
CCP1IE                            00000002
CCP1IF                            00000002
CCP1M0                            00000000
CCP1M1                            00000001
CCP1M2                            00000002
CCP1M3                            00000003
CCP1X                             00000005
CCP1Y                             00000004
CCP2CON                           0000001D
CCP2IE                            00000000
CCP2IF                            00000000
CCP2M0                            00000000
CCP2M1                            00000001
CCP2M2                            00000002
CCP2M3                            00000003
CCP2X                             00000005
CCP2Y                             00000004
CCPR1H                            00000016
CCPR1L                            00000015
CCPR2H                            0000001C
CCPR2L                            0000001B
CHS0                              00000003
MPASM  5.14                      SERVOADC.ASM   8-2-2008  19:38:25         PAGE  7


SYMBOL TABLE
  LABEL                             VALUE 

CHS1                              00000004
CHS2                              00000005
CIS                               00000003
CKE                               00000006
CKP                               00000004
CM0                               00000000
CM1                               00000001
CM2                               00000002
CMCON                             0000009C
CMIE                              00000006
CMIF                              00000006
CREN                              00000004
CSRC                              00000007
CVR0                              00000000
CVR1                              00000001
CVR2                              00000002
CVR3                              00000003
CVRCON                            0000009D
CVREN                             00000007
CVROE                             00000006
CVRR                              00000005
D                                 00000005
DATA_ADDRESS                      00000005
DC                                00000001
DELAY                             0000007F
D_A                               00000005
EEADR                             0000010D
EEADRH                            0000010F
EECON1                            0000018C
EECON2                            0000018D
EEDATA                            0000010C
EEDATH                            0000010E
EEIE                              00000004
EEIF                              00000004
EEPGD                             00000007
F                                 00000001
FERR                              00000002
FSR                               00000004
GCEN                              00000007
GIE                               00000007
GO                                00000002
GO_DONE                           00000002
I2C_DATA                          00000005
I2C_READ                          00000002
I2C_START                         00000003
I2C_STOP                          00000004
IBF                               00000007
IBOV                              00000005
INDF                              00000000
INTCON                            0000000B
INTE                              00000004
INTEDG                            00000006
INTF                              00000001
MPASM  5.14                      SERVOADC.ASM   8-2-2008  19:38:25         PAGE  8


SYMBOL TABLE
  LABEL                             VALUE 

IRP                               00000007
NOT_A                             00000005
NOT_ADDRESS                       00000005
NOT_BO                            00000000
NOT_BOR                           00000000
NOT_DONE                          00000002
NOT_PD                            00000003
NOT_POR                           00000001
NOT_RBPU                          00000007
NOT_RC8                           00000006
NOT_T1SYNC                        00000002
NOT_TO                            00000004
NOT_TX8                           00000006
NOT_W                             00000002
NOT_WRITE                         00000002
OBF                               00000006
OERR                              00000001
OPTION_REG                        00000081
P                                 00000004
PCFG0                             00000000
PCFG1                             00000001
PCFG2                             00000002
PCFG3                             00000003
PCL                               00000002
PCLATH                            0000000A
PCON                              0000008E
PEIE                              00000006
PEN                               00000002
PIE1                              0000008C
PIE2                              0000008D
PIR1                              0000000C
PIR2                              0000000D
PORTA                             00000005
PORTB                             00000006
PORTC                             00000007
PORTD                             00000008
PORTE                             00000009
PR2                               00000092
PS0                               00000000
PS1                               00000001
PS2                               00000002
PSA                               00000003
PSPIE                             00000007
PSPIF                             00000007
PSPMODE                           00000004
R                                 00000002
RBIE                              00000003
RBIF                              00000000
RC8_9                             00000006
RC9                               00000006
RCD8                              00000000
RCEN                              00000003
RCIE                              00000005
MPASM  5.14                      SERVOADC.ASM   8-2-2008  19:38:25         PAGE  9


SYMBOL TABLE
  LABEL                             VALUE 

RCIF                              00000005
RCREG                             0000001A
RCSTA                             00000018
RD                                00000000
READ_WRITE                        00000002
RP0                               00000005
RP1                               00000006
RSEN                              00000001
RX9                               00000006
RX9D                              00000000
R_W                               00000002
S                                 00000003
SEN                               00000000
SERVO0                            00000020
SERVO1                            00000021
SERVO2                            00000022
SERVO3                            00000023
SERVO4                            00000024
SMP                               00000007
SPBRG                             00000099
SPEN                              00000007
SREN                              00000005
SSPADD                            00000093
SSPBUF                            00000013
SSPCON                            00000014
SSPCON2                           00000091
SSPEN                             00000005
SSPIE                             00000003
SSPIF                             00000003
SSPM0                             00000000
SSPM1                             00000001
SSPM2                             00000002
SSPM3                             00000003
SSPOV                             00000006
SSPSTAT                           00000094
STATE                             00000070
STATUS                            00000003
SYNC                              00000004
ServoLoop                         00000071
T0CS                              00000005
T0IE                              00000005
T0IF                              00000002
T0SE                              00000004
T1CKPS0                           00000004
T1CKPS1                           00000005
T1CON                             00000010
T1INSYNC                          00000002
T1OSCEN                           00000003
T1SYNC                            00000002
T2CKPS0                           00000000
T2CKPS1                           00000001
T2CON                             00000012
TEMPH                             0000007E
MPASM  5.14                      SERVOADC.ASM   8-2-2008  19:38:25         PAGE 10


SYMBOL TABLE
  LABEL                             VALUE 

TMR0                              00000001
TMR0IE                            00000005
TMR0IF                            00000002
TMR1CS                            00000001
TMR1H                             0000000F
TMR1IE                            00000000
TMR1IF                            00000000
TMR1L                             0000000E
TMR1ON                            00000000
TMR2                              00000011
TMR2IE                            00000001
TMR2IF                            00000001
TMR2ON                            00000002
TOUTPS0                           00000003
TOUTPS1                           00000004
TOUTPS2                           00000005
TOUTPS3                           00000006
TRISA                             00000085
TRISB                             00000086
TRISC                             00000087
TRISD                             00000088
TRISE                             00000089
TRISE0                            00000000
TRISE1                            00000001
TRISE2                            00000002
TRMT                              00000001
TX8_9                             00000006
TX9                               00000006
TX9D                              00000000
TXD8                              00000000
TXEN                              00000005
TXIE                              00000004
TXIF                              00000004
TXREG                             00000019
TXSTA                             00000098
UA                                00000001
W                                 00000000
WCOL                              00000007
WR                                00000001
WREN                              00000002
WRERR                             00000003
Z                                 00000002
_BODEN_OFF                        00003FBF
_BODEN_ON                         00003FFF
_CPD_OFF                          00003FFF
_CPD_ON                           00003EFF
_CP_ALL                           00001FFF
_CP_OFF                           00003FFF
_DEBUG_OFF                        00003FFF
_DEBUG_ON                         000037FF
_HS_OSC                           00003FFE
_LP_OSC                           00003FFC
_LVP_OFF                          00003F7F
MPASM  5.14                      SERVOADC.ASM   8-2-2008  19:38:25         PAGE 11


SYMBOL TABLE
  LABEL                             VALUE 

_LVP_ON                           00003FFF
_PWRTE_OFF                        00003FFF
_PWRTE_ON                         00003FF7
_RC_OSC                           00003FFF
_WDT_OFF                          00003FFB
_WDT_ON                           00003FFF
_WRT_1FOURTH                      00003BFF
_WRT_256                          00003DFF
_WRT_HALF                         000039FF
_WRT_OFF                          00003FFF
_XT_OSC                           00003FFD
__16F877A                         00000001
a                                 00000089
checkDONE                         00000089
delay400us                        00000075
delay50us                         0000007F
initADC                           00000016
initPORTS                         0000000B
initRegs                          0000001B
initTMR1                          00000027
main                              0000003B
neutral                           0000008C
pt0                               00000077
pt1                               00000081
servoON                           0000003E
servoRUN                          00000047


MEMORY USAGE MAP ('X' = Used,  '-' = Unused)

0000 : X---XXXXXXXXXXXX XXXXXXXXXXXXXXXX XXXXXXXXXXXXXXXX XXXXXXXXXXXXXXXX
0040 : XXXXXXXXXXXXXXXX XXXXXXXXXXXXXXXX XXXXXXXXXXXXXXXX XXXXXXXXXXXXXXXX
0080 : XXXXXXXXXXXXXXXX XXXXXXXXX------- ---------------- ----------------
2000 : -------X-------- ---------------- ---------------- ----------------

All other memory blocks unused.

Program Memory Words Used:   150
Program Memory Words Free:  8042


Errors   :     0
Warnings :     0 reported,     0 suppressed
Messages :     6 reported,     0 suppressed

