

HI-TECH Software LITE Macro Assembler (PIC18) V9.63PL2 build 4044 
                                                       Wed Apr 15 00:59:11 2009

HI-TECH Software Omniscient Code Generator build 4044
     1  000000                     opt subtitle "HI-TECH Software Omniscient Code G
                                 enerator build 4044"
     2                           
     3                           	processor	18F1220
     4  000000                     porta	equ	0F80h
     5  000000                     portb	equ	0F81h
     6  000000                     portc	equ	0F82h
     7  000000                     portd	equ	0F83h
     8  000000                     porte	equ	0F84h
     9  000000                     lata	equ	0F89h
    10  000000                     latb	equ	0F8Ah
    11  000000                     latc	equ	0F8Bh
    12  000000                     latd	equ	0F8Ch
    13  000000                     late	equ	0F8Dh
    14  000000                     trisa	equ	0F92h
    15  000000                     trisb	equ	0F93h
    16  000000                     trisc	equ	0F94h
    17  000000                     trisd	equ	0F95h
    18  000000                     trise	equ	0F96h
    19  000000                     pie1	equ	0F9Dh
    20  000000                     pir1	equ	0F9Eh
    21  000000                     ipr1	equ	0F9Fh
    22  000000                     pie2	equ	0FA0h
    23  000000                     pir2	equ	0FA1h
    24  000000                     ipr2	equ	0FA2h
    25  000000                     t3con	equ	0FB1h
    26  000000                     tmr3l	equ	0FB2h
    27  000000                     tmr3h	equ	0FB3h
    28  000000                     ccp1con	equ	0FBDh
    29  000000                     ccpr1l	equ	0FBEh
    30  000000                     ccpr1h	equ	0FBFh
    31  000000                     adcon1	equ	0FC1h
    32  000000                     adcon0	equ	0FC2h
    33  000000                     adresl	equ	0FC3h
    34  000000                     adresh	equ	0FC4h
    35  000000                     sspcon2	equ	0FC5h
    36  000000                     sspcon1	equ	0FC6h
    37  000000                     sspstat	equ	0FC7h
    38  000000                     sspadd	equ	0FC8h
    39  000000                     sspbuf	equ	0FC9h
    40  000000                     t2con	equ	0FCAh
    41  000000                     pr2	equ	0FCBh
    42  000000                     tmr2	equ	0FCCh
    43  000000                     t1con	equ	0FCDh
    44  000000                     tmr1l	equ	0FCEh
    45  000000                     tmr1h	equ	0FCFh
    46  000000                     rcon	equ	0FD0h
    47  000000                     wdtcon	equ	0FD1h
    48  000000                     lvdcon	equ	0FD2h
    49  000000                     osccon	equ	0FD3h
    50  000000                     t0con	equ	0FD5h
    51  000000                     tmr0l	equ	0FD6h
    52  000000                     tmr0h	equ	0FD7h
    53  000000                     status	equ	0FD8h
    54  000000                     fsr2	equ	0FD9h
    55  000000                     fsr2l	equ	0FD9h
    56  000000                     fsr2h	equ	0FDAh
    57  000000                     plusw2	equ	0FDBh
    58  000000                     preinc2	equ	0FDCh
    59  000000                     postdec2	equ	0FDDh
    60  000000                     postinc2	equ	0FDEh
    61  000000                     indf2	equ	0FDFh
    62  000000                     bsr	equ	0FE0h
    63  000000                     fsr1	equ	0FE1h
    64  000000                     fsr1l	equ	0FE1h
    65  000000                     fsr1h	equ	0FE2h
    66  000000                     plusw1	equ	0FE3h
    67  000000                     preinc1	equ	0FE4h
    68  000000                     postdec1	equ	0FE5h
    69  000000                     postinc1	equ	0FE6h
    70  000000                     indf1	equ	0FE7h
    71  000000                     wreg	equ	0FE8h
    72  000000                     fsr0	equ	0FE9h
    73  000000                     fsr0l	equ	0FE9h
    74  000000                     fsr0h	equ	0FEAh
    75  000000                     plusw0	equ	0FEBh
    76  000000                     preinc0	equ	0FECh
    77  000000                     postdec0	equ	0FEDh
    78  000000                     postinc0	equ	0FEEh
    79  000000                     indf0	equ	0FEFh
    80  000000                     intcon3	equ	0FF0h
    81  000000                     intcon2	equ	0FF1h
    82  000000                     intcon	equ	0FF2h
    83  000000                     prod	equ	0FF3h
    84  000000                     prodl	equ	0FF3h
    85  000000                     prodh	equ	0FF4h
    86  000000                     tablat	equ	0FF5h
    87  000000                     tblptr	equ	0FF6h
    88  000000                     tblptrl	equ	0FF6h
    89  000000                     tblptrh	equ	0FF7h
    90  000000                     tblptru	equ	0FF8h
    91  000000                     pcl	equ	0FF9h
    92  000000                     pclat	equ	0FFAh
    93  000000                     pclath	equ	0FFAh
    94  000000                     pclatu	equ	0FFBh
    95  000000                     stkptr	equ	0FFCh
    96  000000                     tosl	equ	0FFDh
    97  000000                     tosh	equ	0FFEh
    98  000000                     tosu	equ	0FFFh
    99                           	global	__ramtop
   100                           	global	__accesstop
   101                           	GLOBAL	__activetblptr
   102  000000                     __activetblptr	EQU	0
   103                           	GLOBAL	__smallconst,__Lsmallconst
   104  000000                     __smallconst	EQU	__Lsmallconst
   105                           	GLOBAL	__mediumconst,__Lmediumconst
   106  000000                     __mediumconst	EQU	__Lmediumconst
   107                           	GLOBAL	__Ldata
   108  000000                     __Ldata	EQU	0
   109  000000                     wait@x	equ	??_wait+0
   110                           	global	wait@x
   111  000000                     wait@delay	equ	?_wait+0
   112                           	global	wait@delay
   113                           ;Data sizes: Strings 0, constant 0, data 0, bss 
                                 0, persistent 0 stack 5
   114                           	global	_main
   115                           	global	??_main
   116                           	global	?_main
   117                                   psect   text0,class=CODE,space=0,reloc=2
   118                           
   119                           	opt lm
   120                           	file	"C:\Nerd Stuff\uC\hitech-picc\Untitled.c"
   121                           	line	20
   122  000000                     	__size_of_main	equ	__end_of_main-_main
   123                           ;Untitled.c: 19: void main(void)
   124                           ;Untitled.c: 20: {
   125                           	
   126  000F84                     _main:		; BSR set to: ?
   127                           
   128                           	opt stack 31
   129                           	line	21
   130                           ;Untitled.c: 21: init();
   131  000F84  ECBB  F007         	call	_init	;wreg free
   132                           	line	22
   133                           ;Untitled.c: 22: while(1)
   134                           	
   135  000F88                     l86:		; BSR set to: ?
   136                           
   137                           	line	24
   138                           ;Untitled.c: 23: {
   139                           ;Untitled.c: 24: PORTB = 33;
   140  000F88  0E21               	movlw	low(021h)
   141  000F8A  6E81               	movwf	((c:3969)),c	;volatile
   142                           	line	25
   143                           ;Untitled.c: 25: wait(1000);
   144  000F8C  0EE8               	movlw	low(03E8h)
   145  000F8E  0100               	movlb	0	; () banked
   146  000F90  0100               	movlb	0	; () banked
   147  000F92  6FFB               	movwf	((?_wait))&0ffh
   148  000F94  0E03               	movlw	high(03E8h)
   149  000F96  0100               	movlb	0	; () banked
   150  000F98  6FFC               	movwf	((?_wait+1))&0ffh
   151  000F9A  ECDD  F007         	call	_wait	;wreg free
   152                           	line	26
   153                           ;Untitled.c: 26: PORTB = 18;
   154  000F9E  0E12               	movlw	low(012h)
   155  000FA0  6E81               	movwf	((c:3969)),c	;volatile
   156                           	line	27
   157                           ;Untitled.c: 27: wait(1000);
   158  000FA2  0EE8               	movlw	low(03E8h)
   159  000FA4  0100               	movlb	0	; () banked
   160  000FA6  0100               	movlb	0	; () banked
   161  000FA8  6FFB               	movwf	((?_wait))&0ffh
   162  000FAA  0E03               	movlw	high(03E8h)
   163  000FAC  0100               	movlb	0	; () banked
   164  000FAE  6FFC               	movwf	((?_wait+1))&0ffh
   165  000FB0  ECDD  F007         	call	_wait	;wreg free
   166                           	line	28
   167                           	
   168  000FB4                     l85:		; BSR set to: ?
   169                           
   170                           	line	22
   171  000FB4  D7E9               	goto	l86
   172                           	global	start
   173  000FB6  EF00  F000         	goto	start
   174                           	opt stack 0
   175                           GLOBAL __end_of_main
   176  000FBA                     	__end_of_main:
   177                           	FNSIZE	_main,0,0
   178                           ; =============== function _main ends ==========
                                 ==
   179                           
   180                                   psect   text1,class=CODE,space=0,reloc=2
   181                           	line	29
   182                           
   183                           	opt lm
   184                           	signat	_main,88
   185                           	global	_wait
   186                           	global	??_wait
   187                           	global	?_wait
   188                           	file	"C:\Nerd Stuff\uC\hitech-picc\Untitled.c"
   189                           	line	13
   190  000000                     	__size_of_wait	equ	__end_of_wait-_wait
   191                           ;Untitled.c: 12: void wait(int delay)
   192                           ;Untitled.c: 13: {
   193                           	
   194  000FBA                     _wait:		; BSR set to: ?
   195                           
   196                           	opt stack 30
   197                           	line	14
   198  000FBA  0E00               	movlw	low(0)
   199  000FBC  0100               	movlb	0	; () banked
   200  000FBE  0100               	movlb	0	; () banked
   201  000FC0  6FFD               	movwf	((wait@x))&0ffh
   202  000FC2  0E00               	movlw	high(0)
   203  000FC4  0100               	movlb	0	; () banked
   204  000FC6  6FFE               	movwf	((wait@x+1))&0ffh
   205                           	line	15
   206                           ;Untitled.c: 15: while(x<=delay)
   207  000FC8  D004               	goto	l81
   208                           	
   209  000FCA                     l82:		; BSR set to: ?
   210                           
   211                           	line	16
   212                           ;Untitled.c: 16: x++;
   213  000FCA  0100               	movlb	0	; () banked
   214  000FCC  0100               	movlb	0	; () banked
   215  000FCE  4BFD               	infsnz	((wait@x))&0ffh
   216  000FD0  2BFE               	incf	((wait@x+1))&0ffh
   217                           	
   218  000FD2                     l81:		; BSR set to: ?
   219                           
   220                           	line	15
   221  000FD2  0100               	movlb	0	; () banked
   222  000FD4  0100               	movlb	0	; () banked
   223  000FD6  51FC               	movf	((wait@delay+1))&0ffh,w
   224  000FD8  0A80               	xorlw	80h
   225  000FDA  0100               	movlb	0	; () banked
   226  000FDC  6FFF               	movwf	(??_wait+2+0)&0ffh
   227  000FDE  0100               	movlb	0	; () banked
   228  000FE0  0100               	movlb	0	; () banked
   229  000FE2  51FD               	movf	((wait@x))&0ffh,w
   230  000FE4  0100               	movlb	0	; () banked
   231  000FE6  0100               	movlb	0	; () banked
   232  000FE8  5DFB               	subwf	((wait@delay))&0ffh,w
   233  000FEA  0100               	movlb	0	; () banked
   234  000FEC  0100               	movlb	0	; () banked
   235  000FEE  51FE               	movf	((wait@x+1))&0ffh,w
   236  000FF0  0A80               	xorlw	80h
   237  000FF2  0100               	movlb	0	; () banked
   238  000FF4  59FF               	subwfb	(??_wait+2+0)&0ffh,w
   239  000FF6  B0D8               	btfsc	status,0
   240  000FF8  D001               	goto	u21
   241+ 000FFA  D001               	goto	u20
   242  000FFC                     u21:
   243  000FFC  D7E6               	goto	l82
   244  000FFE                     u20:
   245                           	
   246  000FFE                     l83:		; BSR set to: ?
   247                           
   248                           	line	17
   249                           ;Untitled.c: 17: }
   250  000FFE                     l80:
   251                           			; BSR set to: ?
   252                           
   253  000FFE  0012               	return
   254                           	opt stack 0
   255                           GLOBAL __end_of_wait
   256  001000                     	__end_of_wait:
   257                           	FNSIZE	_wait,3,2
   258                           ; =============== function _wait ends ==========
                                 ==
   259                           
   260                           	signat	_wait,4216
   261                           	global	_init
   262                           	global	??_init
   263                           	global	?_init
   264                                   psect   text2,class=CODE,space=0,reloc=2
   265                           
   266                           	opt lm
   267                           	file	"C:\Nerd Stuff\uC\hitech-picc\Untitled.c"
   268                           	line	6
   269  000000                     	__size_of_init	equ	__end_of_init-_init
   270                           ;Untitled.c: 5: void init(void)
   271                           ;Untitled.c: 6: {
   272                           	
   273  000F76                     _init:		; BSR set to: ?
   274                           
   275                           	opt stack 30
   276                           	line	7
   277                           ;Untitled.c: 7: TRISA = 0xff;
   278  000F76  6892               	setf	((c:3986)),c	;volatile
   279                           	line	8
   280                           ;Untitled.c: 8: TRISB = 0x00;
   281  000F78  0E00               	movlw	low(0)
   282  000F7A  6E93               	movwf	((c:3987)),c	;volatile
   283                           	line	9
   284                           ;Untitled.c: 9: PORTA = 0xff;
   285  000F7C  6880               	setf	((c:3968)),c	;volatile
   286                           	line	10
   287                           ;Untitled.c: 10: PORTB = 0x00;
   288  000F7E  0E00               	movlw	low(0)
   289  000F80  6E81               	movwf	((c:3969)),c	;volatile
   290                           	line	11
   291                           ;Untitled.c: 11: }
   292  000F82                     l79:
   293                           			; BSR set to: ?
   294                           
   295  000F82  0012               	return
   296                           	opt stack 0
   297                           GLOBAL __end_of_init
   298  000F84                     	__end_of_init:
   299                           	FNSIZE	_init,0,0
   300                           ; =============== function _init ends ==========
                                 ==
   301                           
   302                           	signat	_init,88
   303                           	FNCALL	_main,_init
   304                           	FNCALL	_main,_wait
   305                           	FNROOT	_main
   306                                   psect   const,class=CODE,space=0,reloc=2
   307                           	global	_PORTA
   308  000000                     _PORTA	equ	0xF80
   309                           	global	_PORTB
   310  000000                     _PORTB	equ	0xF81
   311                           	global	_TRISA
   312  000000                     _TRISA	equ	0xF92
   313                           	global	_TRISB
   314  000000                     _TRISB	equ	0xF93
   315                           	psect	intsave_regs,class=BIGRAM,space=1
   316                           	PSECT	param0,class=BANK0,space=1
   317                           	GLOBAL	__Lparam0
   318                           	FNCONF	param0,??,?
   319                           GLOBAL	__Lparam, __Hparam
   320                           GLOBAL	__Lparam0, __Hparam0
   321  000000                     __Lparam	EQU	__Lparam0
   322  000000                     __Hparam	EQU	__Hparam0


HI-TECH Software PICC-18 Macro Assembler V9.63PL2 build 4044 
Symbol Table                                           Wed Apr 15 00:59:11 2009

           l80 0FFE             l81 0FD2             l82 0FCA  
           l83 0FFE             l85 0FB4             l86 0F88  
           l79 0F82             u20 0FFE             u21 0FFC  
         _main 0F84           _init 0F76           _wait 0FBA  
         start 0000          ?_main 00FB          ?_init 00FB  
        ?_wait 00FB          _PORTA 000F80          _PORTB 000F81  
        _TRISA 000F92          _TRISB 000F93          wait@x 00FD  
        status 000FD8   __end_of_main 0FBA   __end_of_init 0F84  
 __end_of_wait 1000         ??_main 00FB         ??_init 00FB  
       ??_wait 00FD  __activetblptr 000000         __Ldata 000000  
 __mediumconst 0100     __accesstop 0080        __Hparam 0100  
      __Lparam 00FB        __ramtop 0100  __Lmediumconst 0100  
  __smallconst 0100       __Hparam0 0100       __Lparam0 00FB  
 __Lsmallconst 0100      wait@delay 00FB  
