MPASM  5.14                     MOODLIGHT.ASM   11-26-2008  22:02:11         PAGE  1


LOC  OBJECT CODE     LINE SOURCE TEXT
  VALUE

                      00001         list            p=16f877a       ; list directive to define processor
                      00002         #include        <p16f877a.inc>  ; processor specific variable definitions
                      00001         LIST
                      00002 ; P16F877A.INC  Standard Header File, Version 1.00    Microchip Technology, Inc.
                      00400         LIST
                      00003         
2007   3F32           00004         __CONFIG _CP_OFF & _WDT_OFF & _BODEN_OFF & _PWRTE_ON & _HS_OSC & _WRT_OFF & _LVP_OFF & _CPD_OFF
                      00005 
                      00006 Bank0:          MACRO
                      00007                         bcf     STATUS, RP0
                      00008                         bcf     STATUS, RP1
                      00009                         ENDM
                      00010 Bank1:          MACRO
                      00011                         bsf     STATUS, RP0
                      00012                         bcf     STATUS, RP1
                      00013                         ENDM
                      00014 Bank2:          MACRO
                      00015                         bcf     STATUS, RP0
                      00016                         bsf     STATUS, RP1
                      00017                         ENDM
                      00018 Bank3:          MACRO
                      00019                         bsf     STATUS, RP0
                      00020                         bsf     STATUS, RP1
                      00021                         ENDM
                      00022 
  00000020            00023 Rout            EQU             0x20
  00000021            00024 Gout            EQU             0x21
  00000022            00025 Bout            EQU             0x22            
  00000025            00026 Rcount          EQU             0x25
  00000026            00027 Gcount          EQU             0x26
  00000027            00028 Bcount          EQU             0x27
  00000070            00029 STATE           EQU             0x70            ;Bit 0 is servo run bit
  00000071            00030 LedLoop         EQU             0x71            ;Set to 250
  0000007D            00031 COMP            EQU             0x7D
  0000007E            00032 TEMPH           EQU             0x7E
  0000007F            00033 DELAY           EQU             0x7F
                      00034 
0000                  00035         ORG     0x000
0000   280B           00036         goto    initPORTS
                      00037         
0004                  00038         ORG     0x004
0004   1470           00039         bsf             STATE,  0                       ;Servo run bit on
0005   100C           00040         bcf             PIR1,   TMR1IF          ;Must turn off manually
0006   302B           00041         movlw   0x2B                            ;Setting these two registers
0007   008E           00042         movwf   TMR1L                           ;will make the interrupt go 
0008   30CF           00043         movlw   0xCF                            ;off every 20ms.
0009   008F           00044         movwf   TMR1H
000A   0009           00045         retfie          
                      00046         
000B                  00047 initPORTS
                      00048         Bank0
000B   1283               M                         bcf     STATUS, RP0
000C   1303               M                         bcf     STATUS, RP1
MPASM  5.14                     MOODLIGHT.ASM   11-26-2008  22:02:11         PAGE  2


LOC  OBJECT CODE     LINE SOURCE TEXT
  VALUE

000D   0185           00049         clrf    PORTA
000E   0186           00050         clrf    PORTB
                      00051         Bank1
000F   1683               M                         bsf     STATUS, RP0
0010   1303               M                         bcf     STATUS, RP1
Message[302]: Register in operand not in bank 0.  Ensure that bank bits are correct.
0011   0185           00052         clrf    TRISA
Message[302]: Register in operand not in bank 0.  Ensure that bank bits are correct.
0012   0186           00053         clrf    TRISB                   
0013   2814           00054         goto    initRegs
                      00055         
0014                  00056 initRegs
                      00057         Bank0
0014   1283               M                         bcf     STATUS, RP0
0015   1303               M                         bcf     STATUS, RP1
0016   3053           00058         movlw   d'83'
0017   00A5           00059         movwf   Rcount
0018   30AA           00060         movlw   d'170'
0019   00A6           00061         movwf   Gcount
001A   01A7           00062         clrf    Bcount
001B   01F0           00063         clrf    STATE
001C   01FE           00064         clrf    TEMPH
001D   30FF           00065         movlw   d'255'
001E   00F1           00066         movwf   LedLoop
001F   01A0           00067         clrf    Rout
0020   01A1           00068         clrf    Gout
0021   01A2           00069         clrf    Bout
0022   2823           00070         goto    initTMR1
                      00071 
0023                  00072 initTMR1
                      00073         Bank0
0023   1283               M                         bcf     STATUS, RP0
0024   1303               M                         bcf     STATUS, RP1
0025   018B           00074         clrf    INTCON                          ;Turn off interrupts and flags
0026   018C           00075         clrf    PIR1                            ;Clear TMR1IF 
                      00076         Bank1
0027   1683               M                         bsf     STATUS, RP0
0028   1303               M                         bcf     STATUS, RP1
Message[302]: Register in operand not in bank 0.  Ensure that bank bits are correct.
0029   018C           00077         clrf    PIE1                            ;Clear TMR1IE
                      00078         Bank0
002A   1283               M                         bcf     STATUS, RP0
002B   1303               M                         bcf     STATUS, RP1
002C   3004           00079         movlw   0x04                            ;Timer off               , internal Fosc/4
002D   0090           00080         movwf   T1CON                           ;Don't syncronize, prescaler is 1:1
                      00081         Bank1
002E   1683               M                         bsf     STATUS, RP0
002F   1303               M                         bcf     STATUS, RP1
Message[302]: Register in operand not in bank 0.  Ensure that bank bits are correct.
0030   140C           00082         bsf             PIE1,   TMR1IE          ;Enable the tmr1 interrupt
                      00083         Bank0
0031   1283               M                         bcf     STATUS, RP0
0032   1303               M                         bcf     STATUS, RP1
MPASM  5.14                     MOODLIGHT.ASM   11-26-2008  22:02:11         PAGE  3


LOC  OBJECT CODE     LINE SOURCE TEXT
  VALUE

0033   1410           00084         bsf             T1CON,  TMR1ON          ;Timer1 on
0034   170B           00085         bsf             INTCON, PEIE
0035   178B           00086         bsf             INTCON, GIE                     ;Global interrupt enabled       
0036   2855           00087         goto    COLORout
                      00088         
0037                  00089 main
0037   1C70           00090         btfss   STATE,  0
0038   2837           00091         goto    main
0039   283A           00092         goto    servoON
003A                  00093 servoON
                      00094         Bank0
003A   1283               M                         bcf     STATUS, RP0
003B   1303               M                         bcf     STATUS, RP1
003C   1070           00095         bcf             STATE,  0
003D   3007           00096         movlw   b'00000111'
003E   0085           00097         movwf   PORTA
003F   30FF           00098         movlw   d'255'
0040   00F1           00099         movwf   LedLoop
0041   2842           00100         goto    LedRUN
                      00101         
0042                  00102 LedRUN                                          ;make sure this loop is 18 cycles
0042   03A0           00103         decf    Rout,   1                       ;Red LED
0043   1903           00104         btfsc   STATUS, Z
0044   1005           00105         bcf             PORTA,  0
0045   03A1           00106         decf    Gout,   1                       ;Green LED
0046   1903           00107         btfsc   STATUS, Z
0047   1085           00108         bcf             PORTA,  1
0048   03A2           00109         decf    Bout,   1                       ;Blue LED
0049   1903           00110         btfsc   STATUS, Z
004A   1105           00111         bcf             PORTA,  2                       
004B   0000           00112         nop
004C   0000           00113         nop
004D   0000           00114         nop
004E   0000           00115         nop
004F   0000           00116         nop
0050   0000           00117         nop
0051   0000           00118         nop     
Message[305]: Using default destination of 1 (file).
0052   0BF1           00119         decfsz  LedLoop
0053   2842           00120         goto    LedRUN
0054   2855           00121         goto    COLORout
0055                  00122 COLORout                                                ;move new color values 
                      00123         Bank0                                           ;into respective registers
0055   1283               M                         bcf     STATUS, RP0
0056   1303               M                         bcf     STATUS, RP1
0057   3020           00124         movlw   b'00100000'
0058   0AA5           00125         incf    Rcount, 1
0059   1803           00126         btfsc   STATUS, C
005A   06F0           00127         xorwf   STATE,  1
005B   3040           00128         movlw   b'01000000'
005C   0AA6           00129         incf    Gcount, 1
005D   1803           00130         btfsc   STATUS, C
005E   06F0           00131         xorwf   STATE,  1
MPASM  5.14                     MOODLIGHT.ASM   11-26-2008  22:02:11         PAGE  4


LOC  OBJECT CODE     LINE SOURCE TEXT
  VALUE

005F   3080           00132         movlw   b'10000000'
0060   0AA7           00133         incf    Bcount, 1
0061   1803           00134         btfsc   STATUS, C
0062   06F0           00135         xorwf   STATE,  1
                      00136         
0063   0825           00137         movf    Rcount, 0
0064   1EF0           00138         btfss   STATE,  5
0065   0925           00139         comf    Rcount, 0
0066   00A0           00140         movwf   Rout
0067   0826           00141         movf    Gcount, 0
0068   1F70           00142         btfss   STATE,  6
0069   0926           00143         comf    Gcount, 0
006A   00A1           00144         movwf   Gout
006B   0827           00145         movf    Bcount, 0
006C   1FF0           00146         btfss   STATE,  7
006D   0927           00147         comf    Bcount, 0
006E   00A2           00148         movwf   Bout
                      00149                 
006F   2837           00150         goto    main
                      00151 
0070                  00152 delay400us                                              ;1000 xtal cycles
0070   30F9           00153         movlw   d'249'
0071   00FF           00154         movwf   DELAY
0072                  00155 pt0
0072   0000           00156         nop
0073   0000           00157         nop
0074   0BFF           00158         decfsz  DELAY, 1
0075   2872           00159         goto    pt0
0076   0000           00160         nop
0077   0000           00161         nop
0078   0000           00162         nop
0079   0008           00163         return
                      00164         
007A                  00165 delay50us                                               ;125 xtal cycles
007A   3018           00166         movlw   d'24'
007B   00FF           00167         movwf   DELAY
007C                  00168 pt1
007C   0000           00169         nop
007D   0000           00170         nop
007E   0BFF           00171         decfsz  DELAY, 1
007F   287C           00172         goto    pt1
0080   0000           00173         nop
0081   0000           00174         nop
0082   0000           00175         nop
0083   0008           00176         return
                      00177         
                      00178         END
MPASM  5.14                     MOODLIGHT.ASM   11-26-2008  22:02:11         PAGE  5


SYMBOL TABLE
  LABEL                             VALUE 

ACKDT                             00000005
ACKEN                             00000004
ACKSTAT                           00000006
ADCON0                            0000001F
ADCON1                            0000009F
ADCS0                             00000006
ADCS1                             00000007
ADCS2                             00000006
ADDEN                             00000003
ADFM                              00000007
ADIE                              00000006
ADIF                              00000006
ADON                              00000000
ADRESH                            0000001E
ADRESL                            0000009E
BCLIE                             00000003
BCLIF                             00000003
BF                                00000000
BRGH                              00000002
Bank0                             
Bank1                             
Bank2                             
Bank3                             
Bcount                            00000027
Bout                              00000022
C                                 00000000
C1INV                             00000004
C1OUT                             00000006
C2INV                             00000005
C2OUT                             00000007
CCP1CON                           00000017
CCP1IE                            00000002
CCP1IF                            00000002
CCP1M0                            00000000
CCP1M1                            00000001
CCP1M2                            00000002
CCP1M3                            00000003
CCP1X                             00000005
CCP1Y                             00000004
CCP2CON                           0000001D
CCP2IE                            00000000
CCP2IF                            00000000
CCP2M0                            00000000
CCP2M1                            00000001
CCP2M2                            00000002
CCP2M3                            00000003
CCP2X                             00000005
CCP2Y                             00000004
CCPR1H                            00000016
CCPR1L                            00000015
CCPR2H                            0000001C
CCPR2L                            0000001B
CHS0                              00000003
MPASM  5.14                     MOODLIGHT.ASM   11-26-2008  22:02:11         PAGE  6


SYMBOL TABLE
  LABEL                             VALUE 

CHS1                              00000004
CHS2                              00000005
CIS                               00000003
CKE                               00000006
CKP                               00000004
CM0                               00000000
CM1                               00000001
CM2                               00000002
CMCON                             0000009C
CMIE                              00000006
CMIF                              00000006
COLORout                          00000055
COMP                              0000007D
CREN                              00000004
CSRC                              00000007
CVR0                              00000000
CVR1                              00000001
CVR2                              00000002
CVR3                              00000003
CVRCON                            0000009D
CVREN                             00000007
CVROE                             00000006
CVRR                              00000005
D                                 00000005
DATA_ADDRESS                      00000005
DC                                00000001
DELAY                             0000007F
D_A                               00000005
EEADR                             0000010D
EEADRH                            0000010F
EECON1                            0000018C
EECON2                            0000018D
EEDATA                            0000010C
EEDATH                            0000010E
EEIE                              00000004
EEIF                              00000004
EEPGD                             00000007
F                                 00000001
FERR                              00000002
FSR                               00000004
GCEN                              00000007
GIE                               00000007
GO                                00000002
GO_DONE                           00000002
Gcount                            00000026
Gout                              00000021
I2C_DATA                          00000005
I2C_READ                          00000002
I2C_START                         00000003
I2C_STOP                          00000004
IBF                               00000007
IBOV                              00000005
INDF                              00000000
MPASM  5.14                     MOODLIGHT.ASM   11-26-2008  22:02:11         PAGE  7


SYMBOL TABLE
  LABEL                             VALUE 

INTCON                            0000000B
INTE                              00000004
INTEDG                            00000006
INTF                              00000001
IRP                               00000007
LedLoop                           00000071
LedRUN                            00000042
NOT_A                             00000005
NOT_ADDRESS                       00000005
NOT_BO                            00000000
NOT_BOR                           00000000
NOT_DONE                          00000002
NOT_PD                            00000003
NOT_POR                           00000001
NOT_RBPU                          00000007
NOT_RC8                           00000006
NOT_T1SYNC                        00000002
NOT_TO                            00000004
NOT_TX8                           00000006
NOT_W                             00000002
NOT_WRITE                         00000002
OBF                               00000006
OERR                              00000001
OPTION_REG                        00000081
P                                 00000004
PCFG0                             00000000
PCFG1                             00000001
PCFG2                             00000002
PCFG3                             00000003
PCL                               00000002
PCLATH                            0000000A
PCON                              0000008E
PEIE                              00000006
PEN                               00000002
PIE1                              0000008C
PIE2                              0000008D
PIR1                              0000000C
PIR2                              0000000D
PORTA                             00000005
PORTB                             00000006
PORTC                             00000007
PORTD                             00000008
PORTE                             00000009
PR2                               00000092
PS0                               00000000
PS1                               00000001
PS2                               00000002
PSA                               00000003
PSPIE                             00000007
PSPIF                             00000007
PSPMODE                           00000004
R                                 00000002
RBIE                              00000003
MPASM  5.14                     MOODLIGHT.ASM   11-26-2008  22:02:11         PAGE  8


SYMBOL TABLE
  LABEL                             VALUE 

RBIF                              00000000
RC8_9                             00000006
RC9                               00000006
RCD8                              00000000
RCEN                              00000003
RCIE                              00000005
RCIF                              00000005
RCREG                             0000001A
RCSTA                             00000018
RD                                00000000
READ_WRITE                        00000002
RP0                               00000005
RP1                               00000006
RSEN                              00000001
RX9                               00000006
RX9D                              00000000
R_W                               00000002
Rcount                            00000025
Rout                              00000020
S                                 00000003
SEN                               00000000
SMP                               00000007
SPBRG                             00000099
SPEN                              00000007
SREN                              00000005
SSPADD                            00000093
SSPBUF                            00000013
SSPCON                            00000014
SSPCON2                           00000091
SSPEN                             00000005
SSPIE                             00000003
SSPIF                             00000003
SSPM0                             00000000
SSPM1                             00000001
SSPM2                             00000002
SSPM3                             00000003
SSPOV                             00000006
SSPSTAT                           00000094
STATE                             00000070
STATUS                            00000003
SYNC                              00000004
T0CS                              00000005
T0IE                              00000005
T0IF                              00000002
T0SE                              00000004
T1CKPS0                           00000004
T1CKPS1                           00000005
T1CON                             00000010
T1INSYNC                          00000002
T1OSCEN                           00000003
T1SYNC                            00000002
T2CKPS0                           00000000
T2CKPS1                           00000001
MPASM  5.14                     MOODLIGHT.ASM   11-26-2008  22:02:11         PAGE  9


SYMBOL TABLE
  LABEL                             VALUE 

T2CON                             00000012
TEMPH                             0000007E
TMR0                              00000001
TMR0IE                            00000005
TMR0IF                            00000002
TMR1CS                            00000001
TMR1H                             0000000F
TMR1IE                            00000000
TMR1IF                            00000000
TMR1L                             0000000E
TMR1ON                            00000000
TMR2                              00000011
TMR2IE                            00000001
TMR2IF                            00000001
TMR2ON                            00000002
TOUTPS0                           00000003
TOUTPS1                           00000004
TOUTPS2                           00000005
TOUTPS3                           00000006
TRISA                             00000085
TRISB                             00000086
TRISC                             00000087
TRISD                             00000088
TRISE                             00000089
TRISE0                            00000000
TRISE1                            00000001
TRISE2                            00000002
TRMT                              00000001
TX8_9                             00000006
TX9                               00000006
TX9D                              00000000
TXD8                              00000000
TXEN                              00000005
TXIE                              00000004
TXIF                              00000004
TXREG                             00000019
TXSTA                             00000098
UA                                00000001
W                                 00000000
WCOL                              00000007
WR                                00000001
WREN                              00000002
WRERR                             00000003
Z                                 00000002
_BODEN_OFF                        00003FBF
_BODEN_ON                         00003FFF
_CPD_OFF                          00003FFF
_CPD_ON                           00003EFF
_CP_ALL                           00001FFF
_CP_OFF                           00003FFF
_DEBUG_OFF                        00003FFF
_DEBUG_ON                         000037FF
_HS_OSC                           00003FFE
MPASM  5.14                     MOODLIGHT.ASM   11-26-2008  22:02:11         PAGE 10


SYMBOL TABLE
  LABEL                             VALUE 

_LP_OSC                           00003FFC
_LVP_OFF                          00003F7F
_LVP_ON                           00003FFF
_PWRTE_OFF                        00003FFF
_PWRTE_ON                         00003FF7
_RC_OSC                           00003FFF
_WDT_OFF                          00003FFB
_WDT_ON                           00003FFF
_WRT_1FOURTH                      00003BFF
_WRT_256                          00003DFF
_WRT_HALF                         000039FF
_WRT_OFF                          00003FFF
_XT_OSC                           00003FFD
__16F877A                         00000001
delay400us                        00000070
delay50us                         0000007A
initPORTS                         0000000B
initRegs                          00000014
initTMR1                          00000023
main                              00000037
pt0                               00000072
pt1                               0000007C
servoON                           0000003A


MEMORY USAGE MAP ('X' = Used,  '-' = Unused)

0000 : X---XXXXXXXXXXXX XXXXXXXXXXXXXXXX XXXXXXXXXXXXXXXX XXXXXXXXXXXXXXXX
0040 : XXXXXXXXXXXXXXXX XXXXXXXXXXXXXXXX XXXXXXXXXXXXXXXX XXXXXXXXXXXXXXXX
0080 : XXXX------------ ---------------- ---------------- ----------------
2000 : -------X-------- ---------------- ---------------- ----------------

All other memory blocks unused.

Program Memory Words Used:   129
Program Memory Words Free:  8063


Errors   :     0
Warnings :     0 reported,     0 suppressed
Messages :     5 reported,     0 suppressed

