MPLINK 4.1, Linker
Linker Map File - Created Mon May 04 04:20:23 2009

                                 Section Info
                  Section       Type    Address   Location Size(Bytes)
                ---------  ---------  ---------  ---------  ---------
               _entry_scn       code   0x000000    program   0x000006
               low_vector       code   0x000018    program   0x000006
                   .cinit    romdata   0x00002a    program   0x000002
          .code_matrix2.o       code   0x00002c    program   0x00014e
               _cinit_scn       code   0x00017a    program   0x00009e
             _startup_scn       code   0x000218    program   0x00001c
           .code___init.o       code   0x000234    program   0x000002
                 .tmpdata      udata   0x000000       data   0x000004
                MATH_DATA      udata   0x000004       data   0x000002
           .udata_c018i.o      udata   0x000060       data   0x00000a
         .udata_matrix2.o      udata   0x00006a       data   0x000005
                   .stack      udata   0x000500       data   0x000100
            SFR_UNBANKED0      udata   0x000f77       data   0x000089



                              Program Memory Usage 
                               Start         End      
                           ---------   ---------      
                            0x000000    0x000005      
                            0x000018    0x00001d      
                            0x00002a    0x000235      
            536 out of 33048 program addresses used, program memory utilization is 1%



                              Symbols - Sorted by Name
                     Name    Address   Location    Storage File                     
                ---------  ---------  ---------  --------- ---------                
       ___return_lbl00000   0x00001c    program     static                          
       ___return_lbl00000   0x000004    program     static                          
       ___return_lbl00001   0x000232    program     static                          
       ___return_lbl00001   0x000088    program     static                          
       ___return_lbl00002   0x000216    program     static                          
       ___return_lbl00006   0x000104    program     static                          
       ___return_lbl00010   0x000166    program     static                          
       ___return_lbl00011   0x000178    program     static                          
                   __init   0x000234    program     extern C:\MCC18\src\TRADIT~1\stdclib\__init.c
                _do_cinit   0x00017a    program     extern C:\MCC18\src\traditional\startup\c018i.c
                   _entry   0x000000    program     extern C:\MCC18\src\traditional\startup\c018i.c
                 _startup   0x000218    program     extern C:\MCC18\src\traditional\startup\c018i.c
                copy_loop   0x0001ec    program     static                          
            copy_one_byte   0x0001f2    program     static                          
                     done   0x000216    program     static                          
             done_copying   0x000200    program     static                          
                     init   0x0000e2    program     extern C:\Nerd Stuff\uC\ledMatrix2\matrix2.c
                 init_tmr   0x0000ec    program     extern C:\Nerd Stuff\uC\ledMatrix2\matrix2.c
                     loop   0x000228    program     static                          
            low_interrupt   0x000018    program     extern C:\Nerd Stuff\uC\ledMatrix2\matrix2.c
                     main   0x0000da    program     extern C:\Nerd Stuff\uC\ledMatrix2\matrix2.c
                  nextCol   0x000168    program     extern C:\Nerd Stuff\uC\ledMatrix2\matrix2.c
                     test   0x000194    program     static                          
                upCol_isr   0x00002c    program     extern C:\Nerd Stuff\uC\ledMatrix2\matrix2.c
              updatePorts   0x00015e    program     extern C:\Nerd Stuff\uC\ledMatrix2\matrix2.c
                     wait   0x000106    program     extern C:\Nerd Stuff\uC\ledMatrix2\matrix2.c
                   ADCON0   0x000fc2       data     extern C:\MCC18\src\traditional\proc\p18f25k20.asm
               ADCON0bits   0x000fc2       data     extern C:\MCC18\src\traditional\proc\p18f25k20.asm
                   ADCON1   0x000fc1       data     extern C:\MCC18\src\traditional\proc\p18f25k20.asm
               ADCON1bits   0x000fc1       data     extern C:\MCC18\src\traditional\proc\p18f25k20.asm
                   ADCON2   0x000fc0       data     extern C:\MCC18\src\traditional\proc\p18f25k20.asm
               ADCON2bits   0x000fc0       data     extern C:\MCC18\src\traditional\proc\p18f25k20.asm
                    ADRES   0x000fc3       data     extern C:\MCC18\src\traditional\proc\p18f25k20.asm
                   ADRESH   0x000fc4       data     extern C:\MCC18\src\traditional\proc\p18f25k20.asm
                   ADRESL   0x000fc3       data     extern C:\MCC18\src\traditional\proc\p18f25k20.asm
                    ANSEL   0x000f7e       data     extern C:\MCC18\src\traditional\proc\p18f25k20.asm
                   ANSELH   0x000f7f       data     extern C:\MCC18\src\traditional\proc\p18f25k20.asm
               ANSELHbits   0x000f7f       data     extern C:\MCC18\src\traditional\proc\p18f25k20.asm
                ANSELbits   0x000f7e       data     extern C:\MCC18\src\traditional\proc\p18f25k20.asm
                  BAUDCON   0x000fb8       data     extern C:\MCC18\src\traditional\proc\p18f25k20.asm
              BAUDCONbits   0x000fb8       data     extern C:\MCC18\src\traditional\proc\p18f25k20.asm
                  BAUDCTL   0x000fb8       data     extern C:\MCC18\src\traditional\proc\p18f25k20.asm
              BAUDCTLbits   0x000fb8       data     extern C:\MCC18\src\traditional\proc\p18f25k20.asm
                      BSR   0x000fe0       data     extern C:\MCC18\src\traditional\proc\p18f25k20.asm
                  CCP1CON   0x000fbd       data     extern C:\MCC18\src\traditional\proc\p18f25k20.asm
              CCP1CONbits   0x000fbd       data     extern C:\MCC18\src\traditional\proc\p18f25k20.asm
                  CCP2CON   0x000fba       data     extern C:\MCC18\src\traditional\proc\p18f25k20.asm
              CCP2CONbits   0x000fba       data     extern C:\MCC18\src\traditional\proc\p18f25k20.asm
                    CCPR1   0x000fbe       data     extern C:\MCC18\src\traditional\proc\p18f25k20.asm
                   CCPR1H   0x000fbf       data     extern C:\MCC18\src\traditional\proc\p18f25k20.asm
                   CCPR1L   0x000fbe       data     extern C:\MCC18\src\traditional\proc\p18f25k20.asm
                    CCPR2   0x000fbb       data     extern C:\MCC18\src\traditional\proc\p18f25k20.asm
                   CCPR2H   0x000fbc       data     extern C:\MCC18\src\traditional\proc\p18f25k20.asm
                   CCPR2L   0x000fbb       data     extern C:\MCC18\src\traditional\proc\p18f25k20.asm
                  CM1CON0   0x000f7b       data     extern C:\MCC18\src\traditional\proc\p18f25k20.asm
              CM1CON0bits   0x000f7b       data     extern C:\MCC18\src\traditional\proc\p18f25k20.asm
                  CM2CON0   0x000f7a       data     extern C:\MCC18\src\traditional\proc\p18f25k20.asm
              CM2CON0bits   0x000f7a       data     extern C:\MCC18\src\traditional\proc\p18f25k20.asm
                  CM2CON1   0x000f79       data     extern C:\MCC18\src\traditional\proc\p18f25k20.asm
              CM2CON1bits   0x000f79       data     extern C:\MCC18\src\traditional\proc\p18f25k20.asm
                   CVRCON   0x000fb5       data     extern C:\MCC18\src\traditional\proc\p18f25k20.asm
                  CVRCON2   0x000fb4       data     extern C:\MCC18\src\traditional\proc\p18f25k20.asm
              CVRCON2bits   0x000fb4       data     extern C:\MCC18\src\traditional\proc\p18f25k20.asm
               CVRCONbits   0x000fb5       data     extern C:\MCC18\src\traditional\proc\p18f25k20.asm
                     DDRA   0x000f92       data     extern C:\MCC18\src\traditional\proc\p18f25k20.asm
                 DDRAbits   0x000f92       data     extern C:\MCC18\src\traditional\proc\p18f25k20.asm
                     DDRB   0x000f93       data     extern C:\MCC18\src\traditional\proc\p18f25k20.asm
                 DDRBbits   0x000f93       data     extern C:\MCC18\src\traditional\proc\p18f25k20.asm
                     DDRC   0x000f94       data     extern C:\MCC18\src\traditional\proc\p18f25k20.asm
                 DDRCbits   0x000f94       data     extern C:\MCC18\src\traditional\proc\p18f25k20.asm
                  ECCP1AS   0x000fb6       data     extern C:\MCC18\src\traditional\proc\p18f25k20.asm
              ECCP1ASbits   0x000fb6       data     extern C:\MCC18\src\traditional\proc\p18f25k20.asm
                    EEADR   0x000fa9       data     extern C:\MCC18\src\traditional\proc\p18f25k20.asm
                   EECON1   0x000fa6       data     extern C:\MCC18\src\traditional\proc\p18f25k20.asm
               EECON1bits   0x000fa6       data     extern C:\MCC18\src\traditional\proc\p18f25k20.asm
                   EECON2   0x000fa7       data     extern C:\MCC18\src\traditional\proc\p18f25k20.asm
                   EEDATA   0x000fa8       data     extern C:\MCC18\src\traditional\proc\p18f25k20.asm
                     FSR0   0x000fe9       data     extern C:\MCC18\src\traditional\proc\p18f25k20.asm
                    FSR0H   0x000fea       data     extern C:\MCC18\src\traditional\proc\p18f25k20.asm
                    FSR0L   0x000fe9       data     extern C:\MCC18\src\traditional\proc\p18f25k20.asm
                     FSR1   0x000fe1       data     extern C:\MCC18\src\traditional\proc\p18f25k20.asm
                    FSR1H   0x000fe2       data     extern C:\MCC18\src\traditional\proc\p18f25k20.asm
                    FSR1L   0x000fe1       data     extern C:\MCC18\src\traditional\proc\p18f25k20.asm
                     FSR2   0x000fd9       data     extern C:\MCC18\src\traditional\proc\p18f25k20.asm
                    FSR2H   0x000fda       data     extern C:\MCC18\src\traditional\proc\p18f25k20.asm
                    FSR2L   0x000fd9       data     extern C:\MCC18\src\traditional\proc\p18f25k20.asm
                  HLVDCON   0x000fd2       data     extern C:\MCC18\src\traditional\proc\p18f25k20.asm
              HLVDCONbits   0x000fd2       data     extern C:\MCC18\src\traditional\proc\p18f25k20.asm
                    INDF0   0x000fef       data     extern C:\MCC18\src\traditional\proc\p18f25k20.asm
                    INDF1   0x000fe7       data     extern C:\MCC18\src\traditional\proc\p18f25k20.asm
                    INDF2   0x000fdf       data     extern C:\MCC18\src\traditional\proc\p18f25k20.asm
                   INTCON   0x000ff2       data     extern C:\MCC18\src\traditional\proc\p18f25k20.asm
                  INTCON2   0x000ff1       data     extern C:\MCC18\src\traditional\proc\p18f25k20.asm
              INTCON2bits   0x000ff1       data     extern C:\MCC18\src\traditional\proc\p18f25k20.asm
                  INTCON3   0x000ff0       data     extern C:\MCC18\src\traditional\proc\p18f25k20.asm
              INTCON3bits   0x000ff0       data     extern C:\MCC18\src\traditional\proc\p18f25k20.asm
               INTCONbits   0x000ff2       data     extern C:\MCC18\src\traditional\proc\p18f25k20.asm
                     IOCB   0x000f7d       data     extern C:\MCC18\src\traditional\proc\p18f25k20.asm
                 IOCBbits   0x000f7d       data     extern C:\MCC18\src\traditional\proc\p18f25k20.asm
                     IPR1   0x000f9f       data     extern C:\MCC18\src\traditional\proc\p18f25k20.asm
                 IPR1bits   0x000f9f       data     extern C:\MCC18\src\traditional\proc\p18f25k20.asm
                     IPR2   0x000fa2       data     extern C:\MCC18\src\traditional\proc\p18f25k20.asm
                 IPR2bits   0x000fa2       data     extern C:\MCC18\src\traditional\proc\p18f25k20.asm
                     LATA   0x000f89       data     extern C:\MCC18\src\traditional\proc\p18f25k20.asm
                 LATAbits   0x000f89       data     extern C:\MCC18\src\traditional\proc\p18f25k20.asm
                     LATB   0x000f8a       data     extern C:\MCC18\src\traditional\proc\p18f25k20.asm
                 LATBbits   0x000f8a       data     extern C:\MCC18\src\traditional\proc\p18f25k20.asm
                     LATC   0x000f8b       data     extern C:\MCC18\src\traditional\proc\p18f25k20.asm
                 LATCbits   0x000f8b       data     extern C:\MCC18\src\traditional\proc\p18f25k20.asm
                   LVDCON   0x000fd2       data     extern C:\MCC18\src\traditional\proc\p18f25k20.asm
               LVDCONbits   0x000fd2       data     extern C:\MCC18\src\traditional\proc\p18f25k20.asm
                   OSCCON   0x000fd3       data     extern C:\MCC18\src\traditional\proc\p18f25k20.asm
               OSCCONbits   0x000fd3       data     extern C:\MCC18\src\traditional\proc\p18f25k20.asm
                  OSCTUNE   0x000f9b       data     extern C:\MCC18\src\traditional\proc\p18f25k20.asm
              OSCTUNEbits   0x000f9b       data     extern C:\MCC18\src\traditional\proc\p18f25k20.asm
                       PC   0x000ff9       data     extern C:\MCC18\src\traditional\proc\p18f25k20.asm
                      PCL   0x000ff9       data     extern C:\MCC18\src\traditional\proc\p18f25k20.asm
                   PCLATH   0x000ffa       data     extern C:\MCC18\src\traditional\proc\p18f25k20.asm
                   PCLATU   0x000ffb       data     extern C:\MCC18\src\traditional\proc\p18f25k20.asm
                     PIE1   0x000f9d       data     extern C:\MCC18\src\traditional\proc\p18f25k20.asm
                 PIE1bits   0x000f9d       data     extern C:\MCC18\src\traditional\proc\p18f25k20.asm
                     PIE2   0x000fa0       data     extern C:\MCC18\src\traditional\proc\p18f25k20.asm
                 PIE2bits   0x000fa0       data     extern C:\MCC18\src\traditional\proc\p18f25k20.asm
                     PIR1   0x000f9e       data     extern C:\MCC18\src\traditional\proc\p18f25k20.asm
                 PIR1bits   0x000f9e       data     extern C:\MCC18\src\traditional\proc\p18f25k20.asm
                     PIR2   0x000fa1       data     extern C:\MCC18\src\traditional\proc\p18f25k20.asm
                 PIR2bits   0x000fa1       data     extern C:\MCC18\src\traditional\proc\p18f25k20.asm
                   PLUSW0   0x000feb       data     extern C:\MCC18\src\traditional\proc\p18f25k20.asm
                   PLUSW1   0x000fe3       data     extern C:\MCC18\src\traditional\proc\p18f25k20.asm
                   PLUSW2   0x000fdb       data     extern C:\MCC18\src\traditional\proc\p18f25k20.asm
                    PORTA   0x000f80       data     extern C:\MCC18\src\traditional\proc\p18f25k20.asm
                PORTAbits   0x000f80       data     extern C:\MCC18\src\traditional\proc\p18f25k20.asm
                    PORTB   0x000f81       data     extern C:\MCC18\src\traditional\proc\p18f25k20.asm
                PORTBbits   0x000f81       data     extern C:\MCC18\src\traditional\proc\p18f25k20.asm
                    PORTC   0x000f82       data     extern C:\MCC18\src\traditional\proc\p18f25k20.asm
                PORTCbits   0x000f82       data     extern C:\MCC18\src\traditional\proc\p18f25k20.asm
                    PORTE   0x000f84       data     extern C:\MCC18\src\traditional\proc\p18f25k20.asm
                PORTEbits   0x000f84       data     extern C:\MCC18\src\traditional\proc\p18f25k20.asm
                 POSTDEC0   0x000fed       data     extern C:\MCC18\src\traditional\proc\p18f25k20.asm
                 POSTDEC1   0x000fe5       data     extern C:\MCC18\src\traditional\proc\p18f25k20.asm
                 POSTDEC2   0x000fdd       data     extern C:\MCC18\src\traditional\proc\p18f25k20.asm
                 POSTINC0   0x000fee       data     extern C:\MCC18\src\traditional\proc\p18f25k20.asm
                 POSTINC1   0x000fe6       data     extern C:\MCC18\src\traditional\proc\p18f25k20.asm
                 POSTINC2   0x000fde       data     extern C:\MCC18\src\traditional\proc\p18f25k20.asm
                      PR2   0x000fcb       data     extern C:\MCC18\src\traditional\proc\p18f25k20.asm
                  PREINC0   0x000fec       data     extern C:\MCC18\src\traditional\proc\p18f25k20.asm
                  PREINC1   0x000fe4       data     extern C:\MCC18\src\traditional\proc\p18f25k20.asm
                  PREINC2   0x000fdc       data     extern C:\MCC18\src\traditional\proc\p18f25k20.asm
                     PROD   0x000ff3       data     extern C:\MCC18\src\traditional\proc\p18f25k20.asm
                    PRODH   0x000ff4       data     extern C:\MCC18\src\traditional\proc\p18f25k20.asm
                    PRODL   0x000ff3       data     extern C:\MCC18\src\traditional\proc\p18f25k20.asm
                  PSTRCON   0x000fb9       data     extern C:\MCC18\src\traditional\proc\p18f25k20.asm
              PSTRCONbits   0x000fb9       data     extern C:\MCC18\src\traditional\proc\p18f25k20.asm
                  PWM1CON   0x000fb7       data     extern C:\MCC18\src\traditional\proc\p18f25k20.asm
              PWM1CONbits   0x000fb7       data     extern C:\MCC18\src\traditional\proc\p18f25k20.asm
                     RCON   0x000fd0       data     extern C:\MCC18\src\traditional\proc\p18f25k20.asm
                 RCONbits   0x000fd0       data     extern C:\MCC18\src\traditional\proc\p18f25k20.asm
                    RCREG   0x000fae       data     extern C:\MCC18\src\traditional\proc\p18f25k20.asm
                    RCSTA   0x000fab       data     extern C:\MCC18\src\traditional\proc\p18f25k20.asm
                RCSTAbits   0x000fab       data     extern C:\MCC18\src\traditional\proc\p18f25k20.asm
                     SIGN   0x000004       data     extern C:\MCC18\SRC\TRADIT~1\MATH\cmath18.asm
                   SLRCON   0x000f78       data     extern C:\MCC18\src\traditional\proc\p18f25k20.asm
               SLRCONbits   0x000f78       data     extern C:\MCC18\src\traditional\proc\p18f25k20.asm
                    SPBRG   0x000faf       data     extern C:\MCC18\src\traditional\proc\p18f25k20.asm
                   SPBRGH   0x000fb0       data     extern C:\MCC18\src\traditional\proc\p18f25k20.asm
                   SSPADD   0x000fc8       data     extern C:\MCC18\src\traditional\proc\p18f25k20.asm
                   SSPBUF   0x000fc9       data     extern C:\MCC18\src\traditional\proc\p18f25k20.asm
                  SSPCON1   0x000fc6       data     extern C:\MCC18\src\traditional\proc\p18f25k20.asm
              SSPCON1bits   0x000fc6       data     extern C:\MCC18\src\traditional\proc\p18f25k20.asm
                  SSPCON2   0x000fc5       data     extern C:\MCC18\src\traditional\proc\p18f25k20.asm
              SSPCON2bits   0x000fc5       data     extern C:\MCC18\src\traditional\proc\p18f25k20.asm
                   SSPMSK   0x000f77       data     extern C:\MCC18\src\traditional\proc\p18f25k20.asm
               SSPMSKbits   0x000f77       data     extern C:\MCC18\src\traditional\proc\p18f25k20.asm
                  SSPSTAT   0x000fc7       data     extern C:\MCC18\src\traditional\proc\p18f25k20.asm
              SSPSTATbits   0x000fc7       data     extern C:\MCC18\src\traditional\proc\p18f25k20.asm
                   STATUS   0x000fd8       data     extern C:\MCC18\src\traditional\proc\p18f25k20.asm
               STATUSbits   0x000fd8       data     extern C:\MCC18\src\traditional\proc\p18f25k20.asm
                   STKPTR   0x000ffc       data     extern C:\MCC18\src\traditional\proc\p18f25k20.asm
               STKPTRbits   0x000ffc       data     extern C:\MCC18\src\traditional\proc\p18f25k20.asm
                    T0CON   0x000fd5       data     extern C:\MCC18\src\traditional\proc\p18f25k20.asm
                T0CONbits   0x000fd5       data     extern C:\MCC18\src\traditional\proc\p18f25k20.asm
                    T1CON   0x000fcd       data     extern C:\MCC18\src\traditional\proc\p18f25k20.asm
                T1CONbits   0x000fcd       data     extern C:\MCC18\src\traditional\proc\p18f25k20.asm
                    T2CON   0x000fca       data     extern C:\MCC18\src\traditional\proc\p18f25k20.asm
                T2CONbits   0x000fca       data     extern C:\MCC18\src\traditional\proc\p18f25k20.asm
                    T3CON   0x000fb1       data     extern C:\MCC18\src\traditional\proc\p18f25k20.asm
                T3CONbits   0x000fb1       data     extern C:\MCC18\src\traditional\proc\p18f25k20.asm
                   TABLAT   0x000ff5       data     extern C:\MCC18\src\traditional\proc\p18f25k20.asm
                   TBLPTR   0x000ff6       data     extern C:\MCC18\src\traditional\proc\p18f25k20.asm
                  TBLPTRH   0x000ff7       data     extern C:\MCC18\src\traditional\proc\p18f25k20.asm
                  TBLPTRL   0x000ff6       data     extern C:\MCC18\src\traditional\proc\p18f25k20.asm
                  TBLPTRU   0x000ff8       data     extern C:\MCC18\src\traditional\proc\p18f25k20.asm
                    TMR0H   0x000fd7       data     extern C:\MCC18\src\traditional\proc\p18f25k20.asm
                    TMR0L   0x000fd6       data     extern C:\MCC18\src\traditional\proc\p18f25k20.asm
                    TMR1H   0x000fcf       data     extern C:\MCC18\src\traditional\proc\p18f25k20.asm
                    TMR1L   0x000fce       data     extern C:\MCC18\src\traditional\proc\p18f25k20.asm
                     TMR2   0x000fcc       data     extern C:\MCC18\src\traditional\proc\p18f25k20.asm
                    TMR3H   0x000fb3       data     extern C:\MCC18\src\traditional\proc\p18f25k20.asm
                    TMR3L   0x000fb2       data     extern C:\MCC18\src\traditional\proc\p18f25k20.asm
                      TOS   0x000ffd       data     extern C:\MCC18\src\traditional\proc\p18f25k20.asm
                     TOSH   0x000ffe       data     extern C:\MCC18\src\traditional\proc\p18f25k20.asm
                     TOSL   0x000ffd       data     extern C:\MCC18\src\traditional\proc\p18f25k20.asm
                     TOSU   0x000fff       data     extern C:\MCC18\src\traditional\proc\p18f25k20.asm
                    TRISA   0x000f92       data     extern C:\MCC18\src\traditional\proc\p18f25k20.asm
                TRISAbits   0x000f92       data     extern C:\MCC18\src\traditional\proc\p18f25k20.asm
                    TRISB   0x000f93       data     extern C:\MCC18\src\traditional\proc\p18f25k20.asm
                TRISBbits   0x000f93       data     extern C:\MCC18\src\traditional\proc\p18f25k20.asm
                    TRISC   0x000f94       data     extern C:\MCC18\src\traditional\proc\p18f25k20.asm
                TRISCbits   0x000f94       data     extern C:\MCC18\src\traditional\proc\p18f25k20.asm
                    TXREG   0x000fad       data     extern C:\MCC18\src\traditional\proc\p18f25k20.asm
                    TXSTA   0x000fac       data     extern C:\MCC18\src\traditional\proc\p18f25k20.asm
                TXSTAbits   0x000fac       data     extern C:\MCC18\src\traditional\proc\p18f25k20.asm
                        W   0x000fe8       data     extern C:\MCC18\src\traditional\proc\p18f25k20.asm
                   WDTCON   0x000fd1       data     extern C:\MCC18\src\traditional\proc\p18f25k20.asm
               WDTCONbits   0x000fd1       data     extern C:\MCC18\src\traditional\proc\p18f25k20.asm
                     WPUB   0x000f7c       data     extern C:\MCC18\src\traditional\proc\p18f25k20.asm
                 WPUBbits   0x000f7c       data     extern C:\MCC18\src\traditional\proc\p18f25k20.asm
                     WREG   0x000fe8       data     extern C:\MCC18\src\traditional\proc\p18f25k20.asm
                __FPFLAGS   0x000005       data     extern C:\MCC18\SRC\TRADIT~1\MATH\cmath18.asm
            __FPFLAGSbits   0x000005       data     extern C:\MCC18\SRC\TRADIT~1\MATH\cmath18.asm
                  __tmp_0   0x000000       data     static C:\Nerd Stuff\uC\ledMatrix2\matrix2.c
                 col0buff   0x00006a       data     extern C:\Nerd Stuff\uC\ledMatrix2\matrix2.c
                 col1buff   0x00006b       data     extern C:\Nerd Stuff\uC\ledMatrix2\matrix2.c
                 col2buff   0x00006c       data     extern C:\Nerd Stuff\uC\ledMatrix2\matrix2.c
                 col3buff   0x00006d       data     extern C:\Nerd Stuff\uC\ledMatrix2\matrix2.c
                 col4buff   0x00006e       data     extern C:\Nerd Stuff\uC\ledMatrix2\matrix2.c
                curr_byte   0x000063       data     static C:\MCC18\src\traditional\startup\c018i.c
               curr_entry   0x000065       data     static C:\MCC18\src\traditional\startup\c018i.c
                 data_ptr   0x000067       data     static C:\MCC18\src\traditional\startup\c018i.c
                     prom   0x000060       data     static C:\MCC18\src\traditional\startup\c018i.c



                              Symbols - Sorted by Address
                     Name    Address   Location    Storage File                     
                ---------  ---------  ---------  --------- ---------                
                   _entry   0x000000    program     extern C:\MCC18\src\traditional\startup\c018i.c
       ___return_lbl00000   0x000004    program     static                          
            low_interrupt   0x000018    program     extern C:\Nerd Stuff\uC\ledMatrix2\matrix2.c
       ___return_lbl00000   0x00001c    program     static                          
                upCol_isr   0x00002c    program     extern C:\Nerd Stuff\uC\ledMatrix2\matrix2.c
       ___return_lbl00001   0x000088    program     static                          
                     main   0x0000da    program     extern C:\Nerd Stuff\uC\ledMatrix2\matrix2.c
                     init   0x0000e2    program     extern C:\Nerd Stuff\uC\ledMatrix2\matrix2.c
                 init_tmr   0x0000ec    program     extern C:\Nerd Stuff\uC\ledMatrix2\matrix2.c
       ___return_lbl00006   0x000104    program     static                          
                     wait   0x000106    program     extern C:\Nerd Stuff\uC\ledMatrix2\matrix2.c
              updatePorts   0x00015e    program     extern C:\Nerd Stuff\uC\ledMatrix2\matrix2.c
       ___return_lbl00010   0x000166    program     static                          
                  nextCol   0x000168    program     extern C:\Nerd Stuff\uC\ledMatrix2\matrix2.c
       ___return_lbl00011   0x000178    program     static                          
                _do_cinit   0x00017a    program     extern C:\MCC18\src\traditional\startup\c018i.c
                     test   0x000194    program     static                          
                copy_loop   0x0001ec    program     static                          
            copy_one_byte   0x0001f2    program     static                          
             done_copying   0x000200    program     static                          
                     done   0x000216    program     static                          
       ___return_lbl00002   0x000216    program     static                          
                 _startup   0x000218    program     extern C:\MCC18\src\traditional\startup\c018i.c
                     loop   0x000228    program     static                          
       ___return_lbl00001   0x000232    program     static                          
                   __init   0x000234    program     extern C:\MCC18\src\TRADIT~1\stdclib\__init.c
                  __tmp_0   0x000000       data     static C:\Nerd Stuff\uC\ledMatrix2\matrix2.c
                     SIGN   0x000004       data     extern C:\MCC18\SRC\TRADIT~1\MATH\cmath18.asm
            __FPFLAGSbits   0x000005       data     extern C:\MCC18\SRC\TRADIT~1\MATH\cmath18.asm
                __FPFLAGS   0x000005       data     extern C:\MCC18\SRC\TRADIT~1\MATH\cmath18.asm
                     prom   0x000060       data     static C:\MCC18\src\traditional\startup\c018i.c
                curr_byte   0x000063       data     static C:\MCC18\src\traditional\startup\c018i.c
               curr_entry   0x000065       data     static C:\MCC18\src\traditional\startup\c018i.c
                 data_ptr   0x000067       data     static C:\MCC18\src\traditional\startup\c018i.c
                 col0buff   0x00006a       data     extern C:\Nerd Stuff\uC\ledMatrix2\matrix2.c
                 col1buff   0x00006b       data     extern C:\Nerd Stuff\uC\ledMatrix2\matrix2.c
                 col2buff   0x00006c       data     extern C:\Nerd Stuff\uC\ledMatrix2\matrix2.c
                 col3buff   0x00006d       data     extern C:\Nerd Stuff\uC\ledMatrix2\matrix2.c
                 col4buff   0x00006e       data     extern C:\Nerd Stuff\uC\ledMatrix2\matrix2.c
                   SSPMSK   0x000f77       data     extern C:\MCC18\src\traditional\proc\p18f25k20.asm
               SSPMSKbits   0x000f77       data     extern C:\MCC18\src\traditional\proc\p18f25k20.asm
                   SLRCON   0x000f78       data     extern C:\MCC18\src\traditional\proc\p18f25k20.asm
               SLRCONbits   0x000f78       data     extern C:\MCC18\src\traditional\proc\p18f25k20.asm
              CM2CON1bits   0x000f79       data     extern C:\MCC18\src\traditional\proc\p18f25k20.asm
                  CM2CON1   0x000f79       data     extern C:\MCC18\src\traditional\proc\p18f25k20.asm
              CM2CON0bits   0x000f7a       data     extern C:\MCC18\src\traditional\proc\p18f25k20.asm
                  CM2CON0   0x000f7a       data     extern C:\MCC18\src\traditional\proc\p18f25k20.asm
              CM1CON0bits   0x000f7b       data     extern C:\MCC18\src\traditional\proc\p18f25k20.asm
                  CM1CON0   0x000f7b       data     extern C:\MCC18\src\traditional\proc\p18f25k20.asm
                 WPUBbits   0x000f7c       data     extern C:\MCC18\src\traditional\proc\p18f25k20.asm
                     WPUB   0x000f7c       data     extern C:\MCC18\src\traditional\proc\p18f25k20.asm
                 IOCBbits   0x000f7d       data     extern C:\MCC18\src\traditional\proc\p18f25k20.asm
                     IOCB   0x000f7d       data     extern C:\MCC18\src\traditional\proc\p18f25k20.asm
                    ANSEL   0x000f7e       data     extern C:\MCC18\src\traditional\proc\p18f25k20.asm
                ANSELbits   0x000f7e       data     extern C:\MCC18\src\traditional\proc\p18f25k20.asm
                   ANSELH   0x000f7f       data     extern C:\MCC18\src\traditional\proc\p18f25k20.asm
               ANSELHbits   0x000f7f       data     extern C:\MCC18\src\traditional\proc\p18f25k20.asm
                PORTAbits   0x000f80       data     extern C:\MCC18\src\traditional\proc\p18f25k20.asm
                    PORTA   0x000f80       data     extern C:\MCC18\src\traditional\proc\p18f25k20.asm
                PORTBbits   0x000f81       data     extern C:\MCC18\src\traditional\proc\p18f25k20.asm
                    PORTB   0x000f81       data     extern C:\MCC18\src\traditional\proc\p18f25k20.asm
                PORTCbits   0x000f82       data     extern C:\MCC18\src\traditional\proc\p18f25k20.asm
                    PORTC   0x000f82       data     extern C:\MCC18\src\traditional\proc\p18f25k20.asm
                PORTEbits   0x000f84       data     extern C:\MCC18\src\traditional\proc\p18f25k20.asm
                    PORTE   0x000f84       data     extern C:\MCC18\src\traditional\proc\p18f25k20.asm
                     LATA   0x000f89       data     extern C:\MCC18\src\traditional\proc\p18f25k20.asm
                 LATAbits   0x000f89       data     extern C:\MCC18\src\traditional\proc\p18f25k20.asm
                     LATB   0x000f8a       data     extern C:\MCC18\src\traditional\proc\p18f25k20.asm
                 LATBbits   0x000f8a       data     extern C:\MCC18\src\traditional\proc\p18f25k20.asm
                     LATC   0x000f8b       data     extern C:\MCC18\src\traditional\proc\p18f25k20.asm
                 LATCbits   0x000f8b       data     extern C:\MCC18\src\traditional\proc\p18f25k20.asm
                     DDRA   0x000f92       data     extern C:\MCC18\src\traditional\proc\p18f25k20.asm
                 DDRAbits   0x000f92       data     extern C:\MCC18\src\traditional\proc\p18f25k20.asm
                    TRISA   0x000f92       data     extern C:\MCC18\src\traditional\proc\p18f25k20.asm
                TRISAbits   0x000f92       data     extern C:\MCC18\src\traditional\proc\p18f25k20.asm
                TRISBbits   0x000f93       data     extern C:\MCC18\src\traditional\proc\p18f25k20.asm
                     DDRB   0x000f93       data     extern C:\MCC18\src\traditional\proc\p18f25k20.asm
                    TRISB   0x000f93       data     extern C:\MCC18\src\traditional\proc\p18f25k20.asm
                 DDRBbits   0x000f93       data     extern C:\MCC18\src\traditional\proc\p18f25k20.asm
                 DDRCbits   0x000f94       data     extern C:\MCC18\src\traditional\proc\p18f25k20.asm
                    TRISC   0x000f94       data     extern C:\MCC18\src\traditional\proc\p18f25k20.asm
                TRISCbits   0x000f94       data     extern C:\MCC18\src\traditional\proc\p18f25k20.asm
                     DDRC   0x000f94       data     extern C:\MCC18\src\traditional\proc\p18f25k20.asm
              OSCTUNEbits   0x000f9b       data     extern C:\MCC18\src\traditional\proc\p18f25k20.asm
                  OSCTUNE   0x000f9b       data     extern C:\MCC18\src\traditional\proc\p18f25k20.asm
                     PIE1   0x000f9d       data     extern C:\MCC18\src\traditional\proc\p18f25k20.asm
                 PIE1bits   0x000f9d       data     extern C:\MCC18\src\traditional\proc\p18f25k20.asm
                 PIR1bits   0x000f9e       data     extern C:\MCC18\src\traditional\proc\p18f25k20.asm
                     PIR1   0x000f9e       data     extern C:\MCC18\src\traditional\proc\p18f25k20.asm
                     IPR1   0x000f9f       data     extern C:\MCC18\src\traditional\proc\p18f25k20.asm
                 IPR1bits   0x000f9f       data     extern C:\MCC18\src\traditional\proc\p18f25k20.asm
                 PIE2bits   0x000fa0       data     extern C:\MCC18\src\traditional\proc\p18f25k20.asm
                     PIE2   0x000fa0       data     extern C:\MCC18\src\traditional\proc\p18f25k20.asm
                     PIR2   0x000fa1       data     extern C:\MCC18\src\traditional\proc\p18f25k20.asm
                 PIR2bits   0x000fa1       data     extern C:\MCC18\src\traditional\proc\p18f25k20.asm
                     IPR2   0x000fa2       data     extern C:\MCC18\src\traditional\proc\p18f25k20.asm
                 IPR2bits   0x000fa2       data     extern C:\MCC18\src\traditional\proc\p18f25k20.asm
               EECON1bits   0x000fa6       data     extern C:\MCC18\src\traditional\proc\p18f25k20.asm
                   EECON1   0x000fa6       data     extern C:\MCC18\src\traditional\proc\p18f25k20.asm
                   EECON2   0x000fa7       data     extern C:\MCC18\src\traditional\proc\p18f25k20.asm
                   EEDATA   0x000fa8       data     extern C:\MCC18\src\traditional\proc\p18f25k20.asm
                    EEADR   0x000fa9       data     extern C:\MCC18\src\traditional\proc\p18f25k20.asm
                    RCSTA   0x000fab       data     extern C:\MCC18\src\traditional\proc\p18f25k20.asm
                RCSTAbits   0x000fab       data     extern C:\MCC18\src\traditional\proc\p18f25k20.asm
                    TXSTA   0x000fac       data     extern C:\MCC18\src\traditional\proc\p18f25k20.asm
                TXSTAbits   0x000fac       data     extern C:\MCC18\src\traditional\proc\p18f25k20.asm
                    TXREG   0x000fad       data     extern C:\MCC18\src\traditional\proc\p18f25k20.asm
                    RCREG   0x000fae       data     extern C:\MCC18\src\traditional\proc\p18f25k20.asm
                    SPBRG   0x000faf       data     extern C:\MCC18\src\traditional\proc\p18f25k20.asm
                   SPBRGH   0x000fb0       data     extern C:\MCC18\src\traditional\proc\p18f25k20.asm
                T3CONbits   0x000fb1       data     extern C:\MCC18\src\traditional\proc\p18f25k20.asm
                    T3CON   0x000fb1       data     extern C:\MCC18\src\traditional\proc\p18f25k20.asm
                    TMR3L   0x000fb2       data     extern C:\MCC18\src\traditional\proc\p18f25k20.asm
                    TMR3H   0x000fb3       data     extern C:\MCC18\src\traditional\proc\p18f25k20.asm
              CVRCON2bits   0x000fb4       data     extern C:\MCC18\src\traditional\proc\p18f25k20.asm
                  CVRCON2   0x000fb4       data     extern C:\MCC18\src\traditional\proc\p18f25k20.asm
                   CVRCON   0x000fb5       data     extern C:\MCC18\src\traditional\proc\p18f25k20.asm
               CVRCONbits   0x000fb5       data     extern C:\MCC18\src\traditional\proc\p18f25k20.asm
              ECCP1ASbits   0x000fb6       data     extern C:\MCC18\src\traditional\proc\p18f25k20.asm
                  ECCP1AS   0x000fb6       data     extern C:\MCC18\src\traditional\proc\p18f25k20.asm
              PWM1CONbits   0x000fb7       data     extern C:\MCC18\src\traditional\proc\p18f25k20.asm
                  PWM1CON   0x000fb7       data     extern C:\MCC18\src\traditional\proc\p18f25k20.asm
              BAUDCTLbits   0x000fb8       data     extern C:\MCC18\src\traditional\proc\p18f25k20.asm
                  BAUDCTL   0x000fb8       data     extern C:\MCC18\src\traditional\proc\p18f25k20.asm
              BAUDCONbits   0x000fb8       data     extern C:\MCC18\src\traditional\proc\p18f25k20.asm
                  BAUDCON   0x000fb8       data     extern C:\MCC18\src\traditional\proc\p18f25k20.asm
              PSTRCONbits   0x000fb9       data     extern C:\MCC18\src\traditional\proc\p18f25k20.asm
                  PSTRCON   0x000fb9       data     extern C:\MCC18\src\traditional\proc\p18f25k20.asm
                  CCP2CON   0x000fba       data     extern C:\MCC18\src\traditional\proc\p18f25k20.asm
              CCP2CONbits   0x000fba       data     extern C:\MCC18\src\traditional\proc\p18f25k20.asm
                   CCPR2L   0x000fbb       data     extern C:\MCC18\src\traditional\proc\p18f25k20.asm
                    CCPR2   0x000fbb       data     extern C:\MCC18\src\traditional\proc\p18f25k20.asm
                   CCPR2H   0x000fbc       data     extern C:\MCC18\src\traditional\proc\p18f25k20.asm
                  CCP1CON   0x000fbd       data     extern C:\MCC18\src\traditional\proc\p18f25k20.asm
              CCP1CONbits   0x000fbd       data     extern C:\MCC18\src\traditional\proc\p18f25k20.asm
                    CCPR1   0x000fbe       data     extern C:\MCC18\src\traditional\proc\p18f25k20.asm
                   CCPR1L   0x000fbe       data     extern C:\MCC18\src\traditional\proc\p18f25k20.asm
                   CCPR1H   0x000fbf       data     extern C:\MCC18\src\traditional\proc\p18f25k20.asm
                   ADCON2   0x000fc0       data     extern C:\MCC18\src\traditional\proc\p18f25k20.asm
               ADCON2bits   0x000fc0       data     extern C:\MCC18\src\traditional\proc\p18f25k20.asm
                   ADCON1   0x000fc1       data     extern C:\MCC18\src\traditional\proc\p18f25k20.asm
               ADCON1bits   0x000fc1       data     extern C:\MCC18\src\traditional\proc\p18f25k20.asm
                   ADCON0   0x000fc2       data     extern C:\MCC18\src\traditional\proc\p18f25k20.asm
               ADCON0bits   0x000fc2       data     extern C:\MCC18\src\traditional\proc\p18f25k20.asm
                    ADRES   0x000fc3       data     extern C:\MCC18\src\traditional\proc\p18f25k20.asm
                   ADRESL   0x000fc3       data     extern C:\MCC18\src\traditional\proc\p18f25k20.asm
                   ADRESH   0x000fc4       data     extern C:\MCC18\src\traditional\proc\p18f25k20.asm
              SSPCON2bits   0x000fc5       data     extern C:\MCC18\src\traditional\proc\p18f25k20.asm
                  SSPCON2   0x000fc5       data     extern C:\MCC18\src\traditional\proc\p18f25k20.asm
              SSPCON1bits   0x000fc6       data     extern C:\MCC18\src\traditional\proc\p18f25k20.asm
                  SSPCON1   0x000fc6       data     extern C:\MCC18\src\traditional\proc\p18f25k20.asm
              SSPSTATbits   0x000fc7       data     extern C:\MCC18\src\traditional\proc\p18f25k20.asm
                  SSPSTAT   0x000fc7       data     extern C:\MCC18\src\traditional\proc\p18f25k20.asm
                   SSPADD   0x000fc8       data     extern C:\MCC18\src\traditional\proc\p18f25k20.asm
                   SSPBUF   0x000fc9       data     extern C:\MCC18\src\traditional\proc\p18f25k20.asm
                T2CONbits   0x000fca       data     extern C:\MCC18\src\traditional\proc\p18f25k20.asm
                    T2CON   0x000fca       data     extern C:\MCC18\src\traditional\proc\p18f25k20.asm
                      PR2   0x000fcb       data     extern C:\MCC18\src\traditional\proc\p18f25k20.asm
                     TMR2   0x000fcc       data     extern C:\MCC18\src\traditional\proc\p18f25k20.asm
                T1CONbits   0x000fcd       data     extern C:\MCC18\src\traditional\proc\p18f25k20.asm
                    T1CON   0x000fcd       data     extern C:\MCC18\src\traditional\proc\p18f25k20.asm
                    TMR1L   0x000fce       data     extern C:\MCC18\src\traditional\proc\p18f25k20.asm
                    TMR1H   0x000fcf       data     extern C:\MCC18\src\traditional\proc\p18f25k20.asm
                     RCON   0x000fd0       data     extern C:\MCC18\src\traditional\proc\p18f25k20.asm
                 RCONbits   0x000fd0       data     extern C:\MCC18\src\traditional\proc\p18f25k20.asm
                   WDTCON   0x000fd1       data     extern C:\MCC18\src\traditional\proc\p18f25k20.asm
               WDTCONbits   0x000fd1       data     extern C:\MCC18\src\traditional\proc\p18f25k20.asm
                   LVDCON   0x000fd2       data     extern C:\MCC18\src\traditional\proc\p18f25k20.asm
               LVDCONbits   0x000fd2       data     extern C:\MCC18\src\traditional\proc\p18f25k20.asm
                  HLVDCON   0x000fd2       data     extern C:\MCC18\src\traditional\proc\p18f25k20.asm
              HLVDCONbits   0x000fd2       data     extern C:\MCC18\src\traditional\proc\p18f25k20.asm
               OSCCONbits   0x000fd3       data     extern C:\MCC18\src\traditional\proc\p18f25k20.asm
                   OSCCON   0x000fd3       data     extern C:\MCC18\src\traditional\proc\p18f25k20.asm
                T0CONbits   0x000fd5       data     extern C:\MCC18\src\traditional\proc\p18f25k20.asm
                    T0CON   0x000fd5       data     extern C:\MCC18\src\traditional\proc\p18f25k20.asm
                    TMR0L   0x000fd6       data     extern C:\MCC18\src\traditional\proc\p18f25k20.asm
                    TMR0H   0x000fd7       data     extern C:\MCC18\src\traditional\proc\p18f25k20.asm
               STATUSbits   0x000fd8       data     extern C:\MCC18\src\traditional\proc\p18f25k20.asm
                   STATUS   0x000fd8       data     extern C:\MCC18\src\traditional\proc\p18f25k20.asm
                    FSR2L   0x000fd9       data     extern C:\MCC18\src\traditional\proc\p18f25k20.asm
                     FSR2   0x000fd9       data     extern C:\MCC18\src\traditional\proc\p18f25k20.asm
                    FSR2H   0x000fda       data     extern C:\MCC18\src\traditional\proc\p18f25k20.asm
                   PLUSW2   0x000fdb       data     extern C:\MCC18\src\traditional\proc\p18f25k20.asm
                  PREINC2   0x000fdc       data     extern C:\MCC18\src\traditional\proc\p18f25k20.asm
                 POSTDEC2   0x000fdd       data     extern C:\MCC18\src\traditional\proc\p18f25k20.asm
                 POSTINC2   0x000fde       data     extern C:\MCC18\src\traditional\proc\p18f25k20.asm
                    INDF2   0x000fdf       data     extern C:\MCC18\src\traditional\proc\p18f25k20.asm
                      BSR   0x000fe0       data     extern C:\MCC18\src\traditional\proc\p18f25k20.asm
                     FSR1   0x000fe1       data     extern C:\MCC18\src\traditional\proc\p18f25k20.asm
                    FSR1L   0x000fe1       data     extern C:\MCC18\src\traditional\proc\p18f25k20.asm
                    FSR1H   0x000fe2       data     extern C:\MCC18\src\traditional\proc\p18f25k20.asm
                   PLUSW1   0x000fe3       data     extern C:\MCC18\src\traditional\proc\p18f25k20.asm
                  PREINC1   0x000fe4       data     extern C:\MCC18\src\traditional\proc\p18f25k20.asm
                 POSTDEC1   0x000fe5       data     extern C:\MCC18\src\traditional\proc\p18f25k20.asm
                 POSTINC1   0x000fe6       data     extern C:\MCC18\src\traditional\proc\p18f25k20.asm
                    INDF1   0x000fe7       data     extern C:\MCC18\src\traditional\proc\p18f25k20.asm
                     WREG   0x000fe8       data     extern C:\MCC18\src\traditional\proc\p18f25k20.asm
                        W   0x000fe8       data     extern C:\MCC18\src\traditional\proc\p18f25k20.asm
                    FSR0L   0x000fe9       data     extern C:\MCC18\src\traditional\proc\p18f25k20.asm
                     FSR0   0x000fe9       data     extern C:\MCC18\src\traditional\proc\p18f25k20.asm
                    FSR0H   0x000fea       data     extern C:\MCC18\src\traditional\proc\p18f25k20.asm
                   PLUSW0   0x000feb       data     extern C:\MCC18\src\traditional\proc\p18f25k20.asm
                  PREINC0   0x000fec       data     extern C:\MCC18\src\traditional\proc\p18f25k20.asm
                 POSTDEC0   0x000fed       data     extern C:\MCC18\src\traditional\proc\p18f25k20.asm
                 POSTINC0   0x000fee       data     extern C:\MCC18\src\traditional\proc\p18f25k20.asm
                    INDF0   0x000fef       data     extern C:\MCC18\src\traditional\proc\p18f25k20.asm
              INTCON3bits   0x000ff0       data     extern C:\MCC18\src\traditional\proc\p18f25k20.asm
                  INTCON3   0x000ff0       data     extern C:\MCC18\src\traditional\proc\p18f25k20.asm
                  INTCON2   0x000ff1       data     extern C:\MCC18\src\traditional\proc\p18f25k20.asm
              INTCON2bits   0x000ff1       data     extern C:\MCC18\src\traditional\proc\p18f25k20.asm
                   INTCON   0x000ff2       data     extern C:\MCC18\src\traditional\proc\p18f25k20.asm
               INTCONbits   0x000ff2       data     extern C:\MCC18\src\traditional\proc\p18f25k20.asm
                    PRODL   0x000ff3       data     extern C:\MCC18\src\traditional\proc\p18f25k20.asm
                     PROD   0x000ff3       data     extern C:\MCC18\src\traditional\proc\p18f25k20.asm
                    PRODH   0x000ff4       data     extern C:\MCC18\src\traditional\proc\p18f25k20.asm
                   TABLAT   0x000ff5       data     extern C:\MCC18\src\traditional\proc\p18f25k20.asm
                   TBLPTR   0x000ff6       data     extern C:\MCC18\src\traditional\proc\p18f25k20.asm
                  TBLPTRL   0x000ff6       data     extern C:\MCC18\src\traditional\proc\p18f25k20.asm
                  TBLPTRH   0x000ff7       data     extern C:\MCC18\src\traditional\proc\p18f25k20.asm
                  TBLPTRU   0x000ff8       data     extern C:\MCC18\src\traditional\proc\p18f25k20.asm
                      PCL   0x000ff9       data     extern C:\MCC18\src\traditional\proc\p18f25k20.asm
                       PC   0x000ff9       data     extern C:\MCC18\src\traditional\proc\p18f25k20.asm
                   PCLATH   0x000ffa       data     extern C:\MCC18\src\traditional\proc\p18f25k20.asm
                   PCLATU   0x000ffb       data     extern C:\MCC18\src\traditional\proc\p18f25k20.asm
                   STKPTR   0x000ffc       data     extern C:\MCC18\src\traditional\proc\p18f25k20.asm
               STKPTRbits   0x000ffc       data     extern C:\MCC18\src\traditional\proc\p18f25k20.asm
                     TOSL   0x000ffd       data     extern C:\MCC18\src\traditional\proc\p18f25k20.asm
                      TOS   0x000ffd       data     extern C:\MCC18\src\traditional\proc\p18f25k20.asm
                     TOSH   0x000ffe       data     extern C:\MCC18\src\traditional\proc\p18f25k20.asm
                     TOSU   0x000fff       data     extern C:\MCC18\src\traditional\proc\p18f25k20.asm


